Component: ARM Compiler 5.05 update 2 (build 169) Tool: armlink [4d0f33]

==============================================================================

Section Cross References

    startup_w7500x.o(STACK) refers (Special) to heapauxi.o(.text) for __use_two_region_memory
    startup_w7500x.o(HEAP) refers (Special) to heapauxi.o(.text) for __use_two_region_memory
    startup_w7500x.o(RESET) refers (Special) to heapauxi.o(.text) for __use_two_region_memory
    startup_w7500x.o(RESET) refers to startup_w7500x.o(STACK) for __initial_sp
    startup_w7500x.o(RESET) refers to startup_w7500x.o(.text) for Reset_Handler
    startup_w7500x.o(RESET) refers to w7500x_it.o(.text) for NMI_Handler
    startup_w7500x.o(.text) refers (Special) to heapauxi.o(.text) for __use_two_region_memory
    startup_w7500x.o(.text) refers to system_w7500x.o(.text) for SystemInit
    startup_w7500x.o(.text) refers to __main.o(!!!main) for __main
    startup_w7500x.o(.text) refers to startup_w7500x.o(HEAP) for Heap_Mem
    startup_w7500x.o(.text) refers to startup_w7500x.o(STACK) for Stack_Mem
    system_w7500x.o(.text) refers to aeabi_sdiv.o(.text) for __aeabi_uidivmod
    system_w7500x.o(.text) refers to system_w7500x.o(.data) for SystemFrequency
    w7500x_uart.o(.text) refers to aeabi_sdiv.o(.text) for __aeabi_uidivmod
    w7500x_uart.o(.text) refers to fflti.o(.text) for __aeabi_ui2f
    w7500x_uart.o(.text) refers to fdiv.o(.text) for __aeabi_fdiv
    w7500x_uart.o(.text) refers to ffixui.o(.text) for __aeabi_f2uiz
    w7500x_uart.o(.text) refers to faddsub.o(x$fpl$frsb) for __aeabi_frsub
    w7500x_uart.o(.text) refers to fmul.o(x$fpl$fmul) for __aeabi_fmul
    w7500x_uart.o(.text) refers to f2d.o(.text) for __aeabi_f2d
    w7500x_uart.o(.text) refers to daddsub.o(.text) for __aeabi_dadd
    w7500x_uart.o(.text) refers to dfixui.o(.text) for __aeabi_d2uiz
    w7500x_uart.o(.text) refers to system_w7500x.o(.text) for GetSystemClock
    main.o(.text) refers to _printf_percent.o(.ARM.Collect$$_printf_percent$$00000000) for _printf_percent
    main.o(.text) refers to _printf_s.o(.ARM.Collect$$_printf_percent$$00000014) for _printf_s
    main.o(.text) refers to _printf_str.o(.text) for _printf_str
    main.o(.text) refers to wizfi250handler.o(.text) for send_and_check_command
    main.o(.text) refers to noretval__2printf.o(.text) for __2printf
    main.o(.text) refers to noretval__2sprintf.o(.text) for __2sprintf
    main.o(.text) refers to w7500x_uart.o(.text) for UartPutc
    main.o(.text) refers to system_w7500x.o(.text) for SystemInit
    main.o(.text) refers to w7500x_gpio.o(.text) for GPIO_Init
    main.o(.text) refers to main.o(.bss) for UART_InitStructure
    main.o(.text) refers to main.o(.data) for GPIO_InitDef
    retarget.o(.rev16_text) refers (Special) to use_no_semi.o(.text) for __use_no_semihosting_swi
    retarget.o(.revsh_text) refers (Special) to use_no_semi.o(.text) for __use_no_semihosting_swi
    retarget.o(.text) refers (Special) to use_no_semi.o(.text) for __use_no_semihosting_swi
    retarget.o(.text) refers to w7500x_uart.o(.text) for UartPutc
    retarget.o(.data) refers (Special) to use_no_semi.o(.text) for __use_no_semihosting_swi
    w7500x_it.o(.text) refers to w7500x_uart.o(.text) for UART_GetITStatus
    w7500x_it.o(.text) refers to w7500x_it.o(.data) for u0rx_wr
    w7500x_it.o(.text) refers to w7500x_it.o(.bss) for u0rx_buf
    wizfi250handler.o(.text) refers to _printf_percent.o(.ARM.Collect$$_printf_percent$$00000000) for _printf_percent
    wizfi250handler.o(.text) refers to _printf_s.o(.ARM.Collect$$_printf_percent$$00000014) for _printf_s
    wizfi250handler.o(.text) refers to _printf_str.o(.text) for _printf_str
    wizfi250handler.o(.text) refers to w7500x_uart.o(.text) for UartPuts
    wizfi250handler.o(.text) refers to strcpy.o(.text) for strcpy
    wizfi250handler.o(.text) refers to noretval__2printf.o(.text) for __2printf
    wizfi250handler.o(.text) refers to strstr.o(.text) for strstr
    wizfi250handler.o(.text) refers to w7500x_gpio.o(.text) for GPIO_SetBits
    wizfi250handler.o(.text) refers to w7500x_it.o(.data) for u0rx_rd
    wizfi250handler.o(.text) refers to w7500x_it.o(.bss) for u0rx_buf
    wizfi250handler.o(.text) refers to wizfi250handler.o(.data) for g_resp_data_len
    wizfi250handler.o(.text) refers to wizfi250handler.o(.bss) for g_wizfi250_resp_buff
    __2printf.o(.text) refers to _printf_char_file.o(.text) for _printf_char_file
    __2printf.o(.text) refers to retarget.o(.data) for __stdout
    __2sprintf.o(.text) refers to _printf_char_common.o(.text) for _printf_char_common
    __2sprintf.o(.text) refers to _sputc.o(.text) for _sputc
    noretval__2printf.o(.text) refers to _printf_char_file.o(.text) for _printf_char_file
    noretval__2printf.o(.text) refers to retarget.o(.data) for __stdout
    noretval__2sprintf.o(.text) refers to _printf_char_common.o(.text) for _printf_char_common
    noretval__2sprintf.o(.text) refers to _sputc.o(.text) for _sputc
    __printf.o(.text) refers to _printf_percent.o(.ARM.Collect$$_printf_percent$$00000000) for _printf_percent
    _printf_str.o(.text) refers (Special) to _printf_char.o(.text) for _printf_cs_common
    __printf_flags.o(.text) refers to _printf_percent.o(.ARM.Collect$$_printf_percent$$00000000) for _printf_percent
    __printf_flags.o(.text) refers to __printf_flags.o(.constdata) for .constdata
    __printf_ss.o(.text) refers to _printf_percent.o(.ARM.Collect$$_printf_percent$$00000000) for _printf_percent
    __printf_flags_ss.o(.text) refers to _printf_percent.o(.ARM.Collect$$_printf_percent$$00000000) for _printf_percent
    __printf_flags_ss.o(.text) refers to __printf_flags_ss.o(.constdata) for .constdata
    __printf_wp.o(.text) refers to __printf_wp.o(i._is_digit) for _is_digit
    __printf_wp.o(.text) refers to _printf_percent.o(.ARM.Collect$$_printf_percent$$00000000) for _printf_percent
    __printf_flags_wp.o(.text) refers to __printf_wp.o(i._is_digit) for _is_digit
    __printf_flags_wp.o(.text) refers to _printf_percent.o(.ARM.Collect$$_printf_percent$$00000000) for _printf_percent
    __printf_flags_wp.o(.text) refers to __printf_flags_wp.o(.constdata) for .constdata
    __printf_ss_wp.o(.text) refers to __printf_wp.o(i._is_digit) for _is_digit
    __printf_ss_wp.o(.text) refers to _printf_percent.o(.ARM.Collect$$_printf_percent$$00000000) for _printf_percent
    __printf_flags_ss_wp.o(.text) refers to __printf_wp.o(i._is_digit) for _is_digit
    __printf_flags_ss_wp.o(.text) refers to _printf_percent.o(.ARM.Collect$$_printf_percent$$00000000) for _printf_percent
    __printf_flags_ss_wp.o(.text) refers to __printf_flags_ss_wp.o(.constdata) for .constdata
    _printf_s.o(.ARM.Collect$$_printf_percent$$00000014) refers (Weak) to _printf_char.o(.text) for _printf_string
    _printf_percent.o(.ARM.Collect$$_printf_percent$$00000000) refers (Special) to _printf_percent_end.o(.ARM.Collect$$_printf_percent$$00000017) for _printf_percent_end
    __main.o(!!!main) refers to __rtentry.o(.ARM.Collect$$rtentry$$00000000) for __rt_entry
    daddsub.o(.text) refers (Special) to usenofp.o(x$fpl$usenofp) for __I$use$fp
    dfixui.o(.text) refers (Special) to usenofp.o(x$fpl$usenofp) for __I$use$fp
    f2d.o(.text) refers (Special) to usenofp.o(x$fpl$usenofp) for __I$use$fp
    faddsub.o(x$fpl$fadd) refers (Special) to usenofp.o(x$fpl$usenofp) for __I$use$fp
    faddsub.o(x$fpl$fadd) refers to faddsub.o(x$fpl$fsub) for _fsub1
    faddsub.o(x$fpl$frsb) refers (Special) to usenofp.o(x$fpl$usenofp) for __I$use$fp
    faddsub.o(x$fpl$frsb) refers to faddsub.o(x$fpl$fsub) for _fsub1
    faddsub.o(x$fpl$frsb) refers to faddsub.o(x$fpl$fadd) for _fadd1
    faddsub.o(x$fpl$fsub) refers (Special) to usenofp.o(x$fpl$usenofp) for __I$use$fp
    faddsub.o(x$fpl$fsub) refers to faddsub.o(x$fpl$fadd) for _fadd1
    fdiv.o(.text) refers (Special) to usenofp.o(x$fpl$usenofp) for __I$use$fp
    fdiv.o(.text) refers to fdiv.o(.constdata) for .constdata
    fdiv.o(.constdata) refers (Special) to usenofp.o(x$fpl$usenofp) for __I$use$fp
    ffixui.o(.text) refers (Special) to usenofp.o(x$fpl$usenofp) for __I$use$fp
    fflti.o(.text) refers (Special) to usenofp.o(x$fpl$usenofp) for __I$use$fp
    fmul.o(x$fpl$fmul) refers (Special) to usenofp.o(x$fpl$usenofp) for __I$use$fp
    __rtentry.o(.ARM.Collect$$rtentry$$00000000) refers (Special) to __rtentry2.o(.ARM.Collect$$rtentry$$0000000A) for __rt_entry_li
    __rtentry.o(.ARM.Collect$$rtentry$$00000000) refers (Special) to __rtentry2.o(.ARM.Collect$$rtentry$$0000000D) for __rt_entry_main
    __rtentry.o(.ARM.Collect$$rtentry$$00000000) refers (Special) to __rtentry2.o(.ARM.Collect$$rtentry$$0000000C) for __rt_entry_postli_1
    __rtentry.o(.ARM.Collect$$rtentry$$00000000) refers (Special) to __rtentry2.o(.ARM.Collect$$rtentry$$00000009) for __rt_entry_postsh_1
    __rtentry.o(.ARM.Collect$$rtentry$$00000000) refers (Special) to __rtentry2.o(.ARM.Collect$$rtentry$$00000002) for __rt_entry_presh_1
    __rtentry.o(.ARM.Collect$$rtentry$$00000000) refers (Special) to __rtentry4.o(.ARM.Collect$$rtentry$$00000004) for __rt_entry_sh
    aeabi_idiv0_sigfpe.o(.text) refers to rt_div0.o(.text) for __rt_div0
    _printf_char_common.o(.text) refers to __printf.o(.text) for __printf
    _printf_char.o(.text) refers (Weak) to _printf_str.o(.text) for _printf_str
    _printf_char_file.o(.text) refers to _printf_char_common.o(.text) for _printf_char_common
    _printf_char_file.o(.text) refers to retarget.o(.text) for ferror
    __rtentry2.o(.ARM.Collect$$rtentry$$00000008) refers to boardinit2.o(.text) for _platform_post_stackheap_init
    __rtentry2.o(.ARM.Collect$$rtentry$$0000000A) refers to libinit.o(.ARM.Collect$$libinit$$00000000) for __rt_lib_init
    __rtentry2.o(.ARM.Collect$$rtentry$$0000000B) refers to boardinit3.o(.text) for _platform_post_lib_init
    __rtentry2.o(.ARM.Collect$$rtentry$$0000000D) refers to main.o(.text) for main
    __rtentry2.o(.ARM.Collect$$rtentry$$0000000D) refers to exit.o(.text) for exit
    __rtentry2.o(.ARM.exidx) refers to __rtentry2.o(.ARM.Collect$$rtentry$$00000001) for .ARM.Collect$$rtentry$$00000001
    __rtentry2.o(.ARM.exidx) refers to __rtentry2.o(.ARM.Collect$$rtentry$$00000008) for .ARM.Collect$$rtentry$$00000008
    __rtentry2.o(.ARM.exidx) refers to __rtentry2.o(.ARM.Collect$$rtentry$$0000000A) for .ARM.Collect$$rtentry$$0000000A
    __rtentry2.o(.ARM.exidx) refers to __rtentry2.o(.ARM.Collect$$rtentry$$0000000B) for .ARM.Collect$$rtentry$$0000000B
    __rtentry2.o(.ARM.exidx) refers to __rtentry2.o(.ARM.Collect$$rtentry$$0000000D) for .ARM.Collect$$rtentry$$0000000D
    __rtentry4.o(.ARM.Collect$$rtentry$$00000004) refers to sys_stackheap_outer.o(.text) for __user_setup_stackheap
    __rtentry4.o(.ARM.exidx) refers to __rtentry4.o(.ARM.Collect$$rtentry$$00000004) for .ARM.Collect$$rtentry$$00000004
    rt_div0.o(.text) refers to defsig_fpe_outer.o(.text) for __rt_SIGFPE
    sys_stackheap_outer.o(.text) refers to libspace.o(.text) for __user_perproc_libspace
    sys_stackheap_outer.o(.text) refers to startup_w7500x.o(.text) for __user_initial_stackheap
    sys_stackheap_outer.o(__vectab_stack_and_reset_area) refers to tempstk.o(.text) for __temporary_stack_top
    sys_stackheap_outer.o(__vectab_stack_and_reset_area) refers to __main.o(!!!main) for __main
    exit.o(.text) refers to rtexit.o(.ARM.Collect$$rtexit$$00000000) for __rt_exit
    defsig_fpe_outer.o(.text) refers to defsig_fpe_inner.o(.text) for __rt_SIGFPE_inner
    defsig_fpe_outer.o(.text) refers to defsig_exit.o(.text) for __sig_exit
    defsig_fpe_formal.o(.text) refers to rt_raise.o(.text) for __rt_raise
    libinit.o(.ARM.Collect$$libinit$$00000000) refers (Special) to libinit2.o(.ARM.Collect$$libinit$$0000002E) for __rt_lib_init_alloca_1
    libinit.o(.ARM.Collect$$libinit$$00000000) refers (Special) to libinit2.o(.ARM.Collect$$libinit$$0000002C) for __rt_lib_init_argv_1
    libinit.o(.ARM.Collect$$libinit$$00000000) refers (Special) to libinit2.o(.ARM.Collect$$libinit$$0000001B) for __rt_lib_init_atexit_1
    libinit.o(.ARM.Collect$$libinit$$00000000) refers (Special) to libinit2.o(.ARM.Collect$$libinit$$00000021) for __rt_lib_init_clock_1
    libinit.o(.ARM.Collect$$libinit$$00000000) refers (Special) to libinit2.o(.ARM.Collect$$libinit$$00000032) for __rt_lib_init_cpp_1
    libinit.o(.ARM.Collect$$libinit$$00000000) refers (Special) to libinit2.o(.ARM.Collect$$libinit$$00000030) for __rt_lib_init_exceptions_1
    libinit.o(.ARM.Collect$$libinit$$00000000) refers (Special) to libinit2.o(.ARM.Collect$$libinit$$00000002) for __rt_lib_init_fp_1
    libinit.o(.ARM.Collect$$libinit$$00000000) refers (Special) to libinit2.o(.ARM.Collect$$libinit$$0000001F) for __rt_lib_init_fp_trap_1
    libinit.o(.ARM.Collect$$libinit$$00000000) refers (Special) to libinit2.o(.ARM.Collect$$libinit$$00000023) for __rt_lib_init_getenv_1
    libinit.o(.ARM.Collect$$libinit$$00000000) refers (Special) to libinit2.o(.ARM.Collect$$libinit$$0000000A) for __rt_lib_init_heap_1
    libinit.o(.ARM.Collect$$libinit$$00000000) refers (Special) to libinit2.o(.ARM.Collect$$libinit$$00000011) for __rt_lib_init_lc_collate_1
    libinit.o(.ARM.Collect$$libinit$$00000000) refers (Special) to libinit2.o(.ARM.Collect$$libinit$$00000013) for __rt_lib_init_lc_ctype_1
    libinit.o(.ARM.Collect$$libinit$$00000000) refers (Special) to libinit2.o(.ARM.Collect$$libinit$$00000015) for __rt_lib_init_lc_monetary_1
    libinit.o(.ARM.Collect$$libinit$$00000000) refers (Special) to libinit2.o(.ARM.Collect$$libinit$$00000017) for __rt_lib_init_lc_numeric_1
    libinit.o(.ARM.Collect$$libinit$$00000000) refers (Special) to libinit2.o(.ARM.Collect$$libinit$$00000019) for __rt_lib_init_lc_time_1
    libinit.o(.ARM.Collect$$libinit$$00000000) refers (Special) to libinit2.o(.ARM.Collect$$libinit$$00000004) for __rt_lib_init_preinit_1
    libinit.o(.ARM.Collect$$libinit$$00000000) refers (Special) to libinit2.o(.ARM.Collect$$libinit$$0000000E) for __rt_lib_init_rand_1
    libinit.o(.ARM.Collect$$libinit$$00000000) refers (Special) to libinit2.o(.ARM.Collect$$libinit$$00000033) for __rt_lib_init_return
    libinit.o(.ARM.Collect$$libinit$$00000000) refers (Special) to libinit2.o(.ARM.Collect$$libinit$$0000001D) for __rt_lib_init_signal_1
    libinit.o(.ARM.Collect$$libinit$$00000000) refers (Special) to libinit2.o(.ARM.Collect$$libinit$$00000025) for __rt_lib_init_stdio_1
    libinit.o(.ARM.Collect$$libinit$$00000000) refers (Special) to libinit2.o(.ARM.Collect$$libinit$$0000000C) for __rt_lib_init_user_alloc_1
    libspace.o(.text) refers to libspace.o(.bss) for __libspace_start
    rtexit.o(.ARM.Collect$$rtexit$$00000000) refers (Special) to rtexit2.o(.ARM.Collect$$rtexit$$00000004) for __rt_exit_exit
    rtexit.o(.ARM.Collect$$rtexit$$00000000) refers (Special) to rtexit2.o(.ARM.Collect$$rtexit$$00000003) for __rt_exit_ls
    rtexit.o(.ARM.Collect$$rtexit$$00000000) refers (Special) to rtexit2.o(.ARM.Collect$$rtexit$$00000002) for __rt_exit_prels_1
    rtexit.o(.ARM.exidx) refers (Special) to rtexit2.o(.ARM.Collect$$rtexit$$00000004) for __rt_exit_exit
    rtexit.o(.ARM.exidx) refers (Special) to rtexit2.o(.ARM.Collect$$rtexit$$00000003) for __rt_exit_ls
    rtexit.o(.ARM.exidx) refers (Special) to rtexit2.o(.ARM.Collect$$rtexit$$00000002) for __rt_exit_prels_1
    rtexit.o(.ARM.exidx) refers to rtexit.o(.ARM.Collect$$rtexit$$00000000) for .ARM.Collect$$rtexit$$00000000
    rt_raise.o(.text) refers to __raise.o(.text) for __raise
    rt_raise.o(.text) refers to retarget.o(.text) for _sys_exit
    defsig_exit.o(.text) refers to retarget.o(.text) for _sys_exit
    defsig_fpe_inner.o(.text) refers to defsig_general.o(.text) for __default_signal_display
    libinit2.o(.ARM.Collect$$libinit$$00000010) refers to libinit2.o(.ARM.Collect$$libinit$$0000000F) for .ARM.Collect$$libinit$$0000000F
    libinit2.o(.ARM.Collect$$libinit$$00000012) refers to libinit2.o(.ARM.Collect$$libinit$$0000000F) for .ARM.Collect$$libinit$$0000000F
    libinit2.o(.ARM.Collect$$libinit$$00000014) refers to libinit2.o(.ARM.Collect$$libinit$$0000000F) for .ARM.Collect$$libinit$$0000000F
    libinit2.o(.ARM.Collect$$libinit$$00000016) refers to libinit2.o(.ARM.Collect$$libinit$$0000000F) for .ARM.Collect$$libinit$$0000000F
    libinit2.o(.ARM.Collect$$libinit$$00000018) refers to libinit2.o(.ARM.Collect$$libinit$$0000000F) for .ARM.Collect$$libinit$$0000000F
    libinit2.o(.ARM.Collect$$libinit$$00000026) refers to argv_veneer.o(.text) for __ARM_argv_veneer
    libinit2.o(.ARM.Collect$$libinit$$00000027) refers to argv_veneer.o(.text) for __ARM_argv_veneer
    rtexit2.o(.ARM.Collect$$rtexit$$00000003) refers to libshutdown.o(.ARM.Collect$$libshutdown$$00000000) for __rt_lib_shutdown
    rtexit2.o(.ARM.Collect$$rtexit$$00000004) refers to retarget.o(.text) for _sys_exit
    rtexit2.o(.ARM.exidx) refers to rtexit2.o(.ARM.Collect$$rtexit$$00000001) for .ARM.Collect$$rtexit$$00000001
    rtexit2.o(.ARM.exidx) refers to rtexit2.o(.ARM.Collect$$rtexit$$00000003) for .ARM.Collect$$rtexit$$00000003
    rtexit2.o(.ARM.exidx) refers to rtexit2.o(.ARM.Collect$$rtexit$$00000004) for .ARM.Collect$$rtexit$$00000004
    __raise.o(.text) refers to defsig.o(CL$$defsig) for __default_signal_handler
    defsig_general.o(.text) refers to retarget.o(.text) for _ttywrch
    defsig.o(CL$$defsig) refers to defsig_fpe_inner.o(.text) for __rt_SIGFPE_inner
    defsig.o(CL$$defsig) refers to defsig_rtmem_inner.o(.text) for __rt_SIGRTMEM_inner
    _get_argv_nomalloc.o(.text) refers (Special) to hrguard.o(.text) for __heap_region$guard
    _get_argv_nomalloc.o(.text) refers to defsig_rtmem_outer.o(.text) for __rt_SIGRTMEM
    _get_argv_nomalloc.o(.text) refers to sys_command.o(.text) for _sys_command_string
    libshutdown.o(.ARM.Collect$$libshutdown$$00000000) refers (Special) to libshutdown2.o(.ARM.Collect$$libshutdown$$00000006) for __rt_lib_shutdown_fp_trap_1
    libshutdown.o(.ARM.Collect$$libshutdown$$00000000) refers (Special) to libshutdown2.o(.ARM.Collect$$libshutdown$$0000000E) for __rt_lib_shutdown_heap_1
    libshutdown.o(.ARM.Collect$$libshutdown$$00000000) refers (Special) to libshutdown2.o(.ARM.Collect$$libshutdown$$0000000F) for __rt_lib_shutdown_return
    libshutdown.o(.ARM.Collect$$libshutdown$$00000000) refers (Special) to libshutdown2.o(.ARM.Collect$$libshutdown$$00000009) for __rt_lib_shutdown_signal_1
    libshutdown.o(.ARM.Collect$$libshutdown$$00000000) refers (Special) to libshutdown2.o(.ARM.Collect$$libshutdown$$00000003) for __rt_lib_shutdown_stdio_1
    libshutdown.o(.ARM.Collect$$libshutdown$$00000000) refers (Special) to libshutdown2.o(.ARM.Collect$$libshutdown$$0000000B) for __rt_lib_shutdown_user_alloc_1
    sys_command.o(.text) refers (Special) to use_no_semi.o(.text) for __I$use$semihosting
    sys_command.o(.text) refers (Special) to indicate_semi.o(.text) for __semihosting_library_function
    defsig_abrt_inner.o(.text) refers to defsig_general.o(.text) for __default_signal_display
    defsig_rtred_inner.o(.text) refers to defsig_general.o(.text) for __default_signal_display
    defsig_rtmem_inner.o(.text) refers to defsig_general.o(.text) for __default_signal_display
    defsig_rtmem_outer.o(.text) refers to defsig_rtmem_inner.o(.text) for __rt_SIGRTMEM_inner
    defsig_rtmem_outer.o(.text) refers to defsig_exit.o(.text) for __sig_exit
    defsig_rtmem_formal.o(.text) refers to rt_raise.o(.text) for __rt_raise
    defsig_stak_inner.o(.text) refers to defsig_general.o(.text) for __default_signal_display
    defsig_pvfn_inner.o(.text) refers to defsig_general.o(.text) for __default_signal_display
    defsig_cppl_inner.o(.text) refers to defsig_general.o(.text) for __default_signal_display
    defsig_segv_inner.o(.text) refers to defsig_general.o(.text) for __default_signal_display
    defsig_other.o(.text) refers to defsig_general.o(.text) for __default_signal_display


==============================================================================

Removing Unused input sections from the image.

    Removing system_w7500x.o(.rev16_text), (4 bytes).
    Removing system_w7500x.o(.revsh_text), (4 bytes).
    Removing w7500x_gpio.o(.rev16_text), (4 bytes).
    Removing w7500x_gpio.o(.revsh_text), (4 bytes).
    Removing w7500x_uart.o(.rev16_text), (4 bytes).
    Removing w7500x_uart.o(.revsh_text), (4 bytes).
    Removing main.o(.rev16_text), (4 bytes).
    Removing main.o(.revsh_text), (4 bytes).
    Removing retarget.o(.rev16_text), (4 bytes).
    Removing retarget.o(.revsh_text), (4 bytes).
    Removing w7500x_it.o(.rev16_text), (4 bytes).
    Removing w7500x_it.o(.revsh_text), (4 bytes).
    Removing wizfi250handler.o(.rev16_text), (4 bytes).
    Removing wizfi250handler.o(.revsh_text), (4 bytes).

14 unused section(s) (total 56 bytes) removed from the image.

==============================================================================

Image Symbol Table

    Local Symbols

    Symbol Name                              Value     Ov Type        Size  Object(Section)

    RESET                                    0x00000000   Section      168  startup_w7500x.o(RESET)
    ../clib/angel/boardlib.s                 0x00000000   Number         0  boardinit1.o ABSOLUTE
    ../clib/angel/boardlib.s                 0x00000000   Number         0  boardshut.o ABSOLUTE
    ../clib/angel/boardlib.s                 0x00000000   Number         0  boardinit2.o ABSOLUTE
    ../clib/angel/boardlib.s                 0x00000000   Number         0  boardinit3.o ABSOLUTE
    ../clib/angel/handlers.s                 0x00000000   Number         0  __scatter_zi.o ABSOLUTE
    ../clib/angel/handlers.s                 0x00000000   Number         0  __scatter_copy.o ABSOLUTE
    ../clib/angel/kernel.s                   0x00000000   Number         0  rtexit.o ABSOLUTE
    ../clib/angel/kernel.s                   0x00000000   Number         0  rtexit2.o ABSOLUTE
    ../clib/angel/kernel.s                   0x00000000   Number         0  __rtentry4.o ABSOLUTE
    ../clib/angel/kernel.s                   0x00000000   Number         0  __rtentry.o ABSOLUTE
    ../clib/angel/kernel.s                   0x00000000   Number         0  __rtentry2.o ABSOLUTE
    ../clib/angel/rt.s                       0x00000000   Number         0  rt_raise.o ABSOLUTE
    ../clib/angel/rt.s                       0x00000000   Number         0  aeabi_idiv0_sigfpe.o ABSOLUTE
    ../clib/angel/rt.s                       0x00000000   Number         0  aeabi_idiv0.o ABSOLUTE
    ../clib/angel/rt.s                       0x00000000   Number         0  rt_div0.o ABSOLUTE
    ../clib/angel/scatterp.s                 0x00000000   Number         0  __scatter.o ABSOLUTE
    ../clib/angel/startup.s                  0x00000000   Number         0  __main.o ABSOLUTE
    ../clib/angel/sys.s                      0x00000000   Number         0  sys_stackheap_outer.o ABSOLUTE
    ../clib/angel/sys.s                      0x00000000   Number         0  tempstk.o ABSOLUTE
    ../clib/angel/sys.s                      0x00000000   Number         0  libspace.o ABSOLUTE
    ../clib/angel/sys.s                      0x00000000   Number         0  use_no_semi.o ABSOLUTE
    ../clib/angel/sys.s                      0x00000000   Number         0  indicate_semi.o ABSOLUTE
    ../clib/angel/sysapp.c                   0x00000000   Number         0  sys_command.o ABSOLUTE
    ../clib/armsys.c                         0x00000000   Number         0  argv_veneer.o ABSOLUTE
    ../clib/armsys.c                         0x00000000   Number         0  no_argv.o ABSOLUTE
    ../clib/armsys.c                         0x00000000   Number         0  _get_argv_nomalloc.o ABSOLUTE
    ../clib/division.s                       0x00000000   Number         0  aeabi_sdiv_div0.o ABSOLUTE
    ../clib/division.s                       0x00000000   Number         0  aeabi_sdiv.o ABSOLUTE
    ../clib/heapalloc.c                      0x00000000   Number         0  hrguard.o ABSOLUTE
    ../clib/heapaux.c                        0x00000000   Number         0  heapauxi.o ABSOLUTE
    ../clib/libinit.s                        0x00000000   Number         0  libinit.o ABSOLUTE
    ../clib/libinit.s                        0x00000000   Number         0  libinit2.o ABSOLUTE
    ../clib/libinit.s                        0x00000000   Number         0  libshutdown2.o ABSOLUTE
    ../clib/libinit.s                        0x00000000   Number         0  libshutdown.o ABSOLUTE
    ../clib/printf.c                         0x00000000   Number         0  __printf_ss_wp.o ABSOLUTE
    ../clib/printf.c                         0x00000000   Number         0  __printf_flags_wp.o ABSOLUTE
    ../clib/printf.c                         0x00000000   Number         0  __printf_wp.o ABSOLUTE
    ../clib/printf.c                         0x00000000   Number         0  __printf_flags_ss.o ABSOLUTE
    ../clib/printf.c                         0x00000000   Number         0  _printf_str.o ABSOLUTE
    ../clib/printf.c                         0x00000000   Number         0  __2printf.o ABSOLUTE
    ../clib/printf.c                         0x00000000   Number         0  __2sprintf.o ABSOLUTE
    ../clib/printf.c                         0x00000000   Number         0  noretval__2printf.o ABSOLUTE
    ../clib/printf.c                         0x00000000   Number         0  noretval__2sprintf.o ABSOLUTE
    ../clib/printf.c                         0x00000000   Number         0  __printf.o ABSOLUTE
    ../clib/printf.c                         0x00000000   Number         0  __printf_ss.o ABSOLUTE
    ../clib/printf.c                         0x00000000   Number         0  __printf_nopercent.o ABSOLUTE
    ../clib/printf.c                         0x00000000   Number         0  __printf_flags.o ABSOLUTE
    ../clib/printf.c                         0x00000000   Number         0  _printf_char_file.o ABSOLUTE
    ../clib/printf.c                         0x00000000   Number         0  _printf_char.o ABSOLUTE
    ../clib/printf.c                         0x00000000   Number         0  _sputc.o ABSOLUTE
    ../clib/printf.c                         0x00000000   Number         0  __printf_flags_ss_wp.o ABSOLUTE
    ../clib/printf.c                         0x00000000   Number         0  _printf_char_common.o ABSOLUTE
    ../clib/printf_percent.s                 0x00000000   Number         0  _printf_percent.o ABSOLUTE
    ../clib/printf_percent.s                 0x00000000   Number         0  _printf_s.o ABSOLUTE
    ../clib/printf_percent.s                 0x00000000   Number         0  _printf_percent_end.o ABSOLUTE
    ../clib/signal.c                         0x00000000   Number         0  defsig_rtmem_inner.o ABSOLUTE
    ../clib/signal.c                         0x00000000   Number         0  defsig_rtmem_outer.o ABSOLUTE
    ../clib/signal.c                         0x00000000   Number         0  defsig_rtmem_formal.o ABSOLUTE
    ../clib/signal.c                         0x00000000   Number         0  defsig_exit.o ABSOLUTE
    ../clib/signal.c                         0x00000000   Number         0  defsig_stak_inner.o ABSOLUTE
    ../clib/signal.c                         0x00000000   Number         0  defsig_fpe_formal.o ABSOLUTE
    ../clib/signal.c                         0x00000000   Number         0  defsig_fpe_outer.o ABSOLUTE
    ../clib/signal.c                         0x00000000   Number         0  defsig_pvfn_inner.o ABSOLUTE
    ../clib/signal.c                         0x00000000   Number         0  defsig_general.o ABSOLUTE
    ../clib/signal.c                         0x00000000   Number         0  defsig_cppl_inner.o ABSOLUTE
    ../clib/signal.c                         0x00000000   Number         0  defsig_fpe_inner.o ABSOLUTE
    ../clib/signal.c                         0x00000000   Number         0  defsig_segv_inner.o ABSOLUTE
    ../clib/signal.c                         0x00000000   Number         0  __raise.o ABSOLUTE
    ../clib/signal.c                         0x00000000   Number         0  defsig_other.o ABSOLUTE
    ../clib/signal.c                         0x00000000   Number         0  defsig_abrt_inner.o ABSOLUTE
    ../clib/signal.c                         0x00000000   Number         0  defsig_rtred_inner.o ABSOLUTE
    ../clib/signal.s                         0x00000000   Number         0  defsig.o ABSOLUTE
    ../clib/stdlib.c                         0x00000000   Number         0  exit.o ABSOLUTE
    ../clib/string.c                         0x00000000   Number         0  strstr.o ABSOLUTE
    ../clib/string.c                         0x00000000   Number         0  strcpy.o ABSOLUTE
    ../fplib/cfplib/daddsub.c                0x00000000   Number         0  daddsub.o ABSOLUTE
    ../fplib/cfplib/f2d.c                    0x00000000   Number         0  f2d.o ABSOLUTE
    ../fplib/cfplib/fdiv.c                   0x00000000   Number         0  fdiv.o ABSOLUTE
    ../fplib/cfplib/ffix.c                   0x00000000   Number         0  dfixui.o ABSOLUTE
    ../fplib/cfplib/ffix.c                   0x00000000   Number         0  ffixui.o ABSOLUTE
    ../fplib/cfplib/fflt.c                   0x00000000   Number         0  fflti.o ABSOLUTE
    ../fplib/cfplib/fpinit.c                 0x00000000   Number         0  fpinit.o ABSOLUTE
    ../fplib/faddsub6m.s                     0x00000000   Number         0  faddsub.o ABSOLUTE
    ../fplib/fmul6m.s                        0x00000000   Number         0  fmul.o ABSOLUTE
    ../fplib/usenofp.s                       0x00000000   Number         0  usenofp.o ABSOLUTE
    Libraries\CMSIS\Device\WIZnet\W7500\Source\ARM\startup_W7500x.s 0x00000000   Number         0  startup_w7500x.o ABSOLUTE
    Libraries\CMSIS\Device\WIZnet\W7500\Source\system_W7500x.c 0x00000000   Number         0  system_w7500x.o ABSOLUTE
    Libraries\W7500x_stdPeriph_Driver\src\W7500x_gpio.c 0x00000000   Number         0  w7500x_gpio.o ABSOLUTE
    Libraries\W7500x_stdPeriph_Driver\src\W7500x_uart.c 0x00000000   Number         0  w7500x_uart.o ABSOLUTE
    Libraries\\CMSIS\\Device\\WIZnet\\W7500\\Source\\system_W7500x.c 0x00000000   Number         0  system_w7500x.o ABSOLUTE
    Libraries\\W7500x_stdPeriph_Driver\\src\\W7500x_gpio.c 0x00000000   Number         0  w7500x_gpio.o ABSOLUTE
    Libraries\\W7500x_stdPeriph_Driver\\src\\W7500x_uart.c 0x00000000   Number         0  w7500x_uart.o ABSOLUTE
    W7500x_it.c                              0x00000000   Number         0  w7500x_it.o ABSOLUTE
    W7500x_it.c                              0x00000000   Number         0  w7500x_it.o ABSOLUTE
    WizFi250Handler.c                        0x00000000   Number         0  wizfi250handler.o ABSOLUTE
    WizFi250Handler.c                        0x00000000   Number         0  wizfi250handler.o ABSOLUTE
    dc.s                                     0x00000000   Number         0  dc.o ABSOLUTE
    main.c                                   0x00000000   Number         0  main.o ABSOLUTE
    main.c                                   0x00000000   Number         0  main.o ABSOLUTE
    retarget.c                               0x00000000   Number         0  retarget.o ABSOLUTE
    retarget.c                               0x00000000   Number         0  retarget.o ABSOLUTE
    !!!main                                  0x000000a8   Section        8  __main.o(!!!main)
    !!!scatter                               0x000000b0   Section       60  __scatter.o(!!!scatter)
    !!handler_copy                           0x000000ec   Section       26  __scatter_copy.o(!!handler_copy)
    !!handler_zi                             0x00000108   Section       28  __scatter_zi.o(!!handler_zi)
    .ARM.Collect$$_printf_percent$$00000000  0x00000124   Section        2  _printf_percent.o(.ARM.Collect$$_printf_percent$$00000000)
    .ARM.Collect$$_printf_percent$$00000014  0x00000126   Section       10  _printf_s.o(.ARM.Collect$$_printf_percent$$00000014)
    .ARM.Collect$$_printf_percent$$00000017  0x00000130   Section        4  _printf_percent_end.o(.ARM.Collect$$_printf_percent$$00000017)
    .ARM.Collect$$libinit$$00000000          0x00000134   Section        2  libinit.o(.ARM.Collect$$libinit$$00000000)
    .ARM.Collect$$libinit$$00000002          0x00000136   Section        0  libinit2.o(.ARM.Collect$$libinit$$00000002)
    .ARM.Collect$$libinit$$00000004          0x00000136   Section        0  libinit2.o(.ARM.Collect$$libinit$$00000004)
    .ARM.Collect$$libinit$$0000000A          0x00000136   Section        0  libinit2.o(.ARM.Collect$$libinit$$0000000A)
    .ARM.Collect$$libinit$$0000000C          0x00000136   Section        0  libinit2.o(.ARM.Collect$$libinit$$0000000C)
    .ARM.Collect$$libinit$$0000000E          0x00000136   Section        0  libinit2.o(.ARM.Collect$$libinit$$0000000E)
    .ARM.Collect$$libinit$$00000011          0x00000136   Section        0  libinit2.o(.ARM.Collect$$libinit$$00000011)
    .ARM.Collect$$libinit$$00000013          0x00000136   Section        0  libinit2.o(.ARM.Collect$$libinit$$00000013)
    .ARM.Collect$$libinit$$00000015          0x00000136   Section        0  libinit2.o(.ARM.Collect$$libinit$$00000015)
    .ARM.Collect$$libinit$$00000017          0x00000136   Section        0  libinit2.o(.ARM.Collect$$libinit$$00000017)
    .ARM.Collect$$libinit$$00000019          0x00000136   Section        0  libinit2.o(.ARM.Collect$$libinit$$00000019)
    .ARM.Collect$$libinit$$0000001B          0x00000136   Section        0  libinit2.o(.ARM.Collect$$libinit$$0000001B)
    .ARM.Collect$$libinit$$0000001D          0x00000136   Section        0  libinit2.o(.ARM.Collect$$libinit$$0000001D)
    .ARM.Collect$$libinit$$0000001F          0x00000136   Section        0  libinit2.o(.ARM.Collect$$libinit$$0000001F)
    .ARM.Collect$$libinit$$00000021          0x00000136   Section        0  libinit2.o(.ARM.Collect$$libinit$$00000021)
    .ARM.Collect$$libinit$$00000023          0x00000136   Section        0  libinit2.o(.ARM.Collect$$libinit$$00000023)
    .ARM.Collect$$libinit$$00000025          0x00000136   Section        0  libinit2.o(.ARM.Collect$$libinit$$00000025)
    .ARM.Collect$$libinit$$0000002C          0x00000136   Section        0  libinit2.o(.ARM.Collect$$libinit$$0000002C)
    .ARM.Collect$$libinit$$0000002E          0x00000136   Section        0  libinit2.o(.ARM.Collect$$libinit$$0000002E)
    .ARM.Collect$$libinit$$00000030          0x00000136   Section        0  libinit2.o(.ARM.Collect$$libinit$$00000030)
    .ARM.Collect$$libinit$$00000032          0x00000136   Section        0  libinit2.o(.ARM.Collect$$libinit$$00000032)
    .ARM.Collect$$libinit$$00000033          0x00000136   Section        2  libinit2.o(.ARM.Collect$$libinit$$00000033)
    .ARM.Collect$$libshutdown$$00000000      0x00000138   Section        2  libshutdown.o(.ARM.Collect$$libshutdown$$00000000)
    .ARM.Collect$$libshutdown$$00000003      0x0000013a   Section        0  libshutdown2.o(.ARM.Collect$$libshutdown$$00000003)
    .ARM.Collect$$libshutdown$$00000006      0x0000013a   Section        0  libshutdown2.o(.ARM.Collect$$libshutdown$$00000006)
    .ARM.Collect$$libshutdown$$00000009      0x0000013a   Section        0  libshutdown2.o(.ARM.Collect$$libshutdown$$00000009)
    .ARM.Collect$$libshutdown$$0000000B      0x0000013a   Section        0  libshutdown2.o(.ARM.Collect$$libshutdown$$0000000B)
    .ARM.Collect$$libshutdown$$0000000E      0x0000013a   Section        0  libshutdown2.o(.ARM.Collect$$libshutdown$$0000000E)
    .ARM.Collect$$libshutdown$$0000000F      0x0000013a   Section        2  libshutdown2.o(.ARM.Collect$$libshutdown$$0000000F)
    .ARM.Collect$$rtentry$$00000000          0x0000013c   Section        0  __rtentry.o(.ARM.Collect$$rtentry$$00000000)
    .ARM.Collect$$rtentry$$00000002          0x0000013c   Section        0  __rtentry2.o(.ARM.Collect$$rtentry$$00000002)
    .ARM.Collect$$rtentry$$00000004          0x0000013c   Section        6  __rtentry4.o(.ARM.Collect$$rtentry$$00000004)
    .ARM.Collect$$rtentry$$00000009          0x00000142   Section        0  __rtentry2.o(.ARM.Collect$$rtentry$$00000009)
    .ARM.Collect$$rtentry$$0000000A          0x00000142   Section        4  __rtentry2.o(.ARM.Collect$$rtentry$$0000000A)
    .ARM.Collect$$rtentry$$0000000C          0x00000146   Section        0  __rtentry2.o(.ARM.Collect$$rtentry$$0000000C)
    .ARM.Collect$$rtentry$$0000000D          0x00000146   Section        8  __rtentry2.o(.ARM.Collect$$rtentry$$0000000D)
    .ARM.Collect$$rtexit$$00000000           0x0000014e   Section        2  rtexit.o(.ARM.Collect$$rtexit$$00000000)
    .ARM.Collect$$rtexit$$00000002           0x00000150   Section        0  rtexit2.o(.ARM.Collect$$rtexit$$00000002)
    .ARM.Collect$$rtexit$$00000003           0x00000150   Section        4  rtexit2.o(.ARM.Collect$$rtexit$$00000003)
    .ARM.Collect$$rtexit$$00000004           0x00000154   Section        6  rtexit2.o(.ARM.Collect$$rtexit$$00000004)
    .text                                    0x0000015c   Section       56  startup_w7500x.o(.text)
    .text                                    0x00000194   Section        0  system_w7500x.o(.text)
    .text                                    0x00000210   Section        0  w7500x_gpio.o(.text)
    .text                                    0x0000065c   Section        0  w7500x_uart.o(.text)
    .text                                    0x00000920   Section        0  main.o(.text)
    NVIC_EnableIRQ                           0x00000b59   Thumb Code    14  main.o(.text)
    NVIC_ClearPendingIRQ                     0x00000b67   Thumb Code    14  main.o(.text)
    .text                                    0x00000cf8   Section        0  retarget.o(.text)
    .text                                    0x00000d3c   Section        0  w7500x_it.o(.text)
    .text                                    0x00000ea0   Section        0  wizfi250handler.o(.text)
    .text                                    0x00001180   Section        2  use_no_semi.o(.text)
    .text                                    0x00001184   Section        0  noretval__2printf.o(.text)
    .text                                    0x000011a0   Section        0  noretval__2sprintf.o(.text)
    .text                                    0x000011c8   Section        0  __printf.o(.text)
    .text                                    0x00001234   Section        0  _printf_str.o(.text)
    .text                                    0x00001286   Section        0  strstr.o(.text)
    .text                                    0x000012b0   Section        0  strcpy.o(.text)
    .text                                    0x000012fc   Section      346  aeabi_sdiv.o(.text)
    .text                                    0x00001456   Section        0  heapauxi.o(.text)
    .text                                    0x0000145c   Section        0  daddsub.o(.text)
    _dadd1                                   0x0000145d   Thumb Code   290  daddsub.o(.text)
    _dsub1                                   0x0000157f   Thumb Code   470  daddsub.o(.text)
    .text                                    0x000017b4   Section        0  dfixui.o(.text)
    .text                                    0x000017fc   Section        0  f2d.o(.text)
    .text                                    0x00001850   Section        0  fdiv.o(.text)
    .text                                    0x000019b0   Section        0  ffixui.o(.text)
    .text                                    0x000019e0   Section        0  fflti.o(.text)
    .text                                    0x00001a40   Section        0  _printf_char_common.o(.text)
    _printf_input_char                       0x00001a41   Thumb Code    10  _printf_char_common.o(.text)
    .text                                    0x00001a70   Section        0  _sputc.o(.text)
    .text                                    0x00001a7a   Section        0  _printf_char.o(.text)
    .text                                    0x00001aa8   Section        0  _printf_char_file.o(.text)
    .text                                    0x00001ad0   Section       62  sys_stackheap_outer.o(.text)
    .text                                    0x00001b0e   Section        0  exit.o(.text)
    .text                                    0x00001b1c   Section        8  libspace.o(.text)
    x$fpl$fadd                               0x00001b24   Section      140  faddsub.o(x$fpl$fadd)
    _fadd1                                   0x00001b31   Thumb Code     0  faddsub.o(x$fpl$fadd)
    x$fpl$fmul                               0x00001bb0   Section      176  fmul.o(x$fpl$fmul)
    x$fpl$frsb                               0x00001c60   Section       24  faddsub.o(x$fpl$frsb)
    x$fpl$fsub                               0x00001c78   Section      208  faddsub.o(x$fpl$fsub)
    _fsub1                                   0x00001c85   Thumb Code     0  faddsub.o(x$fpl$fsub)
    .constdata                               0x00001d48   Section       64  fdiv.o(.constdata)
    x$fpl$usenofp                            0x00001d48   Section        0  usenofp.o(x$fpl$usenofp)
    fdiv_tab                                 0x00001d48   Data          64  fdiv.o(.constdata)
    .data                                    0x20000000   Section        8  system_w7500x.o(.data)
    .data                                    0x20000008   Section        8  main.o(.data)
    .data                                    0x20000010   Section        8  retarget.o(.data)
    .data                                    0x20000018   Section        8  w7500x_it.o(.data)
    .data                                    0x20000020   Section        4  wizfi250handler.o(.data)
    .bss                                     0x20000024   Section       16  main.o(.bss)
    .bss                                     0x20000034   Section     2048  w7500x_it.o(.bss)
    .bss                                     0x20000834   Section     1024  wizfi250handler.o(.bss)
    .bss                                     0x20000c34   Section       96  libspace.o(.bss)
    HEAP                                     0x20000c98   Section     1024  startup_w7500x.o(HEAP)
    Heap_Mem                                 0x20000c98   Data        1024  startup_w7500x.o(HEAP)
    STACK                                    0x20001098   Section     1024  startup_w7500x.o(STACK)
    Stack_Mem                                0x20001098   Data        1024  startup_w7500x.o(STACK)
    __initial_sp                             0x20001498   Data           0  startup_w7500x.o(STACK)

    Global Symbols

    Symbol Name                              Value     Ov Type        Size  Object(Section)

    BuildAttributes$$THM_ISAv3M$S$PE$A:L22$X:L11$S22$IEEE1$IW$USESV6$~STKCKD$USESV7$~SHL$OSPACE$ROPI$EBA8$UX$STANDARDLIB$REQ8$PRES8$EABIv2 0x00000000   Number         0  anon$$obj.o ABSOLUTE
    __ARM_use_no_argv                        0x00000000   Number         0  main.o ABSOLUTE
    __Vectors                                0x00000000   Data           4  startup_w7500x.o(RESET)
    __ARM_exceptions_init                     - Undefined Weak Reference
    __alloca_initialize                       - Undefined Weak Reference
    __arm_preinit_                            - Undefined Weak Reference
    __cpp_initialize__aeabi_                  - Undefined Weak Reference
    __cxa_finalize                            - Undefined Weak Reference
    __rt_locale                               - Undefined Weak Reference
    __sigvec_lookup                           - Undefined Weak Reference
    _atexit_init                              - Undefined Weak Reference
    _call_atexit_fns                          - Undefined Weak Reference
    _clock_init                               - Undefined Weak Reference
    _fp_trap_init                             - Undefined Weak Reference
    _fp_trap_shutdown                         - Undefined Weak Reference
    _get_lc_collate                           - Undefined Weak Reference
    _get_lc_ctype                             - Undefined Weak Reference
    _get_lc_monetary                          - Undefined Weak Reference
    _get_lc_numeric                           - Undefined Weak Reference
    _get_lc_time                              - Undefined Weak Reference
    _getenv_init                              - Undefined Weak Reference
    _handle_redirection                       - Undefined Weak Reference
    _init_alloc                               - Undefined Weak Reference
    _init_user_alloc                          - Undefined Weak Reference
    _initio                                   - Undefined Weak Reference
    _printf_mbtowc                            - Undefined Weak Reference
    _printf_post_padding                      - Undefined Weak Reference
    _printf_pre_padding                       - Undefined Weak Reference
    _rand_init                                - Undefined Weak Reference
    _signal_finish                            - Undefined Weak Reference
    _signal_init                              - Undefined Weak Reference
    _terminate_alloc                          - Undefined Weak Reference
    _terminate_user_alloc                     - Undefined Weak Reference
    _terminateio                              - Undefined Weak Reference
    __Vectors_End                            0x000000a8   Data           0  startup_w7500x.o(RESET)
    __Vectors_Size                           0x000000a8   Number         0  startup_w7500x.o ABSOLUTE
    __main                                   0x000000a9   Thumb Code     8  __main.o(!!!main)
    __scatterload                            0x000000b1   Thumb Code     0  __scatter.o(!!!scatter)
    __scatterload_rt2                        0x000000b1   Thumb Code    52  __scatter.o(!!!scatter)
    __scatterload_rt2_thumb_only             0x000000b1   Thumb Code     0  __scatter.o(!!!scatter)
    __scatterload_null                       0x000000c1   Thumb Code     0  __scatter.o(!!!scatter)
    __scatterload_copy                       0x000000ed   Thumb Code    26  __scatter_copy.o(!!handler_copy)
    __scatterload_zeroinit                   0x00000109   Thumb Code    28  __scatter_zi.o(!!handler_zi)
    _printf_percent                          0x00000125   Thumb Code     0  _printf_percent.o(.ARM.Collect$$_printf_percent$$00000000)
    _printf_s                                0x00000127   Thumb Code     0  _printf_s.o(.ARM.Collect$$_printf_percent$$00000014)
    _printf_percent_end                      0x00000131   Thumb Code     0  _printf_percent_end.o(.ARM.Collect$$_printf_percent$$00000017)
    __rt_lib_init                            0x00000135   Thumb Code     0  libinit.o(.ARM.Collect$$libinit$$00000000)
    __rt_lib_init_alloca_1                   0x00000137   Thumb Code     0  libinit2.o(.ARM.Collect$$libinit$$0000002E)
    __rt_lib_init_argv_1                     0x00000137   Thumb Code     0  libinit2.o(.ARM.Collect$$libinit$$0000002C)
    __rt_lib_init_atexit_1                   0x00000137   Thumb Code     0  libinit2.o(.ARM.Collect$$libinit$$0000001B)
    __rt_lib_init_clock_1                    0x00000137   Thumb Code     0  libinit2.o(.ARM.Collect$$libinit$$00000021)
    __rt_lib_init_cpp_1                      0x00000137   Thumb Code     0  libinit2.o(.ARM.Collect$$libinit$$00000032)
    __rt_lib_init_exceptions_1               0x00000137   Thumb Code     0  libinit2.o(.ARM.Collect$$libinit$$00000030)
    __rt_lib_init_fp_1                       0x00000137   Thumb Code     0  libinit2.o(.ARM.Collect$$libinit$$00000002)
    __rt_lib_init_fp_trap_1                  0x00000137   Thumb Code     0  libinit2.o(.ARM.Collect$$libinit$$0000001F)
    __rt_lib_init_getenv_1                   0x00000137   Thumb Code     0  libinit2.o(.ARM.Collect$$libinit$$00000023)
    __rt_lib_init_heap_1                     0x00000137   Thumb Code     0  libinit2.o(.ARM.Collect$$libinit$$0000000A)
    __rt_lib_init_lc_collate_1               0x00000137   Thumb Code     0  libinit2.o(.ARM.Collect$$libinit$$00000011)
    __rt_lib_init_lc_ctype_1                 0x00000137   Thumb Code     0  libinit2.o(.ARM.Collect$$libinit$$00000013)
    __rt_lib_init_lc_monetary_1              0x00000137   Thumb Code     0  libinit2.o(.ARM.Collect$$libinit$$00000015)
    __rt_lib_init_lc_numeric_1               0x00000137   Thumb Code     0  libinit2.o(.ARM.Collect$$libinit$$00000017)
    __rt_lib_init_lc_time_1                  0x00000137   Thumb Code     0  libinit2.o(.ARM.Collect$$libinit$$00000019)
    __rt_lib_init_preinit_1                  0x00000137   Thumb Code     0  libinit2.o(.ARM.Collect$$libinit$$00000004)
    __rt_lib_init_rand_1                     0x00000137   Thumb Code     0  libinit2.o(.ARM.Collect$$libinit$$0000000E)
    __rt_lib_init_return                     0x00000137   Thumb Code     0  libinit2.o(.ARM.Collect$$libinit$$00000033)
    __rt_lib_init_signal_1                   0x00000137   Thumb Code     0  libinit2.o(.ARM.Collect$$libinit$$0000001D)
    __rt_lib_init_stdio_1                    0x00000137   Thumb Code     0  libinit2.o(.ARM.Collect$$libinit$$00000025)
    __rt_lib_init_user_alloc_1               0x00000137   Thumb Code     0  libinit2.o(.ARM.Collect$$libinit$$0000000C)
    __rt_lib_shutdown                        0x00000139   Thumb Code     0  libshutdown.o(.ARM.Collect$$libshutdown$$00000000)
    __rt_lib_shutdown_fp_trap_1              0x0000013b   Thumb Code     0  libshutdown2.o(.ARM.Collect$$libshutdown$$00000006)
    __rt_lib_shutdown_heap_1                 0x0000013b   Thumb Code     0  libshutdown2.o(.ARM.Collect$$libshutdown$$0000000E)
    __rt_lib_shutdown_return                 0x0000013b   Thumb Code     0  libshutdown2.o(.ARM.Collect$$libshutdown$$0000000F)
    __rt_lib_shutdown_signal_1               0x0000013b   Thumb Code     0  libshutdown2.o(.ARM.Collect$$libshutdown$$00000009)
    __rt_lib_shutdown_stdio_1                0x0000013b   Thumb Code     0  libshutdown2.o(.ARM.Collect$$libshutdown$$00000003)
    __rt_lib_shutdown_user_alloc_1           0x0000013b   Thumb Code     0  libshutdown2.o(.ARM.Collect$$libshutdown$$0000000B)
    __rt_entry                               0x0000013d   Thumb Code     0  __rtentry.o(.ARM.Collect$$rtentry$$00000000)
    __rt_entry_presh_1                       0x0000013d   Thumb Code     0  __rtentry2.o(.ARM.Collect$$rtentry$$00000002)
    __rt_entry_sh                            0x0000013d   Thumb Code     0  __rtentry4.o(.ARM.Collect$$rtentry$$00000004)
    __rt_entry_li                            0x00000143   Thumb Code     0  __rtentry2.o(.ARM.Collect$$rtentry$$0000000A)
    __rt_entry_postsh_1                      0x00000143   Thumb Code     0  __rtentry2.o(.ARM.Collect$$rtentry$$00000009)
    __rt_entry_main                          0x00000147   Thumb Code     0  __rtentry2.o(.ARM.Collect$$rtentry$$0000000D)
    __rt_entry_postli_1                      0x00000147   Thumb Code     0  __rtentry2.o(.ARM.Collect$$rtentry$$0000000C)
    __rt_exit                                0x0000014f   Thumb Code     0  rtexit.o(.ARM.Collect$$rtexit$$00000000)
    __rt_exit_ls                             0x00000151   Thumb Code     0  rtexit2.o(.ARM.Collect$$rtexit$$00000003)
    __rt_exit_prels_1                        0x00000151   Thumb Code     0  rtexit2.o(.ARM.Collect$$rtexit$$00000002)
    __rt_exit_exit                           0x00000155   Thumb Code     0  rtexit2.o(.ARM.Collect$$rtexit$$00000004)
    Reset_Handler                            0x0000015d   Thumb Code     8  startup_w7500x.o(.text)
    RTC_Handler                              0x0000016f   Thumb Code     0  startup_w7500x.o(.text)
    __user_initial_stackheap                 0x00000171   Thumb Code    10  startup_w7500x.o(.text)
    SystemCoreClockUpdate                    0x00000195   Thumb Code     2  system_w7500x.o(.text)
    GetSystemClock                           0x00000197   Thumb Code     6  system_w7500x.o(.text)
    SystemInit                               0x0000019d   Thumb Code    94  system_w7500x.o(.text)
    GPIO_DeInit                              0x00000211   Thumb Code   108  w7500x_gpio.o(.text)
    GPIO_Init                                0x0000027d   Thumb Code   272  w7500x_gpio.o(.text)
    GPIO_StructInit                          0x0000038d   Thumb Code    14  w7500x_gpio.o(.text)
    GPIO_ReadInputDataBit                    0x0000039b   Thumb Code    20  w7500x_gpio.o(.text)
    GPIO_ReadInputData                       0x000003af   Thumb Code     8  w7500x_gpio.o(.text)
    GPIO_ReadOutputDataBit                   0x000003b7   Thumb Code    20  w7500x_gpio.o(.text)
    GPIO_ReadOutputData                      0x000003cb   Thumb Code     8  w7500x_gpio.o(.text)
    GPIO_SetBits                             0x000003d3   Thumb Code    26  w7500x_gpio.o(.text)
    GPIO_ResetBits                           0x000003ed   Thumb Code    32  w7500x_gpio.o(.text)
    GPIO_WriteBit                            0x0000040d   Thumb Code    28  w7500x_gpio.o(.text)
    GPIO_Write                               0x00000429   Thumb Code     4  w7500x_gpio.o(.text)
    GPIO_INT_Enable_Bits                     0x0000042d   Thumb Code    24  w7500x_gpio.o(.text)
    GPIO_INT_Enable                          0x00000445   Thumb Code    18  w7500x_gpio.o(.text)
    GPIO_INT_Polarity_Bits                   0x00000457   Thumb Code    20  w7500x_gpio.o(.text)
    GPIO_INT_Polarity                        0x0000046b   Thumb Code    16  w7500x_gpio.o(.text)
    GPIO_INT_Clear                           0x0000047b   Thumb Code     6  w7500x_gpio.o(.text)
    GPIO_Read_INTstatus                      0x00000481   Thumb Code    20  w7500x_gpio.o(.text)
    PAD_AFConfig                             0x00000495   Thumb Code   198  w7500x_gpio.o(.text)
    GPIO_Configuration                       0x0000055b   Thumb Code   112  w7500x_gpio.o(.text)
    GPIO_INT_Configuration                   0x000005cb   Thumb Code   144  w7500x_gpio.o(.text)
    UART_StructInit                          0x0000065d   Thumb Code    28  w7500x_uart.o(.text)
    UART_DeInit                              0x00000679   Thumb Code     2  w7500x_uart.o(.text)
    UART_Init                                0x0000067b   Thumb Code   206  w7500x_uart.o(.text)
    UART_SendData                            0x00000749   Thumb Code     4  w7500x_uart.o(.text)
    UART_ReceiveData                         0x0000074d   Thumb Code     8  w7500x_uart.o(.text)
    UART_SendBreak                           0x00000755   Thumb Code    10  w7500x_uart.o(.text)
    UART_GetRecvStatus                       0x0000075f   Thumb Code    20  w7500x_uart.o(.text)
    UART_ClearRecvStatus                     0x00000773   Thumb Code     4  w7500x_uart.o(.text)
    UART_GetFlagStatus                       0x00000777   Thumb Code    20  w7500x_uart.o(.text)
    UART_ITConfig                            0x0000078b   Thumb Code    20  w7500x_uart.o(.text)
    UART_GetITStatus                         0x0000079f   Thumb Code    20  w7500x_uart.o(.text)
    UART_ClearITPendingBit                   0x000007b3   Thumb Code     8  w7500x_uart.o(.text)
    S_UART_DeInit                            0x000007bb   Thumb Code     2  w7500x_uart.o(.text)
    S_UART_Init                              0x000007bd   Thumb Code    72  w7500x_uart.o(.text)
    S_UART_SendData                          0x00000805   Thumb Code    20  w7500x_uart.o(.text)
    S_UART_ReceiveData                       0x00000819   Thumb Code     8  w7500x_uart.o(.text)
    S_UART_GetFlagStatus                     0x00000821   Thumb Code    22  w7500x_uart.o(.text)
    S_UART_ITConfig                          0x00000837   Thumb Code    28  w7500x_uart.o(.text)
    S_UART_GetITStatus                       0x00000853   Thumb Code    24  w7500x_uart.o(.text)
    S_UART_ClearITPendingBit                 0x0000086b   Thumb Code    14  w7500x_uart.o(.text)
    UartPutc                                 0x00000879   Thumb Code    30  w7500x_uart.o(.text)
    UartPuts                                 0x00000897   Thumb Code    30  w7500x_uart.o(.text)
    UartGetc                                 0x000008b5   Thumb Code    20  w7500x_uart.o(.text)
    S_UartPutc                               0x000008c9   Thumb Code    14  w7500x_uart.o(.text)
    S_UartPuts                               0x000008d7   Thumb Code    26  w7500x_uart.o(.text)
    S_UartGetc                               0x000008f1   Thumb Code    24  w7500x_uart.o(.text)
    WizFi250_SimpleTCPServer                 0x00000921   Thumb Code   378  main.o(.text)
    main                                     0x00000a9b   Thumb Code   190  main.o(.text)
    fputc                                    0x00000cf9   Thumb Code    16  retarget.o(.text)
    fgetc                                    0x00000d09   Thumb Code    22  retarget.o(.text)
    ferror                                   0x00000d1f   Thumb Code     8  retarget.o(.text)
    _ttywrch                                 0x00000d27   Thumb Code    14  retarget.o(.text)
    _sys_exit                                0x00000d35   Thumb Code     4  retarget.o(.text)
    NMI_Handler                              0x00000d3d   Thumb Code     2  w7500x_it.o(.text)
    HardFault_Handler                        0x00000d3f   Thumb Code     2  w7500x_it.o(.text)
    SVC_Handler                              0x00000d41   Thumb Code     2  w7500x_it.o(.text)
    PendSV_Handler                           0x00000d43   Thumb Code     2  w7500x_it.o(.text)
    SysTick_Handler                          0x00000d45   Thumb Code     2  w7500x_it.o(.text)
    SSP0_Handler                             0x00000d47   Thumb Code     2  w7500x_it.o(.text)
    SSP1_Handler                             0x00000d49   Thumb Code     2  w7500x_it.o(.text)
    UART0_Handler                            0x00000d4b   Thumb Code   132  w7500x_it.o(.text)
    UART1_Handler                            0x00000dcf   Thumb Code   132  w7500x_it.o(.text)
    UART2_Handler                            0x00000e53   Thumb Code     2  w7500x_it.o(.text)
    I2C0_Handler                             0x00000e55   Thumb Code     2  w7500x_it.o(.text)
    I2C1_Handler                             0x00000e57   Thumb Code     2  w7500x_it.o(.text)
    PORT0_Handler                            0x00000e59   Thumb Code     2  w7500x_it.o(.text)
    PORT1_Handler                            0x00000e5b   Thumb Code     2  w7500x_it.o(.text)
    PORT2_Handler                            0x00000e5d   Thumb Code     2  w7500x_it.o(.text)
    PORT3_Handler                            0x00000e5f   Thumb Code     2  w7500x_it.o(.text)
    DMA_Handler                              0x00000e61   Thumb Code     2  w7500x_it.o(.text)
    DUALTIMER0_Handler                       0x00000e63   Thumb Code     2  w7500x_it.o(.text)
    DUALTIMER1_Handler                       0x00000e65   Thumb Code     2  w7500x_it.o(.text)
    PWM0_Handler                             0x00000e67   Thumb Code     2  w7500x_it.o(.text)
    PWM1_Handler                             0x00000e69   Thumb Code     2  w7500x_it.o(.text)
    PWM2_Handler                             0x00000e6b   Thumb Code     2  w7500x_it.o(.text)
    PWM3_Handler                             0x00000e6d   Thumb Code     2  w7500x_it.o(.text)
    PWM4_Handler                             0x00000e6f   Thumb Code     2  w7500x_it.o(.text)
    PWM5_Handler                             0x00000e71   Thumb Code     2  w7500x_it.o(.text)
    PWM6_Handler                             0x00000e73   Thumb Code     2  w7500x_it.o(.text)
    PWM7_Handler                             0x00000e75   Thumb Code     2  w7500x_it.o(.text)
    ADC_Handler                              0x00000e77   Thumb Code     2  w7500x_it.o(.text)
    WZTOE_Handler                            0x00000e79   Thumb Code     2  w7500x_it.o(.text)
    EXTI_Handler                             0x00000e7b   Thumb Code     2  w7500x_it.o(.text)
    delay_ms                                 0x00000ea1   Thumb Code    30  wizfi250handler.o(.text)
    UartGetc_nonblk                          0x00000ebf   Thumb Code   168  wizfi250handler.o(.text)
    send_and_check_command                   0x00000f67   Thumb Code   304  wizfi250handler.o(.text)
    WizFi250_Restart                         0x00001097   Thumb Code    54  wizfi250handler.o(.text)
    WizFi250_FactoryReset                    0x000010cd   Thumb Code     2  wizfi250handler.o(.text)
    __I$use$semihosting                      0x00001181   Thumb Code     0  use_no_semi.o(.text)
    __use_no_semihosting_swi                 0x00001181   Thumb Code     2  use_no_semi.o(.text)
    __2printf                                0x00001185   Thumb Code    22  noretval__2printf.o(.text)
    __2sprintf                               0x000011a1   Thumb Code    36  noretval__2sprintf.o(.text)
    __printf                                 0x000011c9   Thumb Code   108  __printf.o(.text)
    _printf_str                              0x00001235   Thumb Code    82  _printf_str.o(.text)
    strstr                                   0x00001287   Thumb Code    40  strstr.o(.text)
    strcpy                                   0x000012b1   Thumb Code    70  strcpy.o(.text)
    __aeabi_uidiv                            0x000012fd   Thumb Code     0  aeabi_sdiv.o(.text)
    __aeabi_uidivmod                         0x000012fd   Thumb Code    20  aeabi_sdiv.o(.text)
    __aeabi_idiv                             0x00001311   Thumb Code     0  aeabi_sdiv.o(.text)
    __aeabi_idivmod                          0x00001311   Thumb Code   326  aeabi_sdiv.o(.text)
    __use_two_region_memory                  0x00001457   Thumb Code     2  heapauxi.o(.text)
    __rt_heap_escrow$2region                 0x00001459   Thumb Code     2  heapauxi.o(.text)
    __rt_heap_expand$2region                 0x0000145b   Thumb Code     2  heapauxi.o(.text)
    __aeabi_dadd                             0x00001755   Thumb Code     0  daddsub.o(.text)
    _dadd                                    0x00001755   Thumb Code    26  daddsub.o(.text)
    __aeabi_dsub                             0x0000176f   Thumb Code     0  daddsub.o(.text)
    _dsub                                    0x0000176f   Thumb Code    22  daddsub.o(.text)
    __aeabi_drsub                            0x00001785   Thumb Code     0  daddsub.o(.text)
    _drsb                                    0x00001785   Thumb Code    28  daddsub.o(.text)
    __aeabi_d2uiz                            0x000017b5   Thumb Code     0  dfixui.o(.text)
    _dfixu                                   0x000017b5   Thumb Code    68  dfixui.o(.text)
    __aeabi_f2d                              0x000017fd   Thumb Code     0  f2d.o(.text)
    _f2d                                     0x000017fd   Thumb Code    80  f2d.o(.text)
    __aeabi_fdiv                             0x00001851   Thumb Code     0  fdiv.o(.text)
    _fdiv                                    0x00001851   Thumb Code   334  fdiv.o(.text)
    _frdiv                                   0x0000199f   Thumb Code     8  fdiv.o(.text)
    __aeabi_f2uiz                            0x000019b1   Thumb Code     0  ffixui.o(.text)
    _ffixu                                   0x000019b1   Thumb Code    48  ffixui.o(.text)
    __aeabi_i2f_normalise                    0x000019e1   Thumb Code    72  fflti.o(.text)
    __aeabi_i2f                              0x00001a29   Thumb Code    16  fflti.o(.text)
    _fflt                                    0x00001a29   Thumb Code     0  fflti.o(.text)
    __aeabi_ui2f                             0x00001a39   Thumb Code     6  fflti.o(.text)
    _ffltu                                   0x00001a39   Thumb Code     0  fflti.o(.text)
    _printf_char_common                      0x00001a4b   Thumb Code    32  _printf_char_common.o(.text)
    _sputc                                   0x00001a71   Thumb Code    10  _sputc.o(.text)
    _printf_cs_common                        0x00001a7b   Thumb Code    22  _printf_char.o(.text)
    _printf_char                             0x00001a91   Thumb Code    16  _printf_char.o(.text)
    _printf_string                           0x00001aa1   Thumb Code     8  _printf_char.o(.text)
    _printf_char_file                        0x00001aa9   Thumb Code    34  _printf_char_file.o(.text)
    __user_setup_stackheap                   0x00001ad1   Thumb Code    62  sys_stackheap_outer.o(.text)
    exit                                     0x00001b0f   Thumb Code    12  exit.o(.text)
    __user_libspace                          0x00001b1d   Thumb Code     8  libspace.o(.text)
    __user_perproc_libspace                  0x00001b1d   Thumb Code     0  libspace.o(.text)
    __user_perthread_libspace                0x00001b1d   Thumb Code     0  libspace.o(.text)
    __aeabi_fadd                             0x00001b25   Thumb Code     0  faddsub.o(x$fpl$fadd)
    _fadd                                    0x00001b25   Thumb Code   134  faddsub.o(x$fpl$fadd)
    __aeabi_fmul                             0x00001bb1   Thumb Code     0  fmul.o(x$fpl$fmul)
    _fmul                                    0x00001bb1   Thumb Code   172  fmul.o(x$fpl$fmul)
    __aeabi_frsub                            0x00001c61   Thumb Code     0  faddsub.o(x$fpl$frsb)
    _frsb                                    0x00001c61   Thumb Code    24  faddsub.o(x$fpl$frsb)
    __aeabi_fsub                             0x00001c79   Thumb Code     0  faddsub.o(x$fpl$fsub)
    _fsub                                    0x00001c79   Thumb Code   204  faddsub.o(x$fpl$fsub)
    __I$use$fp                               0x00001d48   Number         0  usenofp.o(x$fpl$usenofp)
    Region$$Table$$Base                      0x00001d88   Number         0  anon$$obj.o(Region$$Table)
    Region$$Table$$Limit                     0x00001da8   Number         0  anon$$obj.o(Region$$Table)
    SystemFrequency                          0x20000000   Data           4  system_w7500x.o(.data)
    SystemCoreClock                          0x20000004   Data           4  system_w7500x.o(.data)
    GPIO_InitDef                             0x20000008   Data           8  main.o(.data)
    __stdout                                 0x20000010   Data           4  retarget.o(.data)
    __stdin                                  0x20000014   Data           4  retarget.o(.data)
    u0rx_wr                                  0x20000018   Data           2  w7500x_it.o(.data)
    u0rx_rd                                  0x2000001a   Data           2  w7500x_it.o(.data)
    u1rx_wr                                  0x2000001c   Data           2  w7500x_it.o(.data)
    u1rx_rd                                  0x2000001e   Data           2  w7500x_it.o(.data)
    g_resp_data_len                          0x20000020   Data           4  wizfi250handler.o(.data)
    UART_InitStructure                       0x20000024   Data          16  main.o(.bss)
    u0rx_buf                                 0x20000034   Data        1024  w7500x_it.o(.bss)
    u1rx_buf                                 0x20000434   Data        1024  w7500x_it.o(.bss)
    g_wizfi250_resp_buff                     0x20000834   Data        1024  wizfi250handler.o(.bss)
    __libspace_start                         0x20000c34   Data          96  libspace.o(.bss)
    __temporary_stack_top$libspace           0x20000c94   Data           0  libspace.o(.bss)



==============================================================================

Memory Map of the image

  Image Entry point : 0x000000a9

  Load Region LR_IROM1 (Base: 0x00000000, Size: 0x00001dcc, Max: 0x00020000, ABSOLUTE)

    Execution Region ER_IROM1 (Base: 0x00000000, Size: 0x00001da8, Max: 0x00020000, ABSOLUTE)

    Base Addr    Size         Type   Attr      Idx    E Section Name        Object

    0x00000000   0x000000a8   Data   RO            3    RESET               startup_w7500x.o
    0x000000a8   0x00000008   Code   RO          299  * !!!main             c_p.l(__main.o)
    0x000000b0   0x0000003c   Code   RO          494    !!!scatter          c_p.l(__scatter.o)
    0x000000ec   0x0000001a   Code   RO          496    !!handler_copy      c_p.l(__scatter_copy.o)
    0x00000106   0x00000002   PAD
    0x00000108   0x0000001c   Code   RO          498    !!handler_zi        c_p.l(__scatter_zi.o)
    0x00000124   0x00000002   Code   RO          288    .ARM.Collect$$_printf_percent$$00000000  c_p.l(_printf_percent.o)
    0x00000126   0x0000000a   Code   RO          287    .ARM.Collect$$_printf_percent$$00000014  c_p.l(_printf_s.o)
    0x00000130   0x00000004   Code   RO          335    .ARM.Collect$$_printf_percent$$00000017  c_p.l(_printf_percent_end.o)
    0x00000134   0x00000002   Code   RO          370    .ARM.Collect$$libinit$$00000000  c_p.l(libinit.o)
    0x00000136   0x00000000   Code   RO          384    .ARM.Collect$$libinit$$00000002  c_p.l(libinit2.o)
    0x00000136   0x00000000   Code   RO          386    .ARM.Collect$$libinit$$00000004  c_p.l(libinit2.o)
    0x00000136   0x00000000   Code   RO          389    .ARM.Collect$$libinit$$0000000A  c_p.l(libinit2.o)
    0x00000136   0x00000000   Code   RO          391    .ARM.Collect$$libinit$$0000000C  c_p.l(libinit2.o)
    0x00000136   0x00000000   Code   RO          393    .ARM.Collect$$libinit$$0000000E  c_p.l(libinit2.o)
    0x00000136   0x00000000   Code   RO          396    .ARM.Collect$$libinit$$00000011  c_p.l(libinit2.o)
    0x00000136   0x00000000   Code   RO          398    .ARM.Collect$$libinit$$00000013  c_p.l(libinit2.o)
    0x00000136   0x00000000   Code   RO          400    .ARM.Collect$$libinit$$00000015  c_p.l(libinit2.o)
    0x00000136   0x00000000   Code   RO          402    .ARM.Collect$$libinit$$00000017  c_p.l(libinit2.o)
    0x00000136   0x00000000   Code   RO          404    .ARM.Collect$$libinit$$00000019  c_p.l(libinit2.o)
    0x00000136   0x00000000   Code   RO          406    .ARM.Collect$$libinit$$0000001B  c_p.l(libinit2.o)
    0x00000136   0x00000000   Code   RO          408    .ARM.Collect$$libinit$$0000001D  c_p.l(libinit2.o)
    0x00000136   0x00000000   Code   RO          410    .ARM.Collect$$libinit$$0000001F  c_p.l(libinit2.o)
    0x00000136   0x00000000   Code   RO          412    .ARM.Collect$$libinit$$00000021  c_p.l(libinit2.o)
    0x00000136   0x00000000   Code   RO          414    .ARM.Collect$$libinit$$00000023  c_p.l(libinit2.o)
    0x00000136   0x00000000   Code   RO          416    .ARM.Collect$$libinit$$00000025  c_p.l(libinit2.o)
    0x00000136   0x00000000   Code   RO          420    .ARM.Collect$$libinit$$0000002C  c_p.l(libinit2.o)
    0x00000136   0x00000000   Code   RO          422    .ARM.Collect$$libinit$$0000002E  c_p.l(libinit2.o)
    0x00000136   0x00000000   Code   RO          424    .ARM.Collect$$libinit$$00000030  c_p.l(libinit2.o)
    0x00000136   0x00000000   Code   RO          426    .ARM.Collect$$libinit$$00000032  c_p.l(libinit2.o)
    0x00000136   0x00000002   Code   RO          427    .ARM.Collect$$libinit$$00000033  c_p.l(libinit2.o)
    0x00000138   0x00000002   Code   RO          451    .ARM.Collect$$libshutdown$$00000000  c_p.l(libshutdown.o)
    0x0000013a   0x00000000   Code   RO          478    .ARM.Collect$$libshutdown$$00000003  c_p.l(libshutdown2.o)
    0x0000013a   0x00000000   Code   RO          481    .ARM.Collect$$libshutdown$$00000006  c_p.l(libshutdown2.o)
    0x0000013a   0x00000000   Code   RO          484    .ARM.Collect$$libshutdown$$00000009  c_p.l(libshutdown2.o)
    0x0000013a   0x00000000   Code   RO          486    .ARM.Collect$$libshutdown$$0000000B  c_p.l(libshutdown2.o)
    0x0000013a   0x00000000   Code   RO          489    .ARM.Collect$$libshutdown$$0000000E  c_p.l(libshutdown2.o)
    0x0000013a   0x00000002   Code   RO          490    .ARM.Collect$$libshutdown$$0000000F  c_p.l(libshutdown2.o)
    0x0000013c   0x00000000   Code   RO          322    .ARM.Collect$$rtentry$$00000000  c_p.l(__rtentry.o)
    0x0000013c   0x00000000   Code   RO          338    .ARM.Collect$$rtentry$$00000002  c_p.l(__rtentry2.o)
    0x0000013c   0x00000006   Code   RO          350    .ARM.Collect$$rtentry$$00000004  c_p.l(__rtentry4.o)
    0x00000142   0x00000000   Code   RO          340    .ARM.Collect$$rtentry$$00000009  c_p.l(__rtentry2.o)
    0x00000142   0x00000004   Code   RO          341    .ARM.Collect$$rtentry$$0000000A  c_p.l(__rtentry2.o)
    0x00000146   0x00000000   Code   RO          343    .ARM.Collect$$rtentry$$0000000C  c_p.l(__rtentry2.o)
    0x00000146   0x00000008   Code   RO          344    .ARM.Collect$$rtentry$$0000000D  c_p.l(__rtentry2.o)
    0x0000014e   0x00000002   Code   RO          375    .ARM.Collect$$rtexit$$00000000  c_p.l(rtexit.o)
    0x00000150   0x00000000   Code   RO          429    .ARM.Collect$$rtexit$$00000002  c_p.l(rtexit2.o)
    0x00000150   0x00000004   Code   RO          430    .ARM.Collect$$rtexit$$00000003  c_p.l(rtexit2.o)
    0x00000154   0x00000006   Code   RO          431    .ARM.Collect$$rtexit$$00000004  c_p.l(rtexit2.o)
    0x0000015a   0x00000002   PAD
    0x0000015c   0x00000038   Code   RO            4    .text               startup_w7500x.o
    0x00000194   0x0000007c   Code   RO           12    .text               system_w7500x.o
    0x00000210   0x0000044a   Code   RO           90    .text               w7500x_gpio.o
    0x0000065a   0x00000002   PAD
    0x0000065c   0x000002c4   Code   RO          114    .text               w7500x_uart.o
    0x00000920   0x000003d8   Code   RO          134    .text               main.o
    0x00000cf8   0x00000044   Code   RO          168    .text               retarget.o
    0x00000d3c   0x00000164   Code   RO          204    .text               w7500x_it.o
    0x00000ea0   0x000002e0   Code   RO          228    .text               wizfi250handler.o
    0x00001180   0x00000002   Code   RO          253    .text               c_p.l(use_no_semi.o)
    0x00001182   0x00000002   PAD
    0x00001184   0x0000001c   Code   RO          259    .text               c_p.l(noretval__2printf.o)
    0x000011a0   0x00000028   Code   RO          261    .text               c_p.l(noretval__2sprintf.o)
    0x000011c8   0x0000006c   Code   RO          263    .text               c_p.l(__printf.o)
    0x00001234   0x00000052   Code   RO          265    .text               c_p.l(_printf_str.o)
    0x00001286   0x00000028   Code   RO          289    .text               c_p.l(strstr.o)
    0x000012ae   0x00000002   PAD
    0x000012b0   0x0000004c   Code   RO          291    .text               c_p.l(strcpy.o)
    0x000012fc   0x0000015a   Code   RO          293    .text               c_p.l(aeabi_sdiv.o)
    0x00001456   0x00000006   Code   RO          297    .text               c_p.l(heapauxi.o)
    0x0000145c   0x00000358   Code   RO          301    .text               fz_ps.l(daddsub.o)
    0x000017b4   0x00000048   Code   RO          303    .text               fz_ps.l(dfixui.o)
    0x000017fc   0x00000054   Code   RO          305    .text               fz_ps.l(f2d.o)
    0x00001850   0x00000160   Code   RO          313    .text               fz_ps.l(fdiv.o)
    0x000019b0   0x00000030   Code   RO          316    .text               fz_ps.l(ffixui.o)
    0x000019e0   0x0000005e   Code   RO          318    .text               fz_ps.l(fflti.o)
    0x00001a3e   0x00000002   PAD
    0x00001a40   0x00000030   Code   RO          327    .text               c_p.l(_printf_char_common.o)
    0x00001a70   0x0000000a   Code   RO          329    .text               c_p.l(_sputc.o)
    0x00001a7a   0x0000002e   Code   RO          331    .text               c_p.l(_printf_char.o)
    0x00001aa8   0x00000028   Code   RO          333    .text               c_p.l(_printf_char_file.o)
    0x00001ad0   0x0000003e   Code   RO          356    .text               c_p.l(sys_stackheap_outer.o)
    0x00001b0e   0x0000000c   Code   RO          359    .text               c_p.l(exit.o)
    0x00001b1a   0x00000002   PAD
    0x00001b1c   0x00000008   Code   RO          371    .text               c_p.l(libspace.o)
    0x00001b24   0x0000008c   Code   RO          307    x$fpl$fadd          fz_ps.l(faddsub.o)
    0x00001bb0   0x000000b0   Code   RO          320    x$fpl$fmul          fz_ps.l(fmul.o)
    0x00001c60   0x00000018   Code   RO          308    x$fpl$frsb          fz_ps.l(faddsub.o)
    0x00001c78   0x000000d0   Code   RO          309    x$fpl$fsub          fz_ps.l(faddsub.o)
    0x00001d48   0x00000000   Code   RO          336    x$fpl$usenofp       fz_ps.l(usenofp.o)
    0x00001d48   0x00000040   Data   RO          314    .constdata          fz_ps.l(fdiv.o)
    0x00001d88   0x00000020   Data   RO          492    Region$$Table       anon$$obj.o


    Execution Region RW_IRAM1 (Base: 0x20000000, Size: 0x00001498, Max: 0x00004000, ABSOLUTE)

    Base Addr    Size         Type   Attr      Idx    E Section Name        Object

    0x20000000   0x00000008   Data   RW           13    .data               system_w7500x.o
    0x20000008   0x00000008   Data   RW          136    .data               main.o
    0x20000010   0x00000008   Data   RW          169    .data               retarget.o
    0x20000018   0x00000008   Data   RW          206    .data               w7500x_it.o
    0x20000020   0x00000004   Data   RW          230    .data               wizfi250handler.o
    0x20000024   0x00000010   Zero   RW          135    .bss                main.o
    0x20000034   0x00000800   Zero   RW          205    .bss                w7500x_it.o
    0x20000834   0x00000400   Zero   RW          229    .bss                wizfi250handler.o
    0x20000c34   0x00000060   Zero   RW          372    .bss                c_p.l(libspace.o)
    0x20000c94   0x00000004   PAD
    0x20000c98   0x00000400   Zero   RW            2    HEAP                startup_w7500x.o
    0x20001098   0x00000400   Zero   RW            1    STACK               startup_w7500x.o


==============================================================================

Image component sizes


      Code (inc. data)   RO Data    RW Data    ZI Data      Debug   Object Name

       984        388          0          8         16       7394   main.o
        68          4          0          8          0       3058   retarget.o
        56         26        168          0       2048        780   startup_w7500x.o
       124         22          0          8          0      31844   system_w7500x.o
      1098         14          0          0          0       5893   w7500x_gpio.o
       356         36          0          8       2048       4066   w7500x_it.o
       708         24          0          0          0       5985   w7500x_uart.o
       736        178          0          4       1024       3092   wizfi250handler.o

    ----------------------------------------------------------------------
      4132        692        200         36       5136      62112   Object Totals
         0          0         32          0          0          0   (incl. Generated)
         2          0          0          0          0          0   (incl. Padding)

    ----------------------------------------------------------------------

      Code (inc. data)   RO Data    RW Data    ZI Data      Debug   Library Member Name

         8          0          0          0          0         68   __main.o
       108          0          0          0          0         76   __printf.o
         0          0          0          0          0          0   __rtentry.o
        12          0          0          0          0          0   __rtentry2.o
         6          0          0          0          0          0   __rtentry4.o
        60          8          0          0          0          0   __scatter.o
        26          0          0          0          0          0   __scatter_copy.o
        28          0          0          0          0          0   __scatter_zi.o
        46          0          0          0          0        100   _printf_char.o
        48          6          0          0          0         88   _printf_char_common.o
        40          6          0          0          0         72   _printf_char_file.o
         2          0          0          0          0          0   _printf_percent.o
         4          0          0          0          0          0   _printf_percent_end.o
        10          0          0          0          0          0   _printf_s.o
        82          0          0          0          0         72   _printf_str.o
        10          0          0          0          0         60   _sputc.o
       346          0          0          0          0         92   aeabi_sdiv.o
        12          0          0          0          0         64   exit.o
         6          0          0          0          0        136   heapauxi.o
         2          0          0          0          0          0   libinit.o
         2          0          0          0          0          0   libinit2.o
         2          0          0          0          0          0   libshutdown.o
         2          0          0          0          0          0   libshutdown2.o
         8          4          0          0         96         68   libspace.o
        28          6          0          0          0         84   noretval__2printf.o
        40          4          0          0          0         84   noretval__2sprintf.o
         2          0          0          0          0          0   rtexit.o
        10          0          0          0          0          0   rtexit2.o
        76          6          0          0          0         72   strcpy.o
        40          0          0          0          0         72   strstr.o
        62          0          0          0          0         80   sys_stackheap_outer.o
         2          0          0          0          0         68   use_no_semi.o
       856         20          0          0          0        208   daddsub.o
        72          4          0          0          0         68   dfixui.o
        84          4          0          0          0         60   f2d.o
       372          8          0          0          0        240   faddsub.o
       352         10         64          0          0         92   fdiv.o
        48          0          0          0          0         60   ffixui.o
        94          0          0          0          0         92   fflti.o
       176          4          0          0          0         80   fmul.o
         0          0          0          0          0          0   usenofp.o

    ----------------------------------------------------------------------
      3196         90         64          0        100       2256   Library Totals
        12          0          0          0          4          0   (incl. Padding)

    ----------------------------------------------------------------------

      Code (inc. data)   RO Data    RW Data    ZI Data      Debug   Library Name

      1130         40          0          0         96       1356   c_p.l
      2054         50         64          0          0        900   fz_ps.l

    ----------------------------------------------------------------------
      3196         90         64          0        100       2256   Library Totals

    ----------------------------------------------------------------------

==============================================================================


      Code (inc. data)   RO Data    RW Data    ZI Data      Debug   

      7328        782        264         36       5236      62696   Grand Totals
      7328        782        264         36       5236      62696   ELF Image Totals
      7328        782        264         36          0          0   ROM Totals

==============================================================================

    Total RO  Size (Code + RO Data)                 7592 (   7.41kB)
    Total RW  Size (RW Data + ZI Data)              5272 (   5.15kB)
    Total ROM Size (Code + RO Data + RW Data)       7628 (   7.45kB)

==============================================================================

