<html>
<body>
<pre>
<h1>킮ision Build Log</h1>
<h2>Tool Versions:</h2>
IDE-Version: μVision V5.15
Copyright (C) 2015 ARM Ltd and ARM Germany GmbH. All rights reserved.
License Information: daniel user, wiznet, LIC=----
 
Tool Versions:
Toolchain:       MDK-Lite  Version: 5.15.0
Toolchain Path:  C:\Keil_v5\ARM\ARMCC\Bin
C Compiler:      Armcc.exe V5.05 update 2 (build 169)
Assembler:       Armasm.exe V5.05 update 2 (build 169)
Linker/Locator:  ArmLink.exe V5.05 update 2 (build 169)
Library Manager: ArmAr.exe V5.05 update 2 (build 169)
Hex Converter:   FromElf.exe V5.05 update 2 (build 169)
CPU DLL:         SARMCM3.DLL V5.15.0
Dialog DLL:      DARMCM1.DLL V1.12.0.0
Target DLL:      CMSIS_AGDI.dll V1.21.12.0
Dialog DLL:      TARMCM1.DLL V1.9.0.0
 
<h2>Project:</h2>
D:\1.WIZnet\4. WizFi250 강의\WizFi250-W7500 Example\5CloudService\EX5_TemperatureLogger_CloudService.uvprojx
Project File Date:  07/16/2015

<h2>Output:</h2>
*** Using Compiler 'V5.05 update 2 (build 169)', folder: 'C:\Keil_v5\ARM\ARMCC\Bin'
Rebuild target 'Target 1'
assembling startup_W7500x.s...
compiling system_W7500x.c...
compiling W7500x_uart.c...
compiling W7500x_gpio.c...
compiling W7500x_adc.c...
compiling main.c...
main.c(53): warning:  #1295-D: Deprecated declaration WizFi250_Associate - give arg types
  int8_t WizFi250_Associate();
main.c(54): warning:  #1295-D: Deprecated declaration WizFi250_SendData - give arg types
  int8_t WizFi250_SendData();
main.c(189): warning:  #188-D: enumerated type mixed with another type
                                                                                                                                sensorValue = ADC_Read(0);
main.c(194): warning:  #223-D: function "strlen" declared implicitly
                                                                                                                                len = strlen(value);
main.c(205): warning:  #167-D: argument of type "char *" is incompatible with parameter of type "uint8_t *"
                                                                                                                                UartPuts(
ART0, query);
main.c(207): warning:  #167-D: argument of type "char *" is incompatible with parameter of type "uint8_t *"
                                                                                                                                UartPuts(
ART1, query);
main.c: 6 warnings, 0 errors
compiling retarget.c...
compiling W7500x_it.c...
compiling WizFi250Handler.c...
WizFi250Handler.c(55): warning:  #111-D: statement is unreachable
                                                                                break;
WizFi250Handler.c(74): warning:  #111-D: statement is unreachable
                                                                                        break;
WizFi250Handler.c(104): warning:  #223-D: function "strcpy" declared implicitly
                                if ( cr_lf == 1 )               strcpy(crlf_string, "\r");
WizFi250Handler.c(112): warning:  #223-D: function "printf" declared implicitly
                                if ( debug_print==1 )   printf("\r\nDBG>>> Send : %s\r\n", send_command);
WizFi250Handler.c(136): warning:  #223-D: function "strstr" declared implicitly
                                                                                                        if ( strstr((char*)g_wizfi250_resp_buff, str_find1) ) is_found1 = 1;
WizFi250Handler.c(140): warning:  #223-D: function "strstr" declared implicitly
                                                                                                        if ( strstr((char*)g_wizfi250_resp_buff, str_find2) ) is_found2 = 1;
WizFi250Handler.c: 6 warnings, 0 errors
linking...
Program Size: Code=12760 RO-data=720 RW-data=40 ZI-data=5232  
After Build - User command #1: fromelf --bin -o "D:\1.WIZnet\4. WizFi250 강의\WizFi250-W7500 Example\5CloudService\Objects\EX5_TemperatureLogger_CloudService.bin" "D:\1.WIZnet\4. WizFi250 강의\WizFi250-W7500 Example\5CloudService\Objects\EX5_TemperatureLogger_CloudService.axf"
".\Objects\EX5_TemperatureLogger_CloudService.axf" - 0 Error(s), 12 Warning(s).

<h2>Collection of Component include folders:</h2>
  D:\1.WIZnet\4. WizFi250 강의\WizFi250-W7500 Example\5CloudService\RTE
  d:\Keil_v5\ARM\PACK\ARM\CMSIS\4.3.0\Device\ARM\ARMCM0\Include

<h2>Collection of Component Files used:</h2>
</pre>
</body>
</html>
