Component: ARM Compiler 5.05 update 2 (build 169) Tool: armlink [4d0f33]

==============================================================================

Section Cross References

    startup_w7500x.o(STACK) refers (Special) to heapauxi.o(.text) for __use_two_region_memory
    startup_w7500x.o(HEAP) refers (Special) to heapauxi.o(.text) for __use_two_region_memory
    startup_w7500x.o(RESET) refers (Special) to heapauxi.o(.text) for __use_two_region_memory
    startup_w7500x.o(RESET) refers to startup_w7500x.o(STACK) for __initial_sp
    startup_w7500x.o(RESET) refers to startup_w7500x.o(.text) for Reset_Handler
    startup_w7500x.o(RESET) refers to w7500x_it.o(i.NMI_Handler) for NMI_Handler
    startup_w7500x.o(RESET) refers to w7500x_it.o(i.HardFault_Handler) for HardFault_Handler
    startup_w7500x.o(RESET) refers to w7500x_it.o(i.SVC_Handler) for SVC_Handler
    startup_w7500x.o(RESET) refers to w7500x_it.o(i.PendSV_Handler) for PendSV_Handler
    startup_w7500x.o(RESET) refers to w7500x_it.o(i.SysTick_Handler) for SysTick_Handler
    startup_w7500x.o(RESET) refers to w7500x_it.o(i.SSP0_Handler) for SSP0_Handler
    startup_w7500x.o(RESET) refers to w7500x_it.o(i.SSP1_Handler) for SSP1_Handler
    startup_w7500x.o(RESET) refers to w7500x_it.o(i.UART0_Handler) for UART0_Handler
    startup_w7500x.o(RESET) refers to w7500x_it.o(i.UART1_Handler) for UART1_Handler
    startup_w7500x.o(RESET) refers to w7500x_it.o(i.UART2_Handler) for UART2_Handler
    startup_w7500x.o(RESET) refers to w7500x_it.o(i.I2C0_Handler) for I2C0_Handler
    startup_w7500x.o(RESET) refers to w7500x_it.o(i.I2C1_Handler) for I2C1_Handler
    startup_w7500x.o(RESET) refers to w7500x_it.o(i.PORT0_Handler) for PORT0_Handler
    startup_w7500x.o(RESET) refers to w7500x_it.o(i.PORT1_Handler) for PORT1_Handler
    startup_w7500x.o(RESET) refers to w7500x_it.o(i.PORT2_Handler) for PORT2_Handler
    startup_w7500x.o(RESET) refers to w7500x_it.o(i.PORT3_Handler) for PORT3_Handler
    startup_w7500x.o(RESET) refers to w7500x_it.o(i.DMA_Handler) for DMA_Handler
    startup_w7500x.o(RESET) refers to w7500x_it.o(i.DUALTIMER0_Handler) for DUALTIMER0_Handler
    startup_w7500x.o(RESET) refers to w7500x_it.o(i.DUALTIMER1_Handler) for DUALTIMER1_Handler
    startup_w7500x.o(RESET) refers to w7500x_it.o(i.PWM0_Handler) for PWM0_Handler
    startup_w7500x.o(RESET) refers to w7500x_it.o(i.PWM1_Handler) for PWM1_Handler
    startup_w7500x.o(RESET) refers to w7500x_it.o(i.PWM2_Handler) for PWM2_Handler
    startup_w7500x.o(RESET) refers to w7500x_it.o(i.PWM3_Handler) for PWM3_Handler
    startup_w7500x.o(RESET) refers to w7500x_it.o(i.PWM4_Handler) for PWM4_Handler
    startup_w7500x.o(RESET) refers to w7500x_it.o(i.PWM5_Handler) for PWM5_Handler
    startup_w7500x.o(RESET) refers to w7500x_it.o(i.PWM6_Handler) for PWM6_Handler
    startup_w7500x.o(RESET) refers to w7500x_it.o(i.PWM7_Handler) for PWM7_Handler
    startup_w7500x.o(RESET) refers to w7500x_it.o(i.ADC_Handler) for ADC_Handler
    startup_w7500x.o(RESET) refers to w7500x_it.o(i.WZTOE_Handler) for WZTOE_Handler
    startup_w7500x.o(RESET) refers to w7500x_it.o(i.EXTI_Handler) for EXTI_Handler
    startup_w7500x.o(.text) refers (Special) to heapauxi.o(.text) for __use_two_region_memory
    startup_w7500x.o(.text) refers to system_w7500x.o(i.SystemInit) for SystemInit
    startup_w7500x.o(.text) refers to __main.o(!!!main) for __main
    startup_w7500x.o(.text) refers to startup_w7500x.o(HEAP) for Heap_Mem
    startup_w7500x.o(.text) refers to startup_w7500x.o(STACK) for Stack_Mem
    system_w7500x.o(i.GetSystemClock) refers to system_w7500x.o(.data) for SystemFrequency
    system_w7500x.o(i.SystemInit) refers to aeabi_sdiv.o(.text) for __aeabi_uidivmod
    system_w7500x.o(i.SystemInit) refers to system_w7500x.o(.data) for SystemFrequency
    w7500x_gpio.o(i.GPIO_Configuration) refers to w7500x_gpio.o(i.GPIO_StructInit) for GPIO_StructInit
    w7500x_gpio.o(i.GPIO_Configuration) refers to w7500x_gpio.o(i.GPIO_Init) for GPIO_Init
    w7500x_gpio.o(i.GPIO_Configuration) refers to w7500x_gpio.o(i.PAD_AFConfig) for PAD_AFConfig
    w7500x_gpio.o(i.GPIO_INT_Configuration) refers to w7500x_gpio.o(i.GPIO_StructInit) for GPIO_StructInit
    w7500x_gpio.o(i.GPIO_INT_Configuration) refers to w7500x_gpio.o(i.GPIO_Init) for GPIO_Init
    w7500x_gpio.o(i.GPIO_INT_Configuration) refers to w7500x_gpio.o(i.GPIO_INT_Polarity_Bits) for GPIO_INT_Polarity_Bits
    w7500x_gpio.o(i.GPIO_INT_Configuration) refers to w7500x_gpio.o(i.PAD_AFConfig) for PAD_AFConfig
    w7500x_uart.o(i.S_UART_Init) refers to system_w7500x.o(i.GetSystemClock) for GetSystemClock
    w7500x_uart.o(i.S_UART_Init) refers to aeabi_sdiv.o(.text) for __aeabi_uidivmod
    w7500x_uart.o(i.S_UartGetc) refers to w7500x_uart.o(i.S_UART_ReceiveData) for S_UART_ReceiveData
    w7500x_uart.o(i.S_UartPutc) refers to w7500x_uart.o(i.S_UART_SendData) for S_UART_SendData
    w7500x_uart.o(i.S_UartPuts) refers to w7500x_uart.o(i.S_UART_SendData) for S_UART_SendData
    w7500x_uart.o(i.UART_Init) refers to aeabi_sdiv.o(.text) for __aeabi_uidivmod
    w7500x_uart.o(i.UART_Init) refers to fflti.o(.text) for __aeabi_ui2f
    w7500x_uart.o(i.UART_Init) refers to fdiv.o(.text) for __aeabi_fdiv
    w7500x_uart.o(i.UART_Init) refers to ffixui.o(.text) for __aeabi_f2uiz
    w7500x_uart.o(i.UART_Init) refers to faddsub.o(x$fpl$frsb) for __aeabi_frsub
    w7500x_uart.o(i.UART_Init) refers to fmul.o(x$fpl$fmul) for __aeabi_fmul
    w7500x_uart.o(i.UART_Init) refers to f2d.o(.text) for __aeabi_f2d
    w7500x_uart.o(i.UART_Init) refers to daddsub.o(.text) for __aeabi_dadd
    w7500x_uart.o(i.UART_Init) refers to dfixui.o(.text) for __aeabi_d2uiz
    w7500x_uart.o(i.UartPutc) refers to w7500x_uart.o(i.UART_SendData) for UART_SendData
    w7500x_uart.o(i.UartPuts) refers to w7500x_uart.o(i.UartPutc) for UartPutc
    retarget.o(.rev16_text) refers (Special) to use_no_semi.o(.text) for __use_no_semihosting_swi
    retarget.o(.revsh_text) refers (Special) to use_no_semi.o(.text) for __use_no_semihosting_swi
    retarget.o(i._sys_exit) refers (Special) to use_no_semi.o(.text) for __use_no_semihosting_swi
    retarget.o(i._ttywrch) refers (Special) to use_no_semi.o(.text) for __use_no_semihosting_swi
    retarget.o(i._ttywrch) refers to w7500x_uart.o(i.UartPutc) for UartPutc
    retarget.o(i.ferror) refers (Special) to use_no_semi.o(.text) for __use_no_semihosting_swi
    retarget.o(i.fgetc) refers (Special) to use_no_semi.o(.text) for __use_no_semihosting_swi
    retarget.o(i.fgetc) refers to w7500x_uart.o(i.UartGetc) for UartGetc
    retarget.o(i.fgetc) refers to w7500x_uart.o(i.UartPutc) for UartPutc
    retarget.o(i.fputc) refers (Special) to use_no_semi.o(.text) for __use_no_semihosting_swi
    retarget.o(i.fputc) refers to w7500x_uart.o(i.UartPutc) for UartPutc
    retarget.o(.data) refers (Special) to use_no_semi.o(.text) for __use_no_semihosting_swi
    w7500x_it.o(i.UART0_Handler) refers to w7500x_uart.o(i.UART_GetITStatus) for UART_GetITStatus
    w7500x_it.o(i.UART0_Handler) refers to w7500x_uart.o(i.UART_ClearITPendingBit) for UART_ClearITPendingBit
    w7500x_it.o(i.UART0_Handler) refers to w7500x_uart.o(i.UART_SendData) for UART_SendData
    w7500x_it.o(i.UART0_Handler) refers to w7500x_uart.o(i.UART_ReceiveData) for UART_ReceiveData
    w7500x_it.o(i.UART0_Handler) refers to w7500x_it.o(.data) for u0rx_wr
    w7500x_it.o(i.UART0_Handler) refers to w7500x_it.o(.bss) for u0rx_buf
    w7500x_it.o(i.UART1_Handler) refers to w7500x_uart.o(i.UART_GetITStatus) for UART_GetITStatus
    w7500x_it.o(i.UART1_Handler) refers to w7500x_uart.o(i.UART_ClearITPendingBit) for UART_ClearITPendingBit
    w7500x_it.o(i.UART1_Handler) refers to w7500x_uart.o(i.UART_SendData) for UART_SendData
    w7500x_it.o(i.UART1_Handler) refers to w7500x_uart.o(i.UART_ReceiveData) for UART_ReceiveData
    w7500x_it.o(i.UART1_Handler) refers to w7500x_it.o(.data) for u1rx_wr
    w7500x_it.o(i.UART1_Handler) refers to w7500x_it.o(.bss) for u1rx_buf
    wizfi250handler.o(i.UartGetc_nonblk) refers to w7500x_it.o(.data) for u0rx_rd
    wizfi250handler.o(i.UartGetc_nonblk) refers to w7500x_it.o(.bss) for u0rx_buf
    wizfi250handler.o(i.WizFi250_Restart) refers to w7500x_gpio.o(i.GPIO_SetBits) for GPIO_SetBits
    wizfi250handler.o(i.WizFi250_Restart) refers to wizfi250handler.o(i.delay_ms) for delay_ms
    wizfi250handler.o(i.WizFi250_Restart) refers to w7500x_gpio.o(i.GPIO_ResetBits) for GPIO_ResetBits
    wizfi250handler.o(i.send_and_check_command) refers to _printf_percent.o(.ARM.Collect$$_printf_percent$$00000000) for _printf_percent
    wizfi250handler.o(i.send_and_check_command) refers to _printf_s.o(.ARM.Collect$$_printf_percent$$00000014) for _printf_s
    wizfi250handler.o(i.send_and_check_command) refers to _printf_str.o(.text) for _printf_str
    wizfi250handler.o(i.send_and_check_command) refers to w7500x_uart.o(i.UartPuts) for UartPuts
    wizfi250handler.o(i.send_and_check_command) refers to strcpy.o(.text) for strcpy
    wizfi250handler.o(i.send_and_check_command) refers to noretval__2printf.o(.text) for __2printf
    wizfi250handler.o(i.send_and_check_command) refers to wizfi250handler.o(i.UartGetc_nonblk) for UartGetc_nonblk
    wizfi250handler.o(i.send_and_check_command) refers to strstr.o(.text) for strstr
    wizfi250handler.o(i.send_and_check_command) refers to wizfi250handler.o(i.delay_ms) for delay_ms
    wizfi250handler.o(i.send_and_check_command) refers to wizfi250handler.o(.data) for g_resp_data_len
    wizfi250handler.o(i.send_and_check_command) refers to wizfi250handler.o(.bss) for g_wizfi250_resp_buff
    main.o(i.main) refers to system_w7500x.o(i.SystemInit) for SystemInit
    main.o(i.main) refers to w7500x_uart.o(i.UART_StructInit) for UART_StructInit
    main.o(i.main) refers to w7500x_uart.o(i.UART_Init) for UART_Init
    main.o(i.main) refers to w7500x_uart.o(i.UART_ITConfig) for UART_ITConfig
    main.o(i.main) refers to w7500x_uart.o(i.UartPuts) for UartPuts
    main.o(i.main) refers to wizfi250handler.o(i.UartGetc_nonblk) for UartGetc_nonblk
    main.o(i.main) refers to w7500x_uart.o(i.UartPutc) for UartPutc
    main.o(i.main) refers to main.o(.bss) for UART_InitStructure
    __2printf.o(.text) refers to _printf_char_file.o(.text) for _printf_char_file
    __2printf.o(.text) refers to retarget.o(.data) for __stdout
    noretval__2printf.o(.text) refers to _printf_char_file.o(.text) for _printf_char_file
    noretval__2printf.o(.text) refers to retarget.o(.data) for __stdout
    __printf.o(.text) refers to _printf_percent.o(.ARM.Collect$$_printf_percent$$00000000) for _printf_percent
    _printf_str.o(.text) refers (Special) to _printf_char.o(.text) for _printf_cs_common
    __printf_flags.o(.text) refers to _printf_percent.o(.ARM.Collect$$_printf_percent$$00000000) for _printf_percent
    __printf_flags.o(.text) refers to __printf_flags.o(.constdata) for .constdata
    __printf_ss.o(.text) refers to _printf_percent.o(.ARM.Collect$$_printf_percent$$00000000) for _printf_percent
    __printf_flags_ss.o(.text) refers to _printf_percent.o(.ARM.Collect$$_printf_percent$$00000000) for _printf_percent
    __printf_flags_ss.o(.text) refers to __printf_flags_ss.o(.constdata) for .constdata
    __printf_wp.o(.text) refers to __printf_wp.o(i._is_digit) for _is_digit
    __printf_wp.o(.text) refers to _printf_percent.o(.ARM.Collect$$_printf_percent$$00000000) for _printf_percent
    __printf_flags_wp.o(.text) refers to __printf_wp.o(i._is_digit) for _is_digit
    __printf_flags_wp.o(.text) refers to _printf_percent.o(.ARM.Collect$$_printf_percent$$00000000) for _printf_percent
    __printf_flags_wp.o(.text) refers to __printf_flags_wp.o(.constdata) for .constdata
    __printf_ss_wp.o(.text) refers to __printf_wp.o(i._is_digit) for _is_digit
    __printf_ss_wp.o(.text) refers to _printf_percent.o(.ARM.Collect$$_printf_percent$$00000000) for _printf_percent
    __printf_flags_ss_wp.o(.text) refers to __printf_wp.o(i._is_digit) for _is_digit
    __printf_flags_ss_wp.o(.text) refers to _printf_percent.o(.ARM.Collect$$_printf_percent$$00000000) for _printf_percent
    __printf_flags_ss_wp.o(.text) refers to __printf_flags_ss_wp.o(.constdata) for .constdata
    _printf_s.o(.ARM.Collect$$_printf_percent$$00000014) refers (Weak) to _printf_char.o(.text) for _printf_string
    _printf_percent.o(.ARM.Collect$$_printf_percent$$00000000) refers (Special) to _printf_percent_end.o(.ARM.Collect$$_printf_percent$$00000017) for _printf_percent_end
    __main.o(!!!main) refers to __rtentry.o(.ARM.Collect$$rtentry$$00000000) for __rt_entry
    daddsub.o(.text) refers (Special) to usenofp.o(x$fpl$usenofp) for __I$use$fp
    dfixui.o(.text) refers (Special) to usenofp.o(x$fpl$usenofp) for __I$use$fp
    f2d.o(.text) refers (Special) to usenofp.o(x$fpl$usenofp) for __I$use$fp
    faddsub.o(x$fpl$fadd) refers (Special) to usenofp.o(x$fpl$usenofp) for __I$use$fp
    faddsub.o(x$fpl$fadd) refers to faddsub.o(x$fpl$fsub) for _fsub1
    faddsub.o(x$fpl$frsb) refers (Special) to usenofp.o(x$fpl$usenofp) for __I$use$fp
    faddsub.o(x$fpl$frsb) refers to faddsub.o(x$fpl$fsub) for _fsub1
    faddsub.o(x$fpl$frsb) refers to faddsub.o(x$fpl$fadd) for _fadd1
    faddsub.o(x$fpl$fsub) refers (Special) to usenofp.o(x$fpl$usenofp) for __I$use$fp
    faddsub.o(x$fpl$fsub) refers to faddsub.o(x$fpl$fadd) for _fadd1
    fdiv.o(.text) refers (Special) to usenofp.o(x$fpl$usenofp) for __I$use$fp
    fdiv.o(.text) refers to fdiv.o(.constdata) for .constdata
    fdiv.o(.constdata) refers (Special) to usenofp.o(x$fpl$usenofp) for __I$use$fp
    ffixui.o(.text) refers (Special) to usenofp.o(x$fpl$usenofp) for __I$use$fp
    fflti.o(.text) refers (Special) to usenofp.o(x$fpl$usenofp) for __I$use$fp
    fmul.o(x$fpl$fmul) refers (Special) to usenofp.o(x$fpl$usenofp) for __I$use$fp
    __rtentry.o(.ARM.Collect$$rtentry$$00000000) refers (Special) to __rtentry2.o(.ARM.Collect$$rtentry$$0000000A) for __rt_entry_li
    __rtentry.o(.ARM.Collect$$rtentry$$00000000) refers (Special) to __rtentry2.o(.ARM.Collect$$rtentry$$0000000D) for __rt_entry_main
    __rtentry.o(.ARM.Collect$$rtentry$$00000000) refers (Special) to __rtentry2.o(.ARM.Collect$$rtentry$$0000000C) for __rt_entry_postli_1
    __rtentry.o(.ARM.Collect$$rtentry$$00000000) refers (Special) to __rtentry2.o(.ARM.Collect$$rtentry$$00000009) for __rt_entry_postsh_1
    __rtentry.o(.ARM.Collect$$rtentry$$00000000) refers (Special) to __rtentry2.o(.ARM.Collect$$rtentry$$00000002) for __rt_entry_presh_1
    __rtentry.o(.ARM.Collect$$rtentry$$00000000) refers (Special) to __rtentry4.o(.ARM.Collect$$rtentry$$00000004) for __rt_entry_sh
    aeabi_idiv0_sigfpe.o(.text) refers to rt_div0.o(.text) for __rt_div0
    _printf_char.o(.text) refers (Weak) to _printf_str.o(.text) for _printf_str
    _printf_char_file.o(.text) refers to _printf_char_common.o(.text) for _printf_char_common
    _printf_char_file.o(.text) refers to retarget.o(i.ferror) for ferror
    _printf_char_file.o(.text) refers to retarget.o(i.fputc) for fputc
    __rtentry2.o(.ARM.Collect$$rtentry$$00000008) refers to boardinit2.o(.text) for _platform_post_stackheap_init
    __rtentry2.o(.ARM.Collect$$rtentry$$0000000A) refers to libinit.o(.ARM.Collect$$libinit$$00000000) for __rt_lib_init
    __rtentry2.o(.ARM.Collect$$rtentry$$0000000B) refers to boardinit3.o(.text) for _platform_post_lib_init
    __rtentry2.o(.ARM.Collect$$rtentry$$0000000D) refers to main.o(i.main) for main
    __rtentry2.o(.ARM.Collect$$rtentry$$0000000D) refers to exit.o(.text) for exit
    __rtentry2.o(.ARM.exidx) refers to __rtentry2.o(.ARM.Collect$$rtentry$$00000001) for .ARM.Collect$$rtentry$$00000001
    __rtentry2.o(.ARM.exidx) refers to __rtentry2.o(.ARM.Collect$$rtentry$$00000008) for .ARM.Collect$$rtentry$$00000008
    __rtentry2.o(.ARM.exidx) refers to __rtentry2.o(.ARM.Collect$$rtentry$$0000000A) for .ARM.Collect$$rtentry$$0000000A
    __rtentry2.o(.ARM.exidx) refers to __rtentry2.o(.ARM.Collect$$rtentry$$0000000B) for .ARM.Collect$$rtentry$$0000000B
    __rtentry2.o(.ARM.exidx) refers to __rtentry2.o(.ARM.Collect$$rtentry$$0000000D) for .ARM.Collect$$rtentry$$0000000D
    __rtentry4.o(.ARM.Collect$$rtentry$$00000004) refers to sys_stackheap_outer.o(.text) for __user_setup_stackheap
    __rtentry4.o(.ARM.exidx) refers to __rtentry4.o(.ARM.Collect$$rtentry$$00000004) for .ARM.Collect$$rtentry$$00000004
    rt_div0.o(.text) refers to defsig_fpe_outer.o(.text) for __rt_SIGFPE
    _printf_char_common.o(.text) refers to __printf.o(.text) for __printf
    sys_stackheap_outer.o(.text) refers to libspace.o(.text) for __user_perproc_libspace
    sys_stackheap_outer.o(.text) refers to startup_w7500x.o(.text) for __user_initial_stackheap
    sys_stackheap_outer.o(__vectab_stack_and_reset_area) refers to tempstk.o(.text) for __temporary_stack_top
    sys_stackheap_outer.o(__vectab_stack_and_reset_area) refers to __main.o(!!!main) for __main
    exit.o(.text) refers to rtexit.o(.ARM.Collect$$rtexit$$00000000) for __rt_exit
    defsig_fpe_outer.o(.text) refers to defsig_fpe_inner.o(.text) for __rt_SIGFPE_inner
    defsig_fpe_outer.o(.text) refers to defsig_exit.o(.text) for __sig_exit
    defsig_fpe_formal.o(.text) refers to rt_raise.o(.text) for __rt_raise
    libinit.o(.ARM.Collect$$libinit$$00000000) refers (Special) to libinit2.o(.ARM.Collect$$libinit$$0000002E) for __rt_lib_init_alloca_1
    libinit.o(.ARM.Collect$$libinit$$00000000) refers (Special) to libinit2.o(.ARM.Collect$$libinit$$0000002C) for __rt_lib_init_argv_1
    libinit.o(.ARM.Collect$$libinit$$00000000) refers (Special) to libinit2.o(.ARM.Collect$$libinit$$0000001B) for __rt_lib_init_atexit_1
    libinit.o(.ARM.Collect$$libinit$$00000000) refers (Special) to libinit2.o(.ARM.Collect$$libinit$$00000021) for __rt_lib_init_clock_1
    libinit.o(.ARM.Collect$$libinit$$00000000) refers (Special) to libinit2.o(.ARM.Collect$$libinit$$00000032) for __rt_lib_init_cpp_1
    libinit.o(.ARM.Collect$$libinit$$00000000) refers (Special) to libinit2.o(.ARM.Collect$$libinit$$00000030) for __rt_lib_init_exceptions_1
    libinit.o(.ARM.Collect$$libinit$$00000000) refers (Special) to libinit2.o(.ARM.Collect$$libinit$$00000002) for __rt_lib_init_fp_1
    libinit.o(.ARM.Collect$$libinit$$00000000) refers (Special) to libinit2.o(.ARM.Collect$$libinit$$0000001F) for __rt_lib_init_fp_trap_1
    libinit.o(.ARM.Collect$$libinit$$00000000) refers (Special) to libinit2.o(.ARM.Collect$$libinit$$00000023) for __rt_lib_init_getenv_1
    libinit.o(.ARM.Collect$$libinit$$00000000) refers (Special) to libinit2.o(.ARM.Collect$$libinit$$0000000A) for __rt_lib_init_heap_1
    libinit.o(.ARM.Collect$$libinit$$00000000) refers (Special) to libinit2.o(.ARM.Collect$$libinit$$00000011) for __rt_lib_init_lc_collate_1
    libinit.o(.ARM.Collect$$libinit$$00000000) refers (Special) to libinit2.o(.ARM.Collect$$libinit$$00000013) for __rt_lib_init_lc_ctype_1
    libinit.o(.ARM.Collect$$libinit$$00000000) refers (Special) to libinit2.o(.ARM.Collect$$libinit$$00000015) for __rt_lib_init_lc_monetary_1
    libinit.o(.ARM.Collect$$libinit$$00000000) refers (Special) to libinit2.o(.ARM.Collect$$libinit$$00000017) for __rt_lib_init_lc_numeric_1
    libinit.o(.ARM.Collect$$libinit$$00000000) refers (Special) to libinit2.o(.ARM.Collect$$libinit$$00000019) for __rt_lib_init_lc_time_1
    libinit.o(.ARM.Collect$$libinit$$00000000) refers (Special) to libinit2.o(.ARM.Collect$$libinit$$00000004) for __rt_lib_init_preinit_1
    libinit.o(.ARM.Collect$$libinit$$00000000) refers (Special) to libinit2.o(.ARM.Collect$$libinit$$0000000E) for __rt_lib_init_rand_1
    libinit.o(.ARM.Collect$$libinit$$00000000) refers (Special) to libinit2.o(.ARM.Collect$$libinit$$00000033) for __rt_lib_init_return
    libinit.o(.ARM.Collect$$libinit$$00000000) refers (Special) to libinit2.o(.ARM.Collect$$libinit$$0000001D) for __rt_lib_init_signal_1
    libinit.o(.ARM.Collect$$libinit$$00000000) refers (Special) to libinit2.o(.ARM.Collect$$libinit$$00000025) for __rt_lib_init_stdio_1
    libinit.o(.ARM.Collect$$libinit$$00000000) refers (Special) to libinit2.o(.ARM.Collect$$libinit$$0000000C) for __rt_lib_init_user_alloc_1
    libspace.o(.text) refers to libspace.o(.bss) for __libspace_start
    rtexit.o(.ARM.Collect$$rtexit$$00000000) refers (Special) to rtexit2.o(.ARM.Collect$$rtexit$$00000004) for __rt_exit_exit
    rtexit.o(.ARM.Collect$$rtexit$$00000000) refers (Special) to rtexit2.o(.ARM.Collect$$rtexit$$00000003) for __rt_exit_ls
    rtexit.o(.ARM.Collect$$rtexit$$00000000) refers (Special) to rtexit2.o(.ARM.Collect$$rtexit$$00000002) for __rt_exit_prels_1
    rtexit.o(.ARM.exidx) refers (Special) to rtexit2.o(.ARM.Collect$$rtexit$$00000004) for __rt_exit_exit
    rtexit.o(.ARM.exidx) refers (Special) to rtexit2.o(.ARM.Collect$$rtexit$$00000003) for __rt_exit_ls
    rtexit.o(.ARM.exidx) refers (Special) to rtexit2.o(.ARM.Collect$$rtexit$$00000002) for __rt_exit_prels_1
    rtexit.o(.ARM.exidx) refers to rtexit.o(.ARM.Collect$$rtexit$$00000000) for .ARM.Collect$$rtexit$$00000000
    rt_raise.o(.text) refers to __raise.o(.text) for __raise
    rt_raise.o(.text) refers to retarget.o(i._sys_exit) for _sys_exit
    defsig_exit.o(.text) refers to retarget.o(i._sys_exit) for _sys_exit
    defsig_fpe_inner.o(.text) refers to defsig_general.o(.text) for __default_signal_display
    libinit2.o(.ARM.Collect$$libinit$$00000010) refers to libinit2.o(.ARM.Collect$$libinit$$0000000F) for .ARM.Collect$$libinit$$0000000F
    libinit2.o(.ARM.Collect$$libinit$$00000012) refers to libinit2.o(.ARM.Collect$$libinit$$0000000F) for .ARM.Collect$$libinit$$0000000F
    libinit2.o(.ARM.Collect$$libinit$$00000014) refers to libinit2.o(.ARM.Collect$$libinit$$0000000F) for .ARM.Collect$$libinit$$0000000F
    libinit2.o(.ARM.Collect$$libinit$$00000016) refers to libinit2.o(.ARM.Collect$$libinit$$0000000F) for .ARM.Collect$$libinit$$0000000F
    libinit2.o(.ARM.Collect$$libinit$$00000018) refers to libinit2.o(.ARM.Collect$$libinit$$0000000F) for .ARM.Collect$$libinit$$0000000F
    libinit2.o(.ARM.Collect$$libinit$$00000026) refers to argv_veneer.o(.text) for __ARM_argv_veneer
    libinit2.o(.ARM.Collect$$libinit$$00000027) refers to argv_veneer.o(.text) for __ARM_argv_veneer
    rtexit2.o(.ARM.Collect$$rtexit$$00000003) refers to libshutdown.o(.ARM.Collect$$libshutdown$$00000000) for __rt_lib_shutdown
    rtexit2.o(.ARM.Collect$$rtexit$$00000004) refers to retarget.o(i._sys_exit) for _sys_exit
    rtexit2.o(.ARM.exidx) refers to rtexit2.o(.ARM.Collect$$rtexit$$00000001) for .ARM.Collect$$rtexit$$00000001
    rtexit2.o(.ARM.exidx) refers to rtexit2.o(.ARM.Collect$$rtexit$$00000003) for .ARM.Collect$$rtexit$$00000003
    rtexit2.o(.ARM.exidx) refers to rtexit2.o(.ARM.Collect$$rtexit$$00000004) for .ARM.Collect$$rtexit$$00000004
    __raise.o(.text) refers to defsig.o(CL$$defsig) for __default_signal_handler
    defsig_general.o(.text) refers to retarget.o(i._ttywrch) for _ttywrch
    defsig.o(CL$$defsig) refers to defsig_fpe_inner.o(.text) for __rt_SIGFPE_inner
    defsig.o(CL$$defsig) refers to defsig_rtmem_inner.o(.text) for __rt_SIGRTMEM_inner
    _get_argv_nomalloc.o(.text) refers (Special) to hrguard.o(.text) for __heap_region$guard
    _get_argv_nomalloc.o(.text) refers to defsig_rtmem_outer.o(.text) for __rt_SIGRTMEM
    _get_argv_nomalloc.o(.text) refers to sys_command.o(.text) for _sys_command_string
    libshutdown.o(.ARM.Collect$$libshutdown$$00000000) refers (Special) to libshutdown2.o(.ARM.Collect$$libshutdown$$00000006) for __rt_lib_shutdown_fp_trap_1
    libshutdown.o(.ARM.Collect$$libshutdown$$00000000) refers (Special) to libshutdown2.o(.ARM.Collect$$libshutdown$$0000000E) for __rt_lib_shutdown_heap_1
    libshutdown.o(.ARM.Collect$$libshutdown$$00000000) refers (Special) to libshutdown2.o(.ARM.Collect$$libshutdown$$0000000F) for __rt_lib_shutdown_return
    libshutdown.o(.ARM.Collect$$libshutdown$$00000000) refers (Special) to libshutdown2.o(.ARM.Collect$$libshutdown$$00000009) for __rt_lib_shutdown_signal_1
    libshutdown.o(.ARM.Collect$$libshutdown$$00000000) refers (Special) to libshutdown2.o(.ARM.Collect$$libshutdown$$00000003) for __rt_lib_shutdown_stdio_1
    libshutdown.o(.ARM.Collect$$libshutdown$$00000000) refers (Special) to libshutdown2.o(.ARM.Collect$$libshutdown$$0000000B) for __rt_lib_shutdown_user_alloc_1
    sys_command.o(.text) refers (Special) to use_no_semi.o(.text) for __I$use$semihosting
    sys_command.o(.text) refers (Special) to indicate_semi.o(.text) for __semihosting_library_function
    defsig_abrt_inner.o(.text) refers to defsig_general.o(.text) for __default_signal_display
    defsig_rtred_inner.o(.text) refers to defsig_general.o(.text) for __default_signal_display
    defsig_rtmem_inner.o(.text) refers to defsig_general.o(.text) for __default_signal_display
    defsig_rtmem_outer.o(.text) refers to defsig_rtmem_inner.o(.text) for __rt_SIGRTMEM_inner
    defsig_rtmem_outer.o(.text) refers to defsig_exit.o(.text) for __sig_exit
    defsig_rtmem_formal.o(.text) refers to rt_raise.o(.text) for __rt_raise
    defsig_stak_inner.o(.text) refers to defsig_general.o(.text) for __default_signal_display
    defsig_pvfn_inner.o(.text) refers to defsig_general.o(.text) for __default_signal_display
    defsig_cppl_inner.o(.text) refers to defsig_general.o(.text) for __default_signal_display
    defsig_segv_inner.o(.text) refers to defsig_general.o(.text) for __default_signal_display
    defsig_other.o(.text) refers to defsig_general.o(.text) for __default_signal_display


==============================================================================

Removing Unused input sections from the image.

    Removing system_w7500x.o(.rev16_text), (4 bytes).
    Removing system_w7500x.o(.revsh_text), (4 bytes).
    Removing system_w7500x.o(i.GetSystemClock), (12 bytes).
    Removing system_w7500x.o(i.SystemCoreClockUpdate), (2 bytes).
    Removing w7500x_gpio.o(.rev16_text), (4 bytes).
    Removing w7500x_gpio.o(.revsh_text), (4 bytes).
    Removing w7500x_gpio.o(i.GPIO_Configuration), (112 bytes).
    Removing w7500x_gpio.o(i.GPIO_DeInit), (120 bytes).
    Removing w7500x_gpio.o(i.GPIO_INT_Clear), (6 bytes).
    Removing w7500x_gpio.o(i.GPIO_INT_Configuration), (130 bytes).
    Removing w7500x_gpio.o(i.GPIO_INT_Enable), (18 bytes).
    Removing w7500x_gpio.o(i.GPIO_INT_Enable_Bits), (24 bytes).
    Removing w7500x_gpio.o(i.GPIO_INT_Polarity), (16 bytes).
    Removing w7500x_gpio.o(i.GPIO_INT_Polarity_Bits), (20 bytes).
    Removing w7500x_gpio.o(i.GPIO_Init), (276 bytes).
    Removing w7500x_gpio.o(i.GPIO_ReadInputData), (8 bytes).
    Removing w7500x_gpio.o(i.GPIO_ReadInputDataBit), (20 bytes).
    Removing w7500x_gpio.o(i.GPIO_ReadOutputData), (8 bytes).
    Removing w7500x_gpio.o(i.GPIO_ReadOutputDataBit), (20 bytes).
    Removing w7500x_gpio.o(i.GPIO_Read_INTstatus), (20 bytes).
    Removing w7500x_gpio.o(i.GPIO_ResetBits), (32 bytes).
    Removing w7500x_gpio.o(i.GPIO_SetBits), (26 bytes).
    Removing w7500x_gpio.o(i.GPIO_StructInit), (20 bytes).
    Removing w7500x_gpio.o(i.GPIO_Write), (4 bytes).
    Removing w7500x_gpio.o(i.GPIO_WriteBit), (28 bytes).
    Removing w7500x_gpio.o(i.PAD_AFConfig), (204 bytes).
    Removing w7500x_uart.o(.rev16_text), (4 bytes).
    Removing w7500x_uart.o(.revsh_text), (4 bytes).
    Removing w7500x_uart.o(i.S_UART_ClearITPendingBit), (20 bytes).
    Removing w7500x_uart.o(i.S_UART_DeInit), (2 bytes).
    Removing w7500x_uart.o(i.S_UART_GetFlagStatus), (28 bytes).
    Removing w7500x_uart.o(i.S_UART_GetITStatus), (28 bytes).
    Removing w7500x_uart.o(i.S_UART_ITConfig), (32 bytes).
    Removing w7500x_uart.o(i.S_UART_Init), (84 bytes).
    Removing w7500x_uart.o(i.S_UART_ReceiveData), (12 bytes).
    Removing w7500x_uart.o(i.S_UART_SendData), (24 bytes).
    Removing w7500x_uart.o(i.S_UartGetc), (28 bytes).
    Removing w7500x_uart.o(i.S_UartPutc), (14 bytes).
    Removing w7500x_uart.o(i.S_UartPuts), (26 bytes).
    Removing w7500x_uart.o(i.UART_ClearRecvStatus), (4 bytes).
    Removing w7500x_uart.o(i.UART_DeInit), (2 bytes).
    Removing w7500x_uart.o(i.UART_GetFlagStatus), (20 bytes).
    Removing w7500x_uart.o(i.UART_GetRecvStatus), (20 bytes).
    Removing w7500x_uart.o(i.UART_SendBreak), (10 bytes).
    Removing w7500x_uart.o(i.UartGetc), (20 bytes).
    Removing retarget.o(.rev16_text), (4 bytes).
    Removing retarget.o(.revsh_text), (4 bytes).
    Removing retarget.o(i._ttywrch), (20 bytes).
    Removing retarget.o(i.ferror), (8 bytes).
    Removing retarget.o(i.fgetc), (28 bytes).
    Removing retarget.o(i.fputc), (20 bytes).
    Removing retarget.o(.data), (8 bytes).
    Removing w7500x_it.o(.rev16_text), (4 bytes).
    Removing w7500x_it.o(.revsh_text), (4 bytes).
    Removing wizfi250handler.o(.rev16_text), (4 bytes).
    Removing wizfi250handler.o(.revsh_text), (4 bytes).
    Removing wizfi250handler.o(i.WizFi250_FactoryReset), (2 bytes).
    Removing wizfi250handler.o(i.WizFi250_Restart), (54 bytes).
    Removing wizfi250handler.o(i.delay_ms), (36 bytes).
    Removing wizfi250handler.o(i.send_and_check_command), (436 bytes).
    Removing wizfi250handler.o(.bss), (1024 bytes).
    Removing wizfi250handler.o(.data), (4 bytes).
    Removing main.o(.rev16_text), (4 bytes).
    Removing main.o(.revsh_text), (4 bytes).

64 unused section(s) (total 3196 bytes) removed from the image.

==============================================================================

Image Symbol Table

    Local Symbols

    Symbol Name                              Value     Ov Type        Size  Object(Section)

    RESET                                    0x00000000   Section      168  startup_w7500x.o(RESET)
    ../clib/angel/boardlib.s                 0x00000000   Number         0  boardinit2.o ABSOLUTE
    ../clib/angel/boardlib.s                 0x00000000   Number         0  boardinit3.o ABSOLUTE
    ../clib/angel/boardlib.s                 0x00000000   Number         0  boardshut.o ABSOLUTE
    ../clib/angel/boardlib.s                 0x00000000   Number         0  boardinit1.o ABSOLUTE
    ../clib/angel/handlers.s                 0x00000000   Number         0  __scatter_zi.o ABSOLUTE
    ../clib/angel/handlers.s                 0x00000000   Number         0  __scatter_copy.o ABSOLUTE
    ../clib/angel/kernel.s                   0x00000000   Number         0  __rtentry.o ABSOLUTE
    ../clib/angel/kernel.s                   0x00000000   Number         0  __rtentry2.o ABSOLUTE
    ../clib/angel/kernel.s                   0x00000000   Number         0  __rtentry4.o ABSOLUTE
    ../clib/angel/kernel.s                   0x00000000   Number         0  rtexit2.o ABSOLUTE
    ../clib/angel/kernel.s                   0x00000000   Number         0  rtexit.o ABSOLUTE
    ../clib/angel/rt.s                       0x00000000   Number         0  aeabi_idiv0_sigfpe.o ABSOLUTE
    ../clib/angel/rt.s                       0x00000000   Number         0  aeabi_idiv0.o ABSOLUTE
    ../clib/angel/rt.s                       0x00000000   Number         0  rt_div0.o ABSOLUTE
    ../clib/angel/rt.s                       0x00000000   Number         0  rt_raise.o ABSOLUTE
    ../clib/angel/scatterp.s                 0x00000000   Number         0  __scatter.o ABSOLUTE
    ../clib/angel/startup.s                  0x00000000   Number         0  __main.o ABSOLUTE
    ../clib/angel/sys.s                      0x00000000   Number         0  libspace.o ABSOLUTE
    ../clib/angel/sys.s                      0x00000000   Number         0  sys_stackheap_outer.o ABSOLUTE
    ../clib/angel/sys.s                      0x00000000   Number         0  use_no_semi.o ABSOLUTE
    ../clib/angel/sys.s                      0x00000000   Number         0  indicate_semi.o ABSOLUTE
    ../clib/angel/sys.s                      0x00000000   Number         0  tempstk.o ABSOLUTE
    ../clib/angel/sysapp.c                   0x00000000   Number         0  sys_command.o ABSOLUTE
    ../clib/armsys.c                         0x00000000   Number         0  no_argv.o ABSOLUTE
    ../clib/armsys.c                         0x00000000   Number         0  _get_argv_nomalloc.o ABSOLUTE
    ../clib/armsys.c                         0x00000000   Number         0  argv_veneer.o ABSOLUTE
    ../clib/division.s                       0x00000000   Number         0  aeabi_sdiv_div0.o ABSOLUTE
    ../clib/division.s                       0x00000000   Number         0  aeabi_sdiv.o ABSOLUTE
    ../clib/heapalloc.c                      0x00000000   Number         0  hrguard.o ABSOLUTE
    ../clib/heapaux.c                        0x00000000   Number         0  heapauxi.o ABSOLUTE
    ../clib/libinit.s                        0x00000000   Number         0  libshutdown2.o ABSOLUTE
    ../clib/libinit.s                        0x00000000   Number         0  libinit.o ABSOLUTE
    ../clib/libinit.s                        0x00000000   Number         0  libshutdown.o ABSOLUTE
    ../clib/libinit.s                        0x00000000   Number         0  libinit2.o ABSOLUTE
    ../clib/printf.c                         0x00000000   Number         0  __printf_wp.o ABSOLUTE
    ../clib/printf.c                         0x00000000   Number         0  __printf_flags_ss.o ABSOLUTE
    ../clib/printf.c                         0x00000000   Number         0  __printf_nopercent.o ABSOLUTE
    ../clib/printf.c                         0x00000000   Number         0  _printf_char_common.o ABSOLUTE
    ../clib/printf.c                         0x00000000   Number         0  __2printf.o ABSOLUTE
    ../clib/printf.c                         0x00000000   Number         0  __printf_flags_wp.o ABSOLUTE
    ../clib/printf.c                         0x00000000   Number         0  __printf_flags_ss_wp.o ABSOLUTE
    ../clib/printf.c                         0x00000000   Number         0  __printf_ss.o ABSOLUTE
    ../clib/printf.c                         0x00000000   Number         0  noretval__2printf.o ABSOLUTE
    ../clib/printf.c                         0x00000000   Number         0  __printf_ss_wp.o ABSOLUTE
    ../clib/printf.c                         0x00000000   Number         0  __printf.o ABSOLUTE
    ../clib/printf.c                         0x00000000   Number         0  _printf_str.o ABSOLUTE
    ../clib/printf.c                         0x00000000   Number         0  __printf_flags.o ABSOLUTE
    ../clib/printf.c                         0x00000000   Number         0  _printf_char_file.o ABSOLUTE
    ../clib/printf.c                         0x00000000   Number         0  _printf_char.o ABSOLUTE
    ../clib/printf_percent.s                 0x00000000   Number         0  _printf_s.o ABSOLUTE
    ../clib/printf_percent.s                 0x00000000   Number         0  _printf_percent.o ABSOLUTE
    ../clib/printf_percent.s                 0x00000000   Number         0  _printf_percent_end.o ABSOLUTE
    ../clib/signal.c                         0x00000000   Number         0  defsig_fpe_formal.o ABSOLUTE
    ../clib/signal.c                         0x00000000   Number         0  defsig_fpe_outer.o ABSOLUTE
    ../clib/signal.c                         0x00000000   Number         0  defsig_segv_inner.o ABSOLUTE
    ../clib/signal.c                         0x00000000   Number         0  defsig_other.o ABSOLUTE
    ../clib/signal.c                         0x00000000   Number         0  defsig_cppl_inner.o ABSOLUTE
    ../clib/signal.c                         0x00000000   Number         0  defsig_pvfn_inner.o ABSOLUTE
    ../clib/signal.c                         0x00000000   Number         0  defsig_stak_inner.o ABSOLUTE
    ../clib/signal.c                         0x00000000   Number         0  defsig_rtmem_formal.o ABSOLUTE
    ../clib/signal.c                         0x00000000   Number         0  defsig_rtmem_outer.o ABSOLUTE
    ../clib/signal.c                         0x00000000   Number         0  defsig_rtmem_inner.o ABSOLUTE
    ../clib/signal.c                         0x00000000   Number         0  defsig_rtred_inner.o ABSOLUTE
    ../clib/signal.c                         0x00000000   Number         0  defsig_abrt_inner.o ABSOLUTE
    ../clib/signal.c                         0x00000000   Number         0  defsig_general.o ABSOLUTE
    ../clib/signal.c                         0x00000000   Number         0  __raise.o ABSOLUTE
    ../clib/signal.c                         0x00000000   Number         0  defsig_fpe_inner.o ABSOLUTE
    ../clib/signal.c                         0x00000000   Number         0  defsig_exit.o ABSOLUTE
    ../clib/signal.s                         0x00000000   Number         0  defsig.o ABSOLUTE
    ../clib/stdlib.c                         0x00000000   Number         0  exit.o ABSOLUTE
    ../clib/string.c                         0x00000000   Number         0  strstr.o ABSOLUTE
    ../clib/string.c                         0x00000000   Number         0  strcpy.o ABSOLUTE
    ../fplib/cfplib/daddsub.c                0x00000000   Number         0  daddsub.o ABSOLUTE
    ../fplib/cfplib/f2d.c                    0x00000000   Number         0  f2d.o ABSOLUTE
    ../fplib/cfplib/fdiv.c                   0x00000000   Number         0  fdiv.o ABSOLUTE
    ../fplib/cfplib/ffix.c                   0x00000000   Number         0  ffixui.o ABSOLUTE
    ../fplib/cfplib/ffix.c                   0x00000000   Number         0  dfixui.o ABSOLUTE
    ../fplib/cfplib/fflt.c                   0x00000000   Number         0  fflti.o ABSOLUTE
    ../fplib/cfplib/fpinit.c                 0x00000000   Number         0  fpinit.o ABSOLUTE
    ../fplib/faddsub6m.s                     0x00000000   Number         0  faddsub.o ABSOLUTE
    ../fplib/fmul6m.s                        0x00000000   Number         0  fmul.o ABSOLUTE
    ../fplib/usenofp.s                       0x00000000   Number         0  usenofp.o ABSOLUTE
    Libraries\CMSIS\Device\WIZnet\W7500\Source\ARM\startup_W7500x.s 0x00000000   Number         0  startup_w7500x.o ABSOLUTE
    Libraries\CMSIS\Device\WIZnet\W7500\Source\system_W7500x.c 0x00000000   Number         0  system_w7500x.o ABSOLUTE
    Libraries\W7500x_stdPeriph_Driver\src\W7500x_gpio.c 0x00000000   Number         0  w7500x_gpio.o ABSOLUTE
    Libraries\W7500x_stdPeriph_Driver\src\W7500x_uart.c 0x00000000   Number         0  w7500x_uart.o ABSOLUTE
    Libraries\\CMSIS\\Device\\WIZnet\\W7500\\Source\\system_W7500x.c 0x00000000   Number         0  system_w7500x.o ABSOLUTE
    Libraries\\W7500x_stdPeriph_Driver\\src\\W7500x_gpio.c 0x00000000   Number         0  w7500x_gpio.o ABSOLUTE
    Libraries\\W7500x_stdPeriph_Driver\\src\\W7500x_uart.c 0x00000000   Number         0  w7500x_uart.o ABSOLUTE
    W7500x_it.c                              0x00000000   Number         0  w7500x_it.o ABSOLUTE
    W7500x_it.c                              0x00000000   Number         0  w7500x_it.o ABSOLUTE
    WizFi250Handler.c                        0x00000000   Number         0  wizfi250handler.o ABSOLUTE
    WizFi250Handler.c                        0x00000000   Number         0  wizfi250handler.o ABSOLUTE
    dc.s                                     0x00000000   Number         0  dc.o ABSOLUTE
    main.c                                   0x00000000   Number         0  main.o ABSOLUTE
    main.c                                   0x00000000   Number         0  main.o ABSOLUTE
    retarget.c                               0x00000000   Number         0  retarget.o ABSOLUTE
    retarget.c                               0x00000000   Number         0  retarget.o ABSOLUTE
    !!!main                                  0x000000a8   Section        8  __main.o(!!!main)
    !!!scatter                               0x000000b0   Section       60  __scatter.o(!!!scatter)
    !!handler_copy                           0x000000ec   Section       26  __scatter_copy.o(!!handler_copy)
    !!handler_zi                             0x00000108   Section       28  __scatter_zi.o(!!handler_zi)
    .ARM.Collect$$libinit$$00000000          0x00000124   Section        2  libinit.o(.ARM.Collect$$libinit$$00000000)
    .ARM.Collect$$libinit$$00000002          0x00000126   Section        0  libinit2.o(.ARM.Collect$$libinit$$00000002)
    .ARM.Collect$$libinit$$00000004          0x00000126   Section        0  libinit2.o(.ARM.Collect$$libinit$$00000004)
    .ARM.Collect$$libinit$$0000000A          0x00000126   Section        0  libinit2.o(.ARM.Collect$$libinit$$0000000A)
    .ARM.Collect$$libinit$$0000000C          0x00000126   Section        0  libinit2.o(.ARM.Collect$$libinit$$0000000C)
    .ARM.Collect$$libinit$$0000000E          0x00000126   Section        0  libinit2.o(.ARM.Collect$$libinit$$0000000E)
    .ARM.Collect$$libinit$$00000011          0x00000126   Section        0  libinit2.o(.ARM.Collect$$libinit$$00000011)
    .ARM.Collect$$libinit$$00000013          0x00000126   Section        0  libinit2.o(.ARM.Collect$$libinit$$00000013)
    .ARM.Collect$$libinit$$00000015          0x00000126   Section        0  libinit2.o(.ARM.Collect$$libinit$$00000015)
    .ARM.Collect$$libinit$$00000017          0x00000126   Section        0  libinit2.o(.ARM.Collect$$libinit$$00000017)
    .ARM.Collect$$libinit$$00000019          0x00000126   Section        0  libinit2.o(.ARM.Collect$$libinit$$00000019)
    .ARM.Collect$$libinit$$0000001B          0x00000126   Section        0  libinit2.o(.ARM.Collect$$libinit$$0000001B)
    .ARM.Collect$$libinit$$0000001D          0x00000126   Section        0  libinit2.o(.ARM.Collect$$libinit$$0000001D)
    .ARM.Collect$$libinit$$0000001F          0x00000126   Section        0  libinit2.o(.ARM.Collect$$libinit$$0000001F)
    .ARM.Collect$$libinit$$00000021          0x00000126   Section        0  libinit2.o(.ARM.Collect$$libinit$$00000021)
    .ARM.Collect$$libinit$$00000023          0x00000126   Section        0  libinit2.o(.ARM.Collect$$libinit$$00000023)
    .ARM.Collect$$libinit$$00000025          0x00000126   Section        0  libinit2.o(.ARM.Collect$$libinit$$00000025)
    .ARM.Collect$$libinit$$0000002C          0x00000126   Section        0  libinit2.o(.ARM.Collect$$libinit$$0000002C)
    .ARM.Collect$$libinit$$0000002E          0x00000126   Section        0  libinit2.o(.ARM.Collect$$libinit$$0000002E)
    .ARM.Collect$$libinit$$00000030          0x00000126   Section        0  libinit2.o(.ARM.Collect$$libinit$$00000030)
    .ARM.Collect$$libinit$$00000032          0x00000126   Section        0  libinit2.o(.ARM.Collect$$libinit$$00000032)
    .ARM.Collect$$libinit$$00000033          0x00000126   Section        2  libinit2.o(.ARM.Collect$$libinit$$00000033)
    .ARM.Collect$$libshutdown$$00000000      0x00000128   Section        2  libshutdown.o(.ARM.Collect$$libshutdown$$00000000)
    .ARM.Collect$$libshutdown$$00000003      0x0000012a   Section        0  libshutdown2.o(.ARM.Collect$$libshutdown$$00000003)
    .ARM.Collect$$libshutdown$$00000006      0x0000012a   Section        0  libshutdown2.o(.ARM.Collect$$libshutdown$$00000006)
    .ARM.Collect$$libshutdown$$00000009      0x0000012a   Section        0  libshutdown2.o(.ARM.Collect$$libshutdown$$00000009)
    .ARM.Collect$$libshutdown$$0000000B      0x0000012a   Section        0  libshutdown2.o(.ARM.Collect$$libshutdown$$0000000B)
    .ARM.Collect$$libshutdown$$0000000E      0x0000012a   Section        0  libshutdown2.o(.ARM.Collect$$libshutdown$$0000000E)
    .ARM.Collect$$libshutdown$$0000000F      0x0000012a   Section        2  libshutdown2.o(.ARM.Collect$$libshutdown$$0000000F)
    .ARM.Collect$$rtentry$$00000000          0x0000012c   Section        0  __rtentry.o(.ARM.Collect$$rtentry$$00000000)
    .ARM.Collect$$rtentry$$00000002          0x0000012c   Section        0  __rtentry2.o(.ARM.Collect$$rtentry$$00000002)
    .ARM.Collect$$rtentry$$00000004          0x0000012c   Section        6  __rtentry4.o(.ARM.Collect$$rtentry$$00000004)
    .ARM.Collect$$rtentry$$00000009          0x00000132   Section        0  __rtentry2.o(.ARM.Collect$$rtentry$$00000009)
    .ARM.Collect$$rtentry$$0000000A          0x00000132   Section        4  __rtentry2.o(.ARM.Collect$$rtentry$$0000000A)
    .ARM.Collect$$rtentry$$0000000C          0x00000136   Section        0  __rtentry2.o(.ARM.Collect$$rtentry$$0000000C)
    .ARM.Collect$$rtentry$$0000000D          0x00000136   Section        8  __rtentry2.o(.ARM.Collect$$rtentry$$0000000D)
    .ARM.Collect$$rtexit$$00000000           0x0000013e   Section        2  rtexit.o(.ARM.Collect$$rtexit$$00000000)
    .ARM.Collect$$rtexit$$00000002           0x00000140   Section        0  rtexit2.o(.ARM.Collect$$rtexit$$00000002)
    .ARM.Collect$$rtexit$$00000003           0x00000140   Section        4  rtexit2.o(.ARM.Collect$$rtexit$$00000003)
    .ARM.Collect$$rtexit$$00000004           0x00000144   Section        6  rtexit2.o(.ARM.Collect$$rtexit$$00000004)
    .text                                    0x0000014c   Section       56  startup_w7500x.o(.text)
    .text                                    0x00000184   Section        2  use_no_semi.o(.text)
    .text                                    0x00000186   Section      346  aeabi_sdiv.o(.text)
    .text                                    0x000002e0   Section        0  heapauxi.o(.text)
    .text                                    0x000002e8   Section        0  daddsub.o(.text)
    _dadd1                                   0x000002e9   Thumb Code   290  daddsub.o(.text)
    _dsub1                                   0x0000040b   Thumb Code   470  daddsub.o(.text)
    .text                                    0x00000640   Section        0  dfixui.o(.text)
    .text                                    0x00000688   Section        0  f2d.o(.text)
    .text                                    0x000006dc   Section        0  fdiv.o(.text)
    .text                                    0x0000083c   Section        0  ffixui.o(.text)
    .text                                    0x0000086c   Section        0  fflti.o(.text)
    .text                                    0x000008ca   Section       62  sys_stackheap_outer.o(.text)
    .text                                    0x00000908   Section        0  exit.o(.text)
    .text                                    0x00000914   Section        8  libspace.o(.text)
    i.ADC_Handler                            0x0000091c   Section        0  w7500x_it.o(i.ADC_Handler)
    i.DMA_Handler                            0x0000091e   Section        0  w7500x_it.o(i.DMA_Handler)
    i.DUALTIMER0_Handler                     0x00000920   Section        0  w7500x_it.o(i.DUALTIMER0_Handler)
    i.DUALTIMER1_Handler                     0x00000922   Section        0  w7500x_it.o(i.DUALTIMER1_Handler)
    i.EXTI_Handler                           0x00000924   Section        0  w7500x_it.o(i.EXTI_Handler)
    i.HardFault_Handler                      0x00000926   Section        0  w7500x_it.o(i.HardFault_Handler)
    i.I2C0_Handler                           0x00000928   Section        0  w7500x_it.o(i.I2C0_Handler)
    i.I2C1_Handler                           0x0000092a   Section        0  w7500x_it.o(i.I2C1_Handler)
    i.NMI_Handler                            0x0000092c   Section        0  w7500x_it.o(i.NMI_Handler)
    i.PORT0_Handler                          0x0000092e   Section        0  w7500x_it.o(i.PORT0_Handler)
    i.PORT1_Handler                          0x00000930   Section        0  w7500x_it.o(i.PORT1_Handler)
    i.PORT2_Handler                          0x00000932   Section        0  w7500x_it.o(i.PORT2_Handler)
    i.PORT3_Handler                          0x00000934   Section        0  w7500x_it.o(i.PORT3_Handler)
    i.PWM0_Handler                           0x00000936   Section        0  w7500x_it.o(i.PWM0_Handler)
    i.PWM1_Handler                           0x00000938   Section        0  w7500x_it.o(i.PWM1_Handler)
    i.PWM2_Handler                           0x0000093a   Section        0  w7500x_it.o(i.PWM2_Handler)
    i.PWM3_Handler                           0x0000093c   Section        0  w7500x_it.o(i.PWM3_Handler)
    i.PWM4_Handler                           0x0000093e   Section        0  w7500x_it.o(i.PWM4_Handler)
    i.PWM5_Handler                           0x00000940   Section        0  w7500x_it.o(i.PWM5_Handler)
    i.PWM6_Handler                           0x00000942   Section        0  w7500x_it.o(i.PWM6_Handler)
    i.PWM7_Handler                           0x00000944   Section        0  w7500x_it.o(i.PWM7_Handler)
    i.PendSV_Handler                         0x00000946   Section        0  w7500x_it.o(i.PendSV_Handler)
    i.SSP0_Handler                           0x00000948   Section        0  w7500x_it.o(i.SSP0_Handler)
    i.SSP1_Handler                           0x0000094a   Section        0  w7500x_it.o(i.SSP1_Handler)
    i.SVC_Handler                            0x0000094c   Section        0  w7500x_it.o(i.SVC_Handler)
    i.SysTick_Handler                        0x0000094e   Section        0  w7500x_it.o(i.SysTick_Handler)
    i.SystemInit                             0x00000950   Section        0  system_w7500x.o(i.SystemInit)
    i.UART0_Handler                          0x000009c4   Section        0  w7500x_it.o(i.UART0_Handler)
    i.UART1_Handler                          0x00000a5c   Section        0  w7500x_it.o(i.UART1_Handler)
    i.UART2_Handler                          0x00000af4   Section        0  w7500x_it.o(i.UART2_Handler)
    i.UART_ClearITPendingBit                 0x00000af6   Section        0  w7500x_uart.o(i.UART_ClearITPendingBit)
    i.UART_GetITStatus                       0x00000afe   Section        0  w7500x_uart.o(i.UART_GetITStatus)
    i.UART_ITConfig                          0x00000b12   Section        0  w7500x_uart.o(i.UART_ITConfig)
    i.UART_Init                              0x00000b28   Section        0  w7500x_uart.o(i.UART_Init)
    i.UART_ReceiveData                       0x00000c08   Section        0  w7500x_uart.o(i.UART_ReceiveData)
    i.UART_SendData                          0x00000c10   Section        0  w7500x_uart.o(i.UART_SendData)
    i.UART_StructInit                        0x00000c14   Section        0  w7500x_uart.o(i.UART_StructInit)
    i.UartGetc_nonblk                        0x00000c30   Section        0  wizfi250handler.o(i.UartGetc_nonblk)
    i.UartPutc                               0x00000d04   Section        0  w7500x_uart.o(i.UartPutc)
    i.UartPuts                               0x00000d22   Section        0  w7500x_uart.o(i.UartPuts)
    i.WZTOE_Handler                          0x00000d40   Section        0  w7500x_it.o(i.WZTOE_Handler)
    i._sys_exit                              0x00000d42   Section        0  retarget.o(i._sys_exit)
    i.main                                   0x00000d48   Section        0  main.o(i.main)
    x$fpl$fadd                               0x00000dc8   Section      140  faddsub.o(x$fpl$fadd)
    _fadd1                                   0x00000dd5   Thumb Code     0  faddsub.o(x$fpl$fadd)
    x$fpl$fmul                               0x00000e54   Section      176  fmul.o(x$fpl$fmul)
    x$fpl$frsb                               0x00000f04   Section       24  faddsub.o(x$fpl$frsb)
    x$fpl$fsub                               0x00000f1c   Section      208  faddsub.o(x$fpl$fsub)
    _fsub1                                   0x00000f29   Thumb Code     0  faddsub.o(x$fpl$fsub)
    .constdata                               0x00000fec   Section       64  fdiv.o(.constdata)
    x$fpl$usenofp                            0x00000fec   Section        0  usenofp.o(x$fpl$usenofp)
    fdiv_tab                                 0x00000fec   Data          64  fdiv.o(.constdata)
    .data                                    0x20000000   Section        8  system_w7500x.o(.data)
    .data                                    0x20000008   Section        8  w7500x_it.o(.data)
    .bss                                     0x20000010   Section     2048  w7500x_it.o(.bss)
    .bss                                     0x20000810   Section       16  main.o(.bss)
    .bss                                     0x20000820   Section       96  libspace.o(.bss)
    HEAP                                     0x20000880   Section     1024  startup_w7500x.o(HEAP)
    Heap_Mem                                 0x20000880   Data        1024  startup_w7500x.o(HEAP)
    STACK                                    0x20000c80   Section     1024  startup_w7500x.o(STACK)
    Stack_Mem                                0x20000c80   Data        1024  startup_w7500x.o(STACK)
    __initial_sp                             0x20001080   Data           0  startup_w7500x.o(STACK)

    Global Symbols

    Symbol Name                              Value     Ov Type        Size  Object(Section)

    BuildAttributes$$THM_ISAv3M$S$PE$A:L22$X:L11$S22$IEEE1$IW$USESV6$~STKCKD$USESV7$~SHL$OSPACE$ROPI$EBA8$UX$STANDARDLIB$REQ8$PRES8$EABIv2 0x00000000   Number         0  anon$$obj.o ABSOLUTE
    __ARM_use_no_argv                        0x00000000   Number         0  main.o ABSOLUTE
    __Vectors                                0x00000000   Data           4  startup_w7500x.o(RESET)
    __ARM_exceptions_init                     - Undefined Weak Reference
    __alloca_initialize                       - Undefined Weak Reference
    __arm_preinit_                            - Undefined Weak Reference
    __cpp_initialize__aeabi_                  - Undefined Weak Reference
    __cxa_finalize                            - Undefined Weak Reference
    __rt_locale                               - Undefined Weak Reference
    __sigvec_lookup                           - Undefined Weak Reference
    _atexit_init                              - Undefined Weak Reference
    _call_atexit_fns                          - Undefined Weak Reference
    _clock_init                               - Undefined Weak Reference
    _fp_trap_init                             - Undefined Weak Reference
    _fp_trap_shutdown                         - Undefined Weak Reference
    _get_lc_collate                           - Undefined Weak Reference
    _get_lc_ctype                             - Undefined Weak Reference
    _get_lc_monetary                          - Undefined Weak Reference
    _get_lc_numeric                           - Undefined Weak Reference
    _get_lc_time                              - Undefined Weak Reference
    _getenv_init                              - Undefined Weak Reference
    _handle_redirection                       - Undefined Weak Reference
    _init_alloc                               - Undefined Weak Reference
    _init_user_alloc                          - Undefined Weak Reference
    _initio                                   - Undefined Weak Reference
    _printf_mbtowc                            - Undefined Weak Reference
    _printf_post_padding                      - Undefined Weak Reference
    _printf_pre_padding                       - Undefined Weak Reference
    _rand_init                                - Undefined Weak Reference
    _signal_finish                            - Undefined Weak Reference
    _signal_init                              - Undefined Weak Reference
    _terminate_alloc                          - Undefined Weak Reference
    _terminate_user_alloc                     - Undefined Weak Reference
    _terminateio                              - Undefined Weak Reference
    __Vectors_End                            0x000000a8   Data           0  startup_w7500x.o(RESET)
    __Vectors_Size                           0x000000a8   Number         0  startup_w7500x.o ABSOLUTE
    __main                                   0x000000a9   Thumb Code     8  __main.o(!!!main)
    __scatterload                            0x000000b1   Thumb Code     0  __scatter.o(!!!scatter)
    __scatterload_rt2                        0x000000b1   Thumb Code    52  __scatter.o(!!!scatter)
    __scatterload_rt2_thumb_only             0x000000b1   Thumb Code     0  __scatter.o(!!!scatter)
    __scatterload_null                       0x000000c1   Thumb Code     0  __scatter.o(!!!scatter)
    __scatterload_copy                       0x000000ed   Thumb Code    26  __scatter_copy.o(!!handler_copy)
    __scatterload_zeroinit                   0x00000109   Thumb Code    28  __scatter_zi.o(!!handler_zi)
    __rt_lib_init                            0x00000125   Thumb Code     0  libinit.o(.ARM.Collect$$libinit$$00000000)
    __rt_lib_init_alloca_1                   0x00000127   Thumb Code     0  libinit2.o(.ARM.Collect$$libinit$$0000002E)
    __rt_lib_init_argv_1                     0x00000127   Thumb Code     0  libinit2.o(.ARM.Collect$$libinit$$0000002C)
    __rt_lib_init_atexit_1                   0x00000127   Thumb Code     0  libinit2.o(.ARM.Collect$$libinit$$0000001B)
    __rt_lib_init_clock_1                    0x00000127   Thumb Code     0  libinit2.o(.ARM.Collect$$libinit$$00000021)
    __rt_lib_init_cpp_1                      0x00000127   Thumb Code     0  libinit2.o(.ARM.Collect$$libinit$$00000032)
    __rt_lib_init_exceptions_1               0x00000127   Thumb Code     0  libinit2.o(.ARM.Collect$$libinit$$00000030)
    __rt_lib_init_fp_1                       0x00000127   Thumb Code     0  libinit2.o(.ARM.Collect$$libinit$$00000002)
    __rt_lib_init_fp_trap_1                  0x00000127   Thumb Code     0  libinit2.o(.ARM.Collect$$libinit$$0000001F)
    __rt_lib_init_getenv_1                   0x00000127   Thumb Code     0  libinit2.o(.ARM.Collect$$libinit$$00000023)
    __rt_lib_init_heap_1                     0x00000127   Thumb Code     0  libinit2.o(.ARM.Collect$$libinit$$0000000A)
    __rt_lib_init_lc_collate_1               0x00000127   Thumb Code     0  libinit2.o(.ARM.Collect$$libinit$$00000011)
    __rt_lib_init_lc_ctype_1                 0x00000127   Thumb Code     0  libinit2.o(.ARM.Collect$$libinit$$00000013)
    __rt_lib_init_lc_monetary_1              0x00000127   Thumb Code     0  libinit2.o(.ARM.Collect$$libinit$$00000015)
    __rt_lib_init_lc_numeric_1               0x00000127   Thumb Code     0  libinit2.o(.ARM.Collect$$libinit$$00000017)
    __rt_lib_init_lc_time_1                  0x00000127   Thumb Code     0  libinit2.o(.ARM.Collect$$libinit$$00000019)
    __rt_lib_init_preinit_1                  0x00000127   Thumb Code     0  libinit2.o(.ARM.Collect$$libinit$$00000004)
    __rt_lib_init_rand_1                     0x00000127   Thumb Code     0  libinit2.o(.ARM.Collect$$libinit$$0000000E)
    __rt_lib_init_return                     0x00000127   Thumb Code     0  libinit2.o(.ARM.Collect$$libinit$$00000033)
    __rt_lib_init_signal_1                   0x00000127   Thumb Code     0  libinit2.o(.ARM.Collect$$libinit$$0000001D)
    __rt_lib_init_stdio_1                    0x00000127   Thumb Code     0  libinit2.o(.ARM.Collect$$libinit$$00000025)
    __rt_lib_init_user_alloc_1               0x00000127   Thumb Code     0  libinit2.o(.ARM.Collect$$libinit$$0000000C)
    __rt_lib_shutdown                        0x00000129   Thumb Code     0  libshutdown.o(.ARM.Collect$$libshutdown$$00000000)
    __rt_lib_shutdown_fp_trap_1              0x0000012b   Thumb Code     0  libshutdown2.o(.ARM.Collect$$libshutdown$$00000006)
    __rt_lib_shutdown_heap_1                 0x0000012b   Thumb Code     0  libshutdown2.o(.ARM.Collect$$libshutdown$$0000000E)
    __rt_lib_shutdown_return                 0x0000012b   Thumb Code     0  libshutdown2.o(.ARM.Collect$$libshutdown$$0000000F)
    __rt_lib_shutdown_signal_1               0x0000012b   Thumb Code     0  libshutdown2.o(.ARM.Collect$$libshutdown$$00000009)
    __rt_lib_shutdown_stdio_1                0x0000012b   Thumb Code     0  libshutdown2.o(.ARM.Collect$$libshutdown$$00000003)
    __rt_lib_shutdown_user_alloc_1           0x0000012b   Thumb Code     0  libshutdown2.o(.ARM.Collect$$libshutdown$$0000000B)
    __rt_entry                               0x0000012d   Thumb Code     0  __rtentry.o(.ARM.Collect$$rtentry$$00000000)
    __rt_entry_presh_1                       0x0000012d   Thumb Code     0  __rtentry2.o(.ARM.Collect$$rtentry$$00000002)
    __rt_entry_sh                            0x0000012d   Thumb Code     0  __rtentry4.o(.ARM.Collect$$rtentry$$00000004)
    __rt_entry_li                            0x00000133   Thumb Code     0  __rtentry2.o(.ARM.Collect$$rtentry$$0000000A)
    __rt_entry_postsh_1                      0x00000133   Thumb Code     0  __rtentry2.o(.ARM.Collect$$rtentry$$00000009)
    __rt_entry_main                          0x00000137   Thumb Code     0  __rtentry2.o(.ARM.Collect$$rtentry$$0000000D)
    __rt_entry_postli_1                      0x00000137   Thumb Code     0  __rtentry2.o(.ARM.Collect$$rtentry$$0000000C)
    __rt_exit                                0x0000013f   Thumb Code     0  rtexit.o(.ARM.Collect$$rtexit$$00000000)
    __rt_exit_ls                             0x00000141   Thumb Code     0  rtexit2.o(.ARM.Collect$$rtexit$$00000003)
    __rt_exit_prels_1                        0x00000141   Thumb Code     0  rtexit2.o(.ARM.Collect$$rtexit$$00000002)
    __rt_exit_exit                           0x00000145   Thumb Code     0  rtexit2.o(.ARM.Collect$$rtexit$$00000004)
    Reset_Handler                            0x0000014d   Thumb Code     8  startup_w7500x.o(.text)
    RTC_Handler                              0x0000015f   Thumb Code     0  startup_w7500x.o(.text)
    __user_initial_stackheap                 0x00000161   Thumb Code    10  startup_w7500x.o(.text)
    __I$use$semihosting                      0x00000185   Thumb Code     0  use_no_semi.o(.text)
    __use_no_semihosting_swi                 0x00000185   Thumb Code     2  use_no_semi.o(.text)
    __aeabi_uidiv                            0x00000187   Thumb Code     0  aeabi_sdiv.o(.text)
    __aeabi_uidivmod                         0x00000187   Thumb Code    20  aeabi_sdiv.o(.text)
    __aeabi_idiv                             0x0000019b   Thumb Code     0  aeabi_sdiv.o(.text)
    __aeabi_idivmod                          0x0000019b   Thumb Code   326  aeabi_sdiv.o(.text)
    __use_two_region_memory                  0x000002e1   Thumb Code     2  heapauxi.o(.text)
    __rt_heap_escrow$2region                 0x000002e3   Thumb Code     2  heapauxi.o(.text)
    __rt_heap_expand$2region                 0x000002e5   Thumb Code     2  heapauxi.o(.text)
    __aeabi_dadd                             0x000005e1   Thumb Code     0  daddsub.o(.text)
    _dadd                                    0x000005e1   Thumb Code    26  daddsub.o(.text)
    __aeabi_dsub                             0x000005fb   Thumb Code     0  daddsub.o(.text)
    _dsub                                    0x000005fb   Thumb Code    22  daddsub.o(.text)
    __aeabi_drsub                            0x00000611   Thumb Code     0  daddsub.o(.text)
    _drsb                                    0x00000611   Thumb Code    28  daddsub.o(.text)
    __aeabi_d2uiz                            0x00000641   Thumb Code     0  dfixui.o(.text)
    _dfixu                                   0x00000641   Thumb Code    68  dfixui.o(.text)
    __aeabi_f2d                              0x00000689   Thumb Code     0  f2d.o(.text)
    _f2d                                     0x00000689   Thumb Code    80  f2d.o(.text)
    __aeabi_fdiv                             0x000006dd   Thumb Code     0  fdiv.o(.text)
    _fdiv                                    0x000006dd   Thumb Code   334  fdiv.o(.text)
    _frdiv                                   0x0000082b   Thumb Code     8  fdiv.o(.text)
    __aeabi_f2uiz                            0x0000083d   Thumb Code     0  ffixui.o(.text)
    _ffixu                                   0x0000083d   Thumb Code    48  ffixui.o(.text)
    __aeabi_i2f_normalise                    0x0000086d   Thumb Code    72  fflti.o(.text)
    __aeabi_i2f                              0x000008b5   Thumb Code    16  fflti.o(.text)
    _fflt                                    0x000008b5   Thumb Code     0  fflti.o(.text)
    __aeabi_ui2f                             0x000008c5   Thumb Code     6  fflti.o(.text)
    _ffltu                                   0x000008c5   Thumb Code     0  fflti.o(.text)
    __user_setup_stackheap                   0x000008cb   Thumb Code    62  sys_stackheap_outer.o(.text)
    exit                                     0x00000909   Thumb Code    12  exit.o(.text)
    __user_libspace                          0x00000915   Thumb Code     8  libspace.o(.text)
    __user_perproc_libspace                  0x00000915   Thumb Code     0  libspace.o(.text)
    __user_perthread_libspace                0x00000915   Thumb Code     0  libspace.o(.text)
    ADC_Handler                              0x0000091d   Thumb Code     2  w7500x_it.o(i.ADC_Handler)
    DMA_Handler                              0x0000091f   Thumb Code     2  w7500x_it.o(i.DMA_Handler)
    DUALTIMER0_Handler                       0x00000921   Thumb Code     2  w7500x_it.o(i.DUALTIMER0_Handler)
    DUALTIMER1_Handler                       0x00000923   Thumb Code     2  w7500x_it.o(i.DUALTIMER1_Handler)
    EXTI_Handler                             0x00000925   Thumb Code     2  w7500x_it.o(i.EXTI_Handler)
    HardFault_Handler                        0x00000927   Thumb Code     2  w7500x_it.o(i.HardFault_Handler)
    I2C0_Handler                             0x00000929   Thumb Code     2  w7500x_it.o(i.I2C0_Handler)
    I2C1_Handler                             0x0000092b   Thumb Code     2  w7500x_it.o(i.I2C1_Handler)
    NMI_Handler                              0x0000092d   Thumb Code     2  w7500x_it.o(i.NMI_Handler)
    PORT0_Handler                            0x0000092f   Thumb Code     2  w7500x_it.o(i.PORT0_Handler)
    PORT1_Handler                            0x00000931   Thumb Code     2  w7500x_it.o(i.PORT1_Handler)
    PORT2_Handler                            0x00000933   Thumb Code     2  w7500x_it.o(i.PORT2_Handler)
    PORT3_Handler                            0x00000935   Thumb Code     2  w7500x_it.o(i.PORT3_Handler)
    PWM0_Handler                             0x00000937   Thumb Code     2  w7500x_it.o(i.PWM0_Handler)
    PWM1_Handler                             0x00000939   Thumb Code     2  w7500x_it.o(i.PWM1_Handler)
    PWM2_Handler                             0x0000093b   Thumb Code     2  w7500x_it.o(i.PWM2_Handler)
    PWM3_Handler                             0x0000093d   Thumb Code     2  w7500x_it.o(i.PWM3_Handler)
    PWM4_Handler                             0x0000093f   Thumb Code     2  w7500x_it.o(i.PWM4_Handler)
    PWM5_Handler                             0x00000941   Thumb Code     2  w7500x_it.o(i.PWM5_Handler)
    PWM6_Handler                             0x00000943   Thumb Code     2  w7500x_it.o(i.PWM6_Handler)
    PWM7_Handler                             0x00000945   Thumb Code     2  w7500x_it.o(i.PWM7_Handler)
    PendSV_Handler                           0x00000947   Thumb Code     2  w7500x_it.o(i.PendSV_Handler)
    SSP0_Handler                             0x00000949   Thumb Code     2  w7500x_it.o(i.SSP0_Handler)
    SSP1_Handler                             0x0000094b   Thumb Code     2  w7500x_it.o(i.SSP1_Handler)
    SVC_Handler                              0x0000094d   Thumb Code     2  w7500x_it.o(i.SVC_Handler)
    SysTick_Handler                          0x0000094f   Thumb Code     2  w7500x_it.o(i.SysTick_Handler)
    SystemInit                               0x00000951   Thumb Code    94  system_w7500x.o(i.SystemInit)
    UART0_Handler                            0x000009c5   Thumb Code   132  w7500x_it.o(i.UART0_Handler)
    UART1_Handler                            0x00000a5d   Thumb Code   132  w7500x_it.o(i.UART1_Handler)
    UART2_Handler                            0x00000af5   Thumb Code     2  w7500x_it.o(i.UART2_Handler)
    UART_ClearITPendingBit                   0x00000af7   Thumb Code     8  w7500x_uart.o(i.UART_ClearITPendingBit)
    UART_GetITStatus                         0x00000aff   Thumb Code    20  w7500x_uart.o(i.UART_GetITStatus)
    UART_ITConfig                            0x00000b13   Thumb Code    20  w7500x_uart.o(i.UART_ITConfig)
    UART_Init                                0x00000b29   Thumb Code   206  w7500x_uart.o(i.UART_Init)
    UART_ReceiveData                         0x00000c09   Thumb Code     8  w7500x_uart.o(i.UART_ReceiveData)
    UART_SendData                            0x00000c11   Thumb Code     4  w7500x_uart.o(i.UART_SendData)
    UART_StructInit                          0x00000c15   Thumb Code    28  w7500x_uart.o(i.UART_StructInit)
    UartGetc_nonblk                          0x00000c31   Thumb Code   168  wizfi250handler.o(i.UartGetc_nonblk)
    UartPutc                                 0x00000d05   Thumb Code    30  w7500x_uart.o(i.UartPutc)
    UartPuts                                 0x00000d23   Thumb Code    30  w7500x_uart.o(i.UartPuts)
    WZTOE_Handler                            0x00000d41   Thumb Code     2  w7500x_it.o(i.WZTOE_Handler)
    _sys_exit                                0x00000d43   Thumb Code     4  retarget.o(i._sys_exit)
    main                                     0x00000d49   Thumb Code    86  main.o(i.main)
    __aeabi_fadd                             0x00000dc9   Thumb Code     0  faddsub.o(x$fpl$fadd)
    _fadd                                    0x00000dc9   Thumb Code   134  faddsub.o(x$fpl$fadd)
    __aeabi_fmul                             0x00000e55   Thumb Code     0  fmul.o(x$fpl$fmul)
    _fmul                                    0x00000e55   Thumb Code   172  fmul.o(x$fpl$fmul)
    __aeabi_frsub                            0x00000f05   Thumb Code     0  faddsub.o(x$fpl$frsb)
    _frsb                                    0x00000f05   Thumb Code    24  faddsub.o(x$fpl$frsb)
    __aeabi_fsub                             0x00000f1d   Thumb Code     0  faddsub.o(x$fpl$fsub)
    _fsub                                    0x00000f1d   Thumb Code   204  faddsub.o(x$fpl$fsub)
    __I$use$fp                               0x00000fec   Number         0  usenofp.o(x$fpl$usenofp)
    Region$$Table$$Base                      0x0000102c   Number         0  anon$$obj.o(Region$$Table)
    Region$$Table$$Limit                     0x0000104c   Number         0  anon$$obj.o(Region$$Table)
    SystemFrequency                          0x20000000   Data           4  system_w7500x.o(.data)
    SystemCoreClock                          0x20000004   Data           4  system_w7500x.o(.data)
    u0rx_wr                                  0x20000008   Data           2  w7500x_it.o(.data)
    u0rx_rd                                  0x2000000a   Data           2  w7500x_it.o(.data)
    u1rx_wr                                  0x2000000c   Data           2  w7500x_it.o(.data)
    u1rx_rd                                  0x2000000e   Data           2  w7500x_it.o(.data)
    u0rx_buf                                 0x20000010   Data        1024  w7500x_it.o(.bss)
    u1rx_buf                                 0x20000410   Data        1024  w7500x_it.o(.bss)
    UART_InitStructure                       0x20000810   Data          16  main.o(.bss)
    __libspace_start                         0x20000820   Data          96  libspace.o(.bss)
    __temporary_stack_top$libspace           0x20000880   Data           0  libspace.o(.bss)



==============================================================================

Memory Map of the image

  Image Entry point : 0x000000a9

  Load Region LR_IROM1 (Base: 0x00000000, Size: 0x0000105c, Max: 0x00040000, ABSOLUTE)

    Execution Region ER_IROM1 (Base: 0x00000000, Size: 0x0000104c, Max: 0x00040000, ABSOLUTE)

    Base Addr    Size         Type   Attr      Idx    E Section Name        Object

    0x00000000   0x000000a8   Data   RO            3    RESET               startup_w7500x.o
    0x000000a8   0x00000008   Code   RO          792  * !!!main             c_p.l(__main.o)
    0x000000b0   0x0000003c   Code   RO          985    !!!scatter          c_p.l(__scatter.o)
    0x000000ec   0x0000001a   Code   RO          987    !!handler_copy      c_p.l(__scatter_copy.o)
    0x00000106   0x00000002   PAD
    0x00000108   0x0000001c   Code   RO          989    !!handler_zi        c_p.l(__scatter_zi.o)
    0x00000124   0x00000002   Code   RO          861    .ARM.Collect$$libinit$$00000000  c_p.l(libinit.o)
    0x00000126   0x00000000   Code   RO          875    .ARM.Collect$$libinit$$00000002  c_p.l(libinit2.o)
    0x00000126   0x00000000   Code   RO          877    .ARM.Collect$$libinit$$00000004  c_p.l(libinit2.o)
    0x00000126   0x00000000   Code   RO          880    .ARM.Collect$$libinit$$0000000A  c_p.l(libinit2.o)
    0x00000126   0x00000000   Code   RO          882    .ARM.Collect$$libinit$$0000000C  c_p.l(libinit2.o)
    0x00000126   0x00000000   Code   RO          884    .ARM.Collect$$libinit$$0000000E  c_p.l(libinit2.o)
    0x00000126   0x00000000   Code   RO          887    .ARM.Collect$$libinit$$00000011  c_p.l(libinit2.o)
    0x00000126   0x00000000   Code   RO          889    .ARM.Collect$$libinit$$00000013  c_p.l(libinit2.o)
    0x00000126   0x00000000   Code   RO          891    .ARM.Collect$$libinit$$00000015  c_p.l(libinit2.o)
    0x00000126   0x00000000   Code   RO          893    .ARM.Collect$$libinit$$00000017  c_p.l(libinit2.o)
    0x00000126   0x00000000   Code   RO          895    .ARM.Collect$$libinit$$00000019  c_p.l(libinit2.o)
    0x00000126   0x00000000   Code   RO          897    .ARM.Collect$$libinit$$0000001B  c_p.l(libinit2.o)
    0x00000126   0x00000000   Code   RO          899    .ARM.Collect$$libinit$$0000001D  c_p.l(libinit2.o)
    0x00000126   0x00000000   Code   RO          901    .ARM.Collect$$libinit$$0000001F  c_p.l(libinit2.o)
    0x00000126   0x00000000   Code   RO          903    .ARM.Collect$$libinit$$00000021  c_p.l(libinit2.o)
    0x00000126   0x00000000   Code   RO          905    .ARM.Collect$$libinit$$00000023  c_p.l(libinit2.o)
    0x00000126   0x00000000   Code   RO          907    .ARM.Collect$$libinit$$00000025  c_p.l(libinit2.o)
    0x00000126   0x00000000   Code   RO          911    .ARM.Collect$$libinit$$0000002C  c_p.l(libinit2.o)
    0x00000126   0x00000000   Code   RO          913    .ARM.Collect$$libinit$$0000002E  c_p.l(libinit2.o)
    0x00000126   0x00000000   Code   RO          915    .ARM.Collect$$libinit$$00000030  c_p.l(libinit2.o)
    0x00000126   0x00000000   Code   RO          917    .ARM.Collect$$libinit$$00000032  c_p.l(libinit2.o)
    0x00000126   0x00000002   Code   RO          918    .ARM.Collect$$libinit$$00000033  c_p.l(libinit2.o)
    0x00000128   0x00000002   Code   RO          942    .ARM.Collect$$libshutdown$$00000000  c_p.l(libshutdown.o)
    0x0000012a   0x00000000   Code   RO          969    .ARM.Collect$$libshutdown$$00000003  c_p.l(libshutdown2.o)
    0x0000012a   0x00000000   Code   RO          972    .ARM.Collect$$libshutdown$$00000006  c_p.l(libshutdown2.o)
    0x0000012a   0x00000000   Code   RO          975    .ARM.Collect$$libshutdown$$00000009  c_p.l(libshutdown2.o)
    0x0000012a   0x00000000   Code   RO          977    .ARM.Collect$$libshutdown$$0000000B  c_p.l(libshutdown2.o)
    0x0000012a   0x00000000   Code   RO          980    .ARM.Collect$$libshutdown$$0000000E  c_p.l(libshutdown2.o)
    0x0000012a   0x00000002   Code   RO          981    .ARM.Collect$$libshutdown$$0000000F  c_p.l(libshutdown2.o)
    0x0000012c   0x00000000   Code   RO          815    .ARM.Collect$$rtentry$$00000000  c_p.l(__rtentry.o)
    0x0000012c   0x00000000   Code   RO          827    .ARM.Collect$$rtentry$$00000002  c_p.l(__rtentry2.o)
    0x0000012c   0x00000006   Code   RO          839    .ARM.Collect$$rtentry$$00000004  c_p.l(__rtentry4.o)
    0x00000132   0x00000000   Code   RO          829    .ARM.Collect$$rtentry$$00000009  c_p.l(__rtentry2.o)
    0x00000132   0x00000004   Code   RO          830    .ARM.Collect$$rtentry$$0000000A  c_p.l(__rtentry2.o)
    0x00000136   0x00000000   Code   RO          832    .ARM.Collect$$rtentry$$0000000C  c_p.l(__rtentry2.o)
    0x00000136   0x00000008   Code   RO          833    .ARM.Collect$$rtentry$$0000000D  c_p.l(__rtentry2.o)
    0x0000013e   0x00000002   Code   RO          866    .ARM.Collect$$rtexit$$00000000  c_p.l(rtexit.o)
    0x00000140   0x00000000   Code   RO          920    .ARM.Collect$$rtexit$$00000002  c_p.l(rtexit2.o)
    0x00000140   0x00000004   Code   RO          921    .ARM.Collect$$rtexit$$00000003  c_p.l(rtexit2.o)
    0x00000144   0x00000006   Code   RO          922    .ARM.Collect$$rtexit$$00000004  c_p.l(rtexit2.o)
    0x0000014a   0x00000002   PAD
    0x0000014c   0x00000038   Code   RO            4    .text               startup_w7500x.o
    0x00000184   0x00000002   Code   RO          750    .text               c_p.l(use_no_semi.o)
    0x00000186   0x0000015a   Code   RO          786    .text               c_p.l(aeabi_sdiv.o)
    0x000002e0   0x00000006   Code   RO          790    .text               c_p.l(heapauxi.o)
    0x000002e6   0x00000002   PAD
    0x000002e8   0x00000358   Code   RO          794    .text               fz_ps.l(daddsub.o)
    0x00000640   0x00000048   Code   RO          796    .text               fz_ps.l(dfixui.o)
    0x00000688   0x00000054   Code   RO          798    .text               fz_ps.l(f2d.o)
    0x000006dc   0x00000160   Code   RO          806    .text               fz_ps.l(fdiv.o)
    0x0000083c   0x00000030   Code   RO          809    .text               fz_ps.l(ffixui.o)
    0x0000086c   0x0000005e   Code   RO          811    .text               fz_ps.l(fflti.o)
    0x000008ca   0x0000003e   Code   RO          845    .text               c_p.l(sys_stackheap_outer.o)
    0x00000908   0x0000000c   Code   RO          850    .text               c_p.l(exit.o)
    0x00000914   0x00000008   Code   RO          862    .text               c_p.l(libspace.o)
    0x0000091c   0x00000002   Code   RO          470    i.ADC_Handler       w7500x_it.o
    0x0000091e   0x00000002   Code   RO          471    i.DMA_Handler       w7500x_it.o
    0x00000920   0x00000002   Code   RO          472    i.DUALTIMER0_Handler  w7500x_it.o
    0x00000922   0x00000002   Code   RO          473    i.DUALTIMER1_Handler  w7500x_it.o
    0x00000924   0x00000002   Code   RO          474    i.EXTI_Handler      w7500x_it.o
    0x00000926   0x00000002   Code   RO          475    i.HardFault_Handler  w7500x_it.o
    0x00000928   0x00000002   Code   RO          476    i.I2C0_Handler      w7500x_it.o
    0x0000092a   0x00000002   Code   RO          477    i.I2C1_Handler      w7500x_it.o
    0x0000092c   0x00000002   Code   RO          478    i.NMI_Handler       w7500x_it.o
    0x0000092e   0x00000002   Code   RO          479    i.PORT0_Handler     w7500x_it.o
    0x00000930   0x00000002   Code   RO          480    i.PORT1_Handler     w7500x_it.o
    0x00000932   0x00000002   Code   RO          481    i.PORT2_Handler     w7500x_it.o
    0x00000934   0x00000002   Code   RO          482    i.PORT3_Handler     w7500x_it.o
    0x00000936   0x00000002   Code   RO          483    i.PWM0_Handler      w7500x_it.o
    0x00000938   0x00000002   Code   RO          484    i.PWM1_Handler      w7500x_it.o
    0x0000093a   0x00000002   Code   RO          485    i.PWM2_Handler      w7500x_it.o
    0x0000093c   0x00000002   Code   RO          486    i.PWM3_Handler      w7500x_it.o
    0x0000093e   0x00000002   Code   RO          487    i.PWM4_Handler      w7500x_it.o
    0x00000940   0x00000002   Code   RO          488    i.PWM5_Handler      w7500x_it.o
    0x00000942   0x00000002   Code   RO          489    i.PWM6_Handler      w7500x_it.o
    0x00000944   0x00000002   Code   RO          490    i.PWM7_Handler      w7500x_it.o
    0x00000946   0x00000002   Code   RO          491    i.PendSV_Handler    w7500x_it.o
    0x00000948   0x00000002   Code   RO          492    i.SSP0_Handler      w7500x_it.o
    0x0000094a   0x00000002   Code   RO          493    i.SSP1_Handler      w7500x_it.o
    0x0000094c   0x00000002   Code   RO          494    i.SVC_Handler       w7500x_it.o
    0x0000094e   0x00000002   Code   RO          495    i.SysTick_Handler   w7500x_it.o
    0x00000950   0x00000074   Code   RO           14    i.SystemInit        system_w7500x.o
    0x000009c4   0x00000098   Code   RO          496    i.UART0_Handler     w7500x_it.o
    0x00000a5c   0x00000098   Code   RO          497    i.UART1_Handler     w7500x_it.o
    0x00000af4   0x00000002   Code   RO          498    i.UART2_Handler     w7500x_it.o
    0x00000af6   0x00000008   Code   RO          251    i.UART_ClearITPendingBit  w7500x_uart.o
    0x00000afe   0x00000014   Code   RO          255    i.UART_GetITStatus  w7500x_uart.o
    0x00000b12   0x00000014   Code   RO          257    i.UART_ITConfig     w7500x_uart.o
    0x00000b26   0x00000002   PAD
    0x00000b28   0x000000e0   Code   RO          258    i.UART_Init         w7500x_uart.o
    0x00000c08   0x00000008   Code   RO          259    i.UART_ReceiveData  w7500x_uart.o
    0x00000c10   0x00000004   Code   RO          261    i.UART_SendData     w7500x_uart.o
    0x00000c14   0x0000001c   Code   RO          262    i.UART_StructInit   w7500x_uart.o
    0x00000c30   0x000000d4   Code   RO          671    i.UartGetc_nonblk   wizfi250handler.o
    0x00000d04   0x0000001e   Code   RO          264    i.UartPutc          w7500x_uart.o
    0x00000d22   0x0000001e   Code   RO          265    i.UartPuts          w7500x_uart.o
    0x00000d40   0x00000002   Code   RO          499    i.WZTOE_Handler     w7500x_it.o
    0x00000d42   0x00000004   Code   RO          410    i._sys_exit         retarget.o
    0x00000d46   0x00000002   PAD
    0x00000d48   0x00000080   Code   RO          720    i.main              main.o
    0x00000dc8   0x0000008c   Code   RO          800    x$fpl$fadd          fz_ps.l(faddsub.o)
    0x00000e54   0x000000b0   Code   RO          813    x$fpl$fmul          fz_ps.l(fmul.o)
    0x00000f04   0x00000018   Code   RO          801    x$fpl$frsb          fz_ps.l(faddsub.o)
    0x00000f1c   0x000000d0   Code   RO          802    x$fpl$fsub          fz_ps.l(faddsub.o)
    0x00000fec   0x00000000   Code   RO          825    x$fpl$usenofp       fz_ps.l(usenofp.o)
    0x00000fec   0x00000040   Data   RO          807    .constdata          fz_ps.l(fdiv.o)
    0x0000102c   0x00000020   Data   RO          983    Region$$Table       anon$$obj.o


    Execution Region RW_IRAM1 (Base: 0x20000000, Size: 0x00001080, Max: 0x00004000, ABSOLUTE)

    Base Addr    Size         Type   Attr      Idx    E Section Name        Object

    0x20000000   0x00000008   Data   RW           15    .data               system_w7500x.o
    0x20000008   0x00000008   Data   RW          501    .data               w7500x_it.o
    0x20000010   0x00000800   Zero   RW          500    .bss                w7500x_it.o
    0x20000810   0x00000010   Zero   RW          721    .bss                main.o
    0x20000820   0x00000060   Zero   RW          863    .bss                c_p.l(libspace.o)
    0x20000880   0x00000400   Zero   RW            2    HEAP                startup_w7500x.o
    0x20000c80   0x00000400   Zero   RW            1    STACK               startup_w7500x.o


==============================================================================

Image component sizes


      Code (inc. data)   RO Data    RW Data    ZI Data      Debug   Object Name

       128         42          0          0         16       6560   main.o
         4          0          0          0          0        404   retarget.o
        56         26        168          0       2048        768   startup_w7500x.o
       116         22          0          8          0      28795   system_w7500x.o
       360         40          0          8       2048      12564   w7500x_it.o
       372         18          0          0          0       5807   w7500x_uart.o
       212         44          0          0          0       1274   wizfi250handler.o

    ----------------------------------------------------------------------
      1252        192        200         16       4112      56172   Object Totals
         0          0         32          0          0          0   (incl. Generated)
         4          0          0          0          0          0   (incl. Padding)

    ----------------------------------------------------------------------

      Code (inc. data)   RO Data    RW Data    ZI Data      Debug   Library Member Name

         8          0          0          0          0         68   __main.o
         0          0          0          0          0          0   __rtentry.o
        12          0          0          0          0          0   __rtentry2.o
         6          0          0          0          0          0   __rtentry4.o
        60          8          0          0          0          0   __scatter.o
        26          0          0          0          0          0   __scatter_copy.o
        28          0          0          0          0          0   __scatter_zi.o
       346          0          0          0          0         92   aeabi_sdiv.o
        12          0          0          0          0         64   exit.o
         6          0          0          0          0        136   heapauxi.o
         2          0          0          0          0          0   libinit.o
         2          0          0          0          0          0   libinit2.o
         2          0          0          0          0          0   libshutdown.o
         2          0          0          0          0          0   libshutdown2.o
         8          4          0          0         96         68   libspace.o
         2          0          0          0          0          0   rtexit.o
        10          0          0          0          0          0   rtexit2.o
        62          0          0          0          0         80   sys_stackheap_outer.o
         2          0          0          0          0         68   use_no_semi.o
       856         20          0          0          0        208   daddsub.o
        72          4          0          0          0         68   dfixui.o
        84          4          0          0          0         60   f2d.o
       372          8          0          0          0        240   faddsub.o
       352         10         64          0          0         92   fdiv.o
        48          0          0          0          0         60   ffixui.o
        94          0          0          0          0         92   fflti.o
       176          4          0          0          0         80   fmul.o
         0          0          0          0          0          0   usenofp.o

    ----------------------------------------------------------------------
      2656         62         64          0         96       1476   Library Totals
         6          0          0          0          0          0   (incl. Padding)

    ----------------------------------------------------------------------

      Code (inc. data)   RO Data    RW Data    ZI Data      Debug   Library Name

       596         12          0          0         96        576   c_p.l
      2054         50         64          0          0        900   fz_ps.l

    ----------------------------------------------------------------------
      2656         62         64          0         96       1476   Library Totals

    ----------------------------------------------------------------------

==============================================================================


      Code (inc. data)   RO Data    RW Data    ZI Data      Debug   

      3908        254        264         16       4208      55360   Grand Totals
      3908        254        264         16       4208      55360   ELF Image Totals
      3908        254        264         16          0          0   ROM Totals

==============================================================================

    Total RO  Size (Code + RO Data)                 4172 (   4.07kB)
    Total RW  Size (RW Data + ZI Data)              4224 (   4.13kB)
    Total ROM Size (Code + RO Data + RW Data)       4188 (   4.09kB)

==============================================================================

