<html>
<body>
<pre>
<h1>킮ision Build Log</h1>
<h2>Tool Versions:</h2>
IDE-Version: μVision V5.15
Copyright (C) 2015 ARM Ltd and ARM Germany GmbH. All rights reserved.
License Information: daniel user, wiznet, LIC=----
 
Tool Versions:
Toolchain:       MDK-Lite  Version: 5.15.0
Toolchain Path:  C:\Keil_v5\ARM\ARMCC\Bin
C Compiler:      Armcc.exe V5.05 update 2 (build 169)
Assembler:       Armasm.exe V5.05 update 2 (build 169)
Linker/Locator:  ArmLink.exe V5.05 update 2 (build 169)
Library Manager: ArmAr.exe V5.05 update 2 (build 169)
Hex Converter:   FromElf.exe V5.05 update 2 (build 169)
CPU DLL:         SARMCM3.DLL V5.15.0
Dialog DLL:      DARMCM1.DLL V1.12.0.0
Target DLL:      CMSIS_AGDI.dll V1.21.12.0
Dialog DLL:      TARMCM1.DLL V1.9.0.0
 
<h2>Project:</h2>
D:\1.WIZnet\4. WizFi250 강의\WizFi250-W7500 Example\3SimpleTCPServer\EX3_SimpleTCPServer.uvprojx
Project File Date:  07/12/2015

<h2>Output:</h2>
*** Using Compiler 'V5.05 update 2 (build 169)', folder: 'C:\Keil_v5\ARM\ARMCC\Bin'
Rebuild target 'Target 1'
assembling startup_W7500x.s...
compiling system_W7500x.c...
compiling W7500x_gpio.c...
compiling W7500x_uart.c...
compiling main.c...
main.c(40): warning:  #1295-D: Deprecated declaration WizFi250_SimpleTCPServer - give arg types
  int8_t WizFi250_SimpleTCPServer();
main.c(113): warning:  #177-D: variable "recv_data" was declared but never referenced
                        char recv_data[256];
main.c(114): warning:  #177-D: variable "idx" was declared but never referenced
                        int32_t idx=0,cr_lf_check=0;
main.c(114): warning:  #177-D: variable "cr_lf_check" was declared but never referenced
                        int32_t idx=0,cr_lf_check=0;
main.c: 4 warnings, 0 errors
compiling retarget.c...
compiling W7500x_it.c...
compiling WizFi250Handler.c...
WizFi250Handler.c(55): warning:  #111-D: statement is unreachable
                                                                                break;
WizFi250Handler.c(74): warning:  #111-D: statement is unreachable
                                                                                        break;
WizFi250Handler.c(104): warning:  #223-D: function "strcpy" declared implicitly
                                if ( cr_lf == 1 )               strcpy(crlf_string, "\r");
WizFi250Handler.c(112): warning:  #223-D: function "printf" declared implicitly
                                if ( debug_print==1 )   printf("\r\nDBG>>> Send : %s\r\n", send_command);
WizFi250Handler.c(136): warning:  #223-D: function "strstr" declared implicitly
                                                                                                        if ( strstr((char*)g_wizfi250_resp_buff, str_find1) ) is_found1 = 1;
WizFi250Handler.c(140): warning:  #223-D: function "strstr" declared implicitly
                                                                                                        if ( strstr((char*)g_wizfi250_resp_buff, str_find2) ) is_found2 = 1;
WizFi250Handler.c: 6 warnings, 0 errors
linking...
Program Size: Code=7328 RO-data=264 RW-data=36 ZI-data=5236  
After Build - User command #1: fromelf --bin -o "D:\1.WIZnet\4. WizFi250 강의\WizFi250-W7500 Example\3SimpleTCPServer\Objects\EX3_SimpleTCPServer.bin" "D:\1.WIZnet\4. WizFi250 강의\WizFi250-W7500 Example\3SimpleTCPServer\Objects\EX3_SimpleTCPServer.axf"
".\Objects\EX3_SimpleTCPServer.axf" - 0 Error(s), 10 Warning(s).

<h2>Collection of Component include folders:</h2>
  D:\1.WIZnet\4. WizFi250 강의\WizFi250-W7500 Example\3SimpleTCPServer\RTE
  d:\Keil_v5\ARM\PACK\ARM\CMSIS\4.3.0\Device\ARM\ARMCM0\Include

<h2>Collection of Component Files used:</h2>
</pre>
</body>
</html>
