Component: ARM Compiler 5.05 update 2 (build 169) Tool: armlink [4d0f33]

==============================================================================

Section Cross References

    startup_w7500x.o(STACK) refers (Special) to heapauxi.o(.text) for __use_two_region_memory
    startup_w7500x.o(HEAP) refers (Special) to heapauxi.o(.text) for __use_two_region_memory
    startup_w7500x.o(RESET) refers (Special) to heapauxi.o(.text) for __use_two_region_memory
    startup_w7500x.o(RESET) refers to startup_w7500x.o(STACK) for __initial_sp
    startup_w7500x.o(RESET) refers to startup_w7500x.o(.text) for Reset_Handler
    startup_w7500x.o(RESET) refers to w7500x_it.o(i.NMI_Handler) for NMI_Handler
    startup_w7500x.o(RESET) refers to w7500x_it.o(i.HardFault_Handler) for HardFault_Handler
    startup_w7500x.o(RESET) refers to w7500x_it.o(i.SVC_Handler) for SVC_Handler
    startup_w7500x.o(RESET) refers to w7500x_it.o(i.PendSV_Handler) for PendSV_Handler
    startup_w7500x.o(RESET) refers to w7500x_it.o(i.SysTick_Handler) for SysTick_Handler
    startup_w7500x.o(RESET) refers to w7500x_it.o(i.SSP0_Handler) for SSP0_Handler
    startup_w7500x.o(RESET) refers to w7500x_it.o(i.SSP1_Handler) for SSP1_Handler
    startup_w7500x.o(RESET) refers to w7500x_it.o(i.UART0_Handler) for UART0_Handler
    startup_w7500x.o(RESET) refers to w7500x_it.o(i.UART1_Handler) for UART1_Handler
    startup_w7500x.o(RESET) refers to w7500x_it.o(i.UART2_Handler) for UART2_Handler
    startup_w7500x.o(RESET) refers to w7500x_it.o(i.I2C0_Handler) for I2C0_Handler
    startup_w7500x.o(RESET) refers to w7500x_it.o(i.I2C1_Handler) for I2C1_Handler
    startup_w7500x.o(RESET) refers to w7500x_it.o(i.PORT0_Handler) for PORT0_Handler
    startup_w7500x.o(RESET) refers to w7500x_it.o(i.PORT1_Handler) for PORT1_Handler
    startup_w7500x.o(RESET) refers to w7500x_it.o(i.PORT2_Handler) for PORT2_Handler
    startup_w7500x.o(RESET) refers to w7500x_it.o(i.PORT3_Handler) for PORT3_Handler
    startup_w7500x.o(RESET) refers to w7500x_it.o(i.DMA_Handler) for DMA_Handler
    startup_w7500x.o(RESET) refers to w7500x_it.o(i.DUALTIMER0_Handler) for DUALTIMER0_Handler
    startup_w7500x.o(RESET) refers to w7500x_it.o(i.DUALTIMER1_Handler) for DUALTIMER1_Handler
    startup_w7500x.o(RESET) refers to w7500x_it.o(i.PWM0_Handler) for PWM0_Handler
    startup_w7500x.o(RESET) refers to w7500x_it.o(i.PWM1_Handler) for PWM1_Handler
    startup_w7500x.o(RESET) refers to w7500x_it.o(i.PWM2_Handler) for PWM2_Handler
    startup_w7500x.o(RESET) refers to w7500x_it.o(i.PWM3_Handler) for PWM3_Handler
    startup_w7500x.o(RESET) refers to w7500x_it.o(i.PWM4_Handler) for PWM4_Handler
    startup_w7500x.o(RESET) refers to w7500x_it.o(i.PWM5_Handler) for PWM5_Handler
    startup_w7500x.o(RESET) refers to w7500x_it.o(i.PWM6_Handler) for PWM6_Handler
    startup_w7500x.o(RESET) refers to w7500x_it.o(i.PWM7_Handler) for PWM7_Handler
    startup_w7500x.o(RESET) refers to w7500x_it.o(i.ADC_Handler) for ADC_Handler
    startup_w7500x.o(RESET) refers to w7500x_it.o(i.WZTOE_Handler) for WZTOE_Handler
    startup_w7500x.o(RESET) refers to w7500x_it.o(i.EXTI_Handler) for EXTI_Handler
    startup_w7500x.o(.text) refers (Special) to heapauxi.o(.text) for __use_two_region_memory
    startup_w7500x.o(.text) refers to system_w7500x.o(i.SystemInit) for SystemInit
    startup_w7500x.o(.text) refers to __main.o(!!!main) for __main
    startup_w7500x.o(.text) refers to startup_w7500x.o(HEAP) for Heap_Mem
    startup_w7500x.o(.text) refers to startup_w7500x.o(STACK) for Stack_Mem
    system_w7500x.o(i.GetSystemClock) refers to system_w7500x.o(.data) for SystemFrequency
    system_w7500x.o(i.SystemInit) refers to aeabi_sdiv.o(.text) for __aeabi_uidivmod
    system_w7500x.o(i.SystemInit) refers to system_w7500x.o(.data) for SystemFrequency
    w7500x_uart.o(i.S_UART_Init) refers to system_w7500x.o(i.GetSystemClock) for GetSystemClock
    w7500x_uart.o(i.S_UART_Init) refers to aeabi_sdiv.o(.text) for __aeabi_uidivmod
    w7500x_uart.o(i.S_UartGetc) refers to w7500x_uart.o(i.S_UART_ReceiveData) for S_UART_ReceiveData
    w7500x_uart.o(i.S_UartPutc) refers to w7500x_uart.o(i.S_UART_SendData) for S_UART_SendData
    w7500x_uart.o(i.S_UartPuts) refers to w7500x_uart.o(i.S_UART_SendData) for S_UART_SendData
    w7500x_uart.o(i.UART_Init) refers to aeabi_sdiv.o(.text) for __aeabi_uidivmod
    w7500x_uart.o(i.UART_Init) refers to fflti.o(.text) for __aeabi_ui2f
    w7500x_uart.o(i.UART_Init) refers to fdiv.o(.text) for __aeabi_fdiv
    w7500x_uart.o(i.UART_Init) refers to ffixui.o(.text) for __aeabi_f2uiz
    w7500x_uart.o(i.UART_Init) refers to faddsub.o(x$fpl$frsb) for __aeabi_frsub
    w7500x_uart.o(i.UART_Init) refers to fmul.o(x$fpl$fmul) for __aeabi_fmul
    w7500x_uart.o(i.UART_Init) refers to f2d.o(.text) for __aeabi_f2d
    w7500x_uart.o(i.UART_Init) refers to daddsub.o(.text) for __aeabi_dadd
    w7500x_uart.o(i.UART_Init) refers to dfixui.o(.text) for __aeabi_d2uiz
[...]
    main.o(i.WizFi250_Associate) refers to _printf_s.o(.ARM.Collect$$_printf_percent$$00000014) for _printf_s
    main.o(i.WizFi250_Associate) refers to _printf_str.o(.text) for _printf_str
    main.o(i.WizFi250_Associate) refers to wizfi250handler.o(i.send_and_check_command) for send_and_check_command
    main.o(i.WizFi250_Associate) refers to noretval__2printf.o(.text) for __2printf
    main.o(i.WizFi250_Associate) refers to noretval__2sprintf.o(.text) for __2sprintf
    main.o(i.WizFi250_GetWeather) refers to _printf_percent.o(.ARM.Collect$$_printf_percent$$00000000) for _printf_percent
    main.o(i.WizFi250_GetWeather) refers to _printf_s.o(.ARM.Collect$$_printf_percent$$00000014) for _printf_s
    main.o(i.WizFi250_GetWeather) refers to _printf_str.o(.text) for _printf_str
    main.o(i.WizFi250_GetWeather) refers to _printf_d.o(.ARM.Collect$$_printf_percent$$00000009) for _printf_d
    main.o(i.WizFi250_GetWeather) refers to _printf_dec.o(.text) for _printf_int_dec
    main.o(i.WizFi250_GetWeather) refers to noretval__2sprintf.o(.text) for __2sprintf
    main.o(i.WizFi250_GetWeather) refers to wizfi250handler.o(i.send_and_check_command) for send_and_check_command
    main.o(i.WizFi250_GetWeather) refers to noretval__2printf.o(.text) for __2printf
    main.o(i.WizFi250_GetWeather) refers to w7500x_uart.o(i.UartPuts) for UartPuts
    main.o(i.WizFi250_GetWeather) refers to strlen.o(.text) for strlen
    main.o(i.WizFi250_GetWeather) refers to wizfi250handler.o(i.UartGetc_nonblk) for UartGetc_nonblk
    main.o(i.WizFi250_GetWeather) refers to w7500x_uart.o(i.UartPutc) for UartPutc
    main.o(i.WizFi250_GetWeather) refers to main.o(.conststring) for .conststring
    main.o(i.main) refers to system_w7500x.o(i.SystemInit) for SystemInit
    main.o(i.main) refers to w7500x_uart.o(i.UART_StructInit) for UART_StructInit
    main.o(i.main) refers to w7500x_uart.o(i.UART_Init) for UART_Init
    main.o(i.main) refers to w7500x_uart.o(i.UART_ITConfig) for UART_ITConfig
    main.o(i.main) refers to main.o(i.NVIC_ClearPendingIRQ) for NVIC_ClearPendingIRQ
    main.o(i.main) refers to main.o(i.NVIC_EnableIRQ) for NVIC_EnableIRQ
    main.o(i.main) refers to w7500x_gpio.o(i.GPIO_Init) for GPIO_Init
    main.o(i.main) refers to w7500x_gpio.o(i.PAD_AFConfig) for PAD_AFConfig
    main.o(i.main) refers to noretval__2printf.o(.text) for __2printf
    main.o(i.main) refers to wizfi250handler.o(i.WizFi250_Restart) for WizFi250_Restart
    main.o(i.main) refers to wizfi250handler.o(i.UartGetc_nonblk) for UartGetc_nonblk
    main.o(i.main) refers to w7500x_uart.o(i.UartPutc) for UartPutc
    main.o(i.main) refers to main.o(i.WizFi250_Associate) for WizFi250_Associate
    main.o(i.main) refers to main.o(i.WizFi250_GetWeather) for WizFi250_GetWeather
    main.o(i.main) refers to wizfi250handler.o(i.send_and_check_command) for send_and_check_command
    main.o(i.main) refers to main.o(.bss) for UART_InitStructure
    main.o(i.main) refers to main.o(.data) for GPIO_InitDef
    __2printf.o(.text) refers to _printf_char_file.o(.text) for _printf_char_file
    __2printf.o(.text) refers to retarget.o(.data) for __stdout
    __2sprintf.o(.text) refers to _printf_char_common.o(.text) for _printf_char_common
    __2sprintf.o(.text) refers to _sputc.o(.text) for _sputc
    noretval__2printf.o(.text) refers to _printf_char_file.o(.text) for _printf_char_file
    noretval__2printf.o(.text) refers to retarget.o(.data) for __stdout
    noretval__2sprintf.o(.text) refers to _printf_char_common.o(.text) for _printf_char_common
    noretval__2sprintf.o(.text) refers to _sputc.o(.text) for _sputc
    __printf.o(.text) refers to _printf_percent.o(.ARM.Collect$$_printf_percent$$00000000) for _printf_percent
    _printf_str.o(.text) refers (Special) to _printf_char.o(.text) for _printf_cs_common
    _printf_dec.o(.text) refers to rtudiv10.o(.text) for __rt_udiv10
    _printf_dec.o(.text) refers to _printf_intcommon.o(.text) for _printf_int_common
    __printf_flags.o(.text) refers to _printf_percent.o(.ARM.Collect$$_printf_percent$$00000000) for _printf_percent
    __printf_flags.o(.text) refers to __printf_flags.o(.constdata) for .constdata
    __printf_ss.o(.text) refers to _printf_percent.o(.ARM.Collect$$_printf_percent$$00000000) for _printf_percent
    __printf_flags_ss.o(.text) refers to _printf_percent.o(.ARM.Collect$$_printf_percent$$00000000) for _printf_percent
    __printf_flags_ss.o(.text) refers to __printf_flags_ss.o(.constdata) for .constdata
    __printf_wp.o(.text) refers to __printf_wp.o(i._is_digit) for _is_digit
    __printf_wp.o(.text) refers to _printf_percent.o(.ARM.Collect$$_printf_percent$$00000000) for _printf_percent
    __printf_flags_wp.o(.text) refers to __printf_wp.o(i._is_digit) for _is_digit
    __printf_flags_wp.o(.text) refers to _printf_percent.o(.ARM.Collect$$_printf_percent$$00000000) for _printf_percent
    __printf_flags_wp.o(.text) refers to __printf_flags_wp.o(.constdata) for .constdata
    __printf_ss_wp.o(.text) refers to __printf_wp.o(i._is_digit) for _is_digit
    __printf_ss_wp.o(.text) refers to _printf_percent.o(.ARM.Collect$$_printf_percent$$00000000) for _printf_percent
    __printf_flags_ss_wp.o(.text) refers to __printf_wp.o(i._is_digit) for _is_digit
    __printf_flags_ss_wp.o(.text) refers to _printf_percent.o(.ARM.Collect$$_printf_percent$$00000000) for _printf_percent
    __printf_flags_ss_wp.o(.text) refers to __printf_flags_ss_wp.o(.constdata) for .constdata
    _printf_s.o(.ARM.Collect$$_printf_percent$$00000014) refers (Weak) to _printf_char.o(.text) for _printf_string
    _printf_d.o(.ARM.Collect$$_printf_percent$$00000009) refers (Weak) to _printf_dec.o(.text) for _printf_int_dec
    _printf_percent.o(.ARM.Collect$$_printf_percent$$00000000) refers (Special) to _printf_percent_end.o(.ARM.Collect$$_printf_percent$$00000017) for _printf_percent_end
    __main.o(!!!main) refers to __rtentry.o(.ARM.Collect$$rtentry$$00000000) for __rt_entry
    daddsub.o(.text) refers (Special) to usenofp.o(x$fpl$usenofp) for __I$use$fp
    dfixui.o(.text) refers (Special) to usenofp.o(x$fpl$usenofp) for __I$use$fp
    f2d.o(.text) refers (Special) to usenofp.o(x$fpl$usenofp) for __I$use$fp
    faddsub.o(x$fpl$fadd) refers (Special) to usenofp.o(x$fpl$usenofp) for __I$use$fp
    faddsub.o(x$fpl$fadd) refers to faddsub.o(x$fpl$fsub) for _fsub1
    faddsub.o(x$fpl$frsb) refers (Special) to usenofp.o(x$fpl$usenofp) for __I$use$fp
    faddsub.o(x$fpl$frsb) refers to faddsub.o(x$fpl$fsub) for _fsub1
    faddsub.o(x$fpl$frsb) refers to faddsub.o(x$fpl$fadd) for _fadd1
    faddsub.o(x$fpl$fsub) refers (Special) to usenofp.o(x$fpl$usenofp) for __I$use$fp
    faddsub.o(x$fpl$fsub) refers to faddsub.o(x$fpl$fadd) for _fadd1
    fdiv.o(.text) refers (Special) to usenofp.o(x$fpl$usenofp) for __I$use$fp
    fdiv.o(.text) refers to fdiv.o(.constdata) for .constdata
    fdiv.o(.constdata) refers (Special) to usenofp.o(x$fpl$usenofp) for __I$use$fp
    ffixui.o(.text) refers (Special) to usenofp.o(x$fpl$usenofp) for __I$use$fp
    fflti.o(.text) refers (Special) to usenofp.o(x$fpl$usenofp) for __I$use$fp
    fmul.o(x$fpl$fmul) refers (Special) to usenofp.o(x$fpl$usenofp) for __I$use$fp
    __rtentry.o(.ARM.Collect$$rtentry$$00000000) refers (Special) to __rtentry2.o(.ARM.Collect$$rtentry$$0000000A) for __rt_entry_li
    __rtentry.o(.ARM.Collect$$rtentry$$00000000) refers (Special) to __rtentry2.o(.ARM.Collect$$rtentry$$0000000D) for __rt_entry_main
    __rtentry.o(.ARM.Collect$$rtentry$$00000000) refers (Special) to __rtentry2.o(.ARM.Collect$$rtentry$$0000000C) for __rt_entry_postli_1
    __rtentry.o(.ARM.Collect$$rtentry$$00000000) refers (Special) to __rtentry2.o(.ARM.Collect$$rtentry$$00000009) for __rt_entry_postsh_1
    __rtentry.o(.ARM.Collect$$rtentry$$00000000) refers (Special) to __rtentry2.o(.ARM.Collect$$rtentry$$00000002) for __rt_entry_presh_1
    __rtentry.o(.ARM.Collect$$rtentry$$00000000) refers (Special) to __rtentry4.o(.ARM.Collect$$rtentry$$00000004) for __rt_entry_sh
    aeabi_idiv0_sigfpe.o(.text) refers to rt_div0.o(.text) for __rt_div0
    _printf_char_common.o(.text) refers to __printf.o(.text) for __printf
    _printf_char.o(.text) refers (Weak) to _printf_str.o(.text) for _printf_str
    _printf_char_file.o(.text) refers to _printf_char_common.o(.text) for _printf_char_common
    _printf_char_file.o(.text) refers to retarget.o(i.ferror) for ferror
    _printf_char_file.o(.text) refers to retarget.o(i.fputc) for fputc
    __rtentry2.o(.ARM.Collect$$rtentry$$00000008) refers to boardinit2.o(.text) for _platform_post_stackheap_init
    __rtentry2.o(.ARM.Collect$$rtentry$$0000000A) refers to libinit.o(.ARM.Collect$$libinit$$00000000) for __rt_lib_init
    __rtentry2.o(.ARM.Collect$$rtentry$$0000000B) refers to boardinit3.o(.text) for _platform_post_lib_init
    __rtentry2.o(.ARM.Collect$$rtentry$$0000000D) refers to main.o(i.main) for main
    __rtentry2.o(.ARM.Collect$$rtentry$$0000000D) refers to exit.o(.text) for exit
    __rtentry2.o(.ARM.exidx) refers to __rtentry2.o(.ARM.Collect$$rtentry$$00000001) for .ARM.Collect$$rtentry$$00000001
    __rtentry2.o(.ARM.exidx) refers to __rtentry2.o(.ARM.Collect$$rtentry$$00000008) for .ARM.Collect$$rtentry$$00000008
    __rtentry2.o(.ARM.exidx) refers to __rtentry2.o(.ARM.Collect$$rtentry$$0000000A) for .ARM.Collect$$rtentry$$0000000A
    __rtentry2.o(.ARM.exidx) refers to __rtentry2.o(.ARM.Collect$$rtentry$$0000000B) for .ARM.Collect$$rtentry$$0000000B
    __rtentry2.o(.ARM.exidx) refers to __rtentry2.o(.ARM.Collect$$rtentry$$0000000D) for .ARM.Collect$$rtentry$$0000000D
    __rtentry4.o(.ARM.Collect$$rtentry$$00000004) refers to sys_stackheap_outer.o(.text) for __user_setup_stackheap
    __rtentry4.o(.ARM.exidx) refers to __rtentry4.o(.ARM.Collect$$rtentry$$00000004) for .ARM.Collect$$rtentry$$00000004
    rt_div0.o(.text) refers to defsig_fpe_outer.o(.text) for __rt_SIGFPE
    sys_stackheap_outer.o(.text) refers to libspace.o(.text) for __user_perproc_libspace
    sys_stackheap_outer.o(.text) refers to startup_w7500x.o(.text) for __user_initial_stackheap
    sys_stackheap_outer.o(__vectab_stack_and_reset_area) refers to tempstk.o(.text) for __temporary_stack_top
    sys_stackheap_outer.o(__vectab_stack_and_reset_area) refers to __main.o(!!!main) for __main
    exit.o(.text) refers to rtexit.o(.ARM.Collect$$rtexit$$00000000) for __rt_exit
    defsig_fpe_outer.o(.text) refers to defsig_fpe_inner.o(.text) for __rt_SIGFPE_inner
    defsig_fpe_outer.o(.text) refers to defsig_exit.o(.text) for __sig_exit
    defsig_fpe_formal.o(.text) refers to rt_raise.o(.text) for __rt_raise
    libinit.o(.ARM.Collect$$libinit$$00000000) refers (Special) to libinit2.o(.ARM.Collect$$libinit$$0000002E) for __rt_lib_init_alloca_1
    libinit.o(.ARM.Collect$$libinit$$00000000) refers (Special) to libinit2.o(.ARM.Collect$$libinit$$0000002C) for __rt_lib_init_argv_1
    libinit.o(.ARM.Collect$$libinit$$00000000) refers (Special) to libinit2.o(.ARM.Collect$$libinit$$0000001B) for __rt_lib_init_atexit_1
    libinit.o(.ARM.Collect$$libinit$$00000000) refers (Special) to libinit2.o(.ARM.Collect$$libinit$$00000021) for __rt_lib_init_clock_1
    libinit.o(.ARM.Collect$$libinit$$00000000) refers (Special) to libinit2.o(.ARM.Collect$$libinit$$00000032) for __rt_lib_init_cpp_1
    libinit.o(.ARM.Collect$$libinit$$00000000) refers (Special) to libinit2.o(.ARM.Collect$$libinit$$00000030) for __rt_lib_init_exceptions_1
    libinit.o(.ARM.Collect$$libinit$$00000000) refers (Special) to libinit2.o(.ARM.Collect$$libinit$$00000002) for __rt_lib_init_fp_1
    libinit.o(.ARM.Collect$$libinit$$00000000) refers (Special) to libinit2.o(.ARM.Collect$$libinit$$0000001F) for __rt_lib_init_fp_trap_1
    libinit.o(.ARM.Collect$$libinit$$00000000) refers (Special) to libinit2.o(.ARM.Collect$$libinit$$00000023) for __rt_lib_init_getenv_1
    libinit.o(.ARM.Collect$$libinit$$00000000) refers (Special) to libinit2.o(.ARM.Collect$$libinit$$0000000A) for __rt_lib_init_heap_1
    libinit.o(.ARM.Collect$$libinit$$00000000) refers (Special) to libinit2.o(.ARM.Collect$$libinit$$00000011) for __rt_lib_init_lc_collate_1
    libinit.o(.ARM.Collect$$libinit$$00000000) refers (Special) to libinit2.o(.ARM.Collect$$libinit$$00000013) for __rt_lib_init_lc_ctype_1
    libinit.o(.ARM.Collect$$libinit$$00000000) refers (Special) to libinit2.o(.ARM.Collect$$libinit$$00000015) for __rt_lib_init_lc_monetary_1
    libinit.o(.ARM.Collect$$libinit$$00000000) refers (Special) to libinit2.o(.ARM.Collect$$libinit$$00000017) for __rt_lib_init_lc_numeric_1
    libinit.o(.ARM.Collect$$libinit$$00000000) refers (Special) to libinit2.o(.ARM.Collect$$libinit$$00000019) for __rt_lib_init_lc_time_1
    libinit.o(.ARM.Collect$$libinit$$00000000) refers (Special) to libinit2.o(.ARM.Collect$$libinit$$00000004) for __rt_lib_init_preinit_1
    libinit.o(.ARM.Collect$$libinit$$00000000) refers (Special) to libinit2.o(.ARM.Collect$$libinit$$0000000E) for __rt_lib_init_rand_1
    libinit.o(.ARM.Collect$$libinit$$00000000) refers (Special) to libinit2.o(.ARM.Collect$$libinit$$00000033) for __rt_lib_init_return
    libinit.o(.ARM.Collect$$libinit$$00000000) refers (Special) to libinit2.o(.ARM.Collect$$libinit$$0000001D) for __rt_lib_init_signal_1
    libinit.o(.ARM.Collect$$libinit$$00000000) refers (Special) to libinit2.o(.ARM.Collect$$libinit$$00000025) for __rt_lib_init_stdio_1
    libinit.o(.ARM.Collect$$libinit$$00000000) refers (Special) to libinit2.o(.ARM.Collect$$libinit$$0000000C) for __rt_lib_init_user_alloc_1
    libspace.o(.text) refers to libspace.o(.bss) for __libspace_start
    rtexit.o(.ARM.Collect$$rtexit$$00000000) refers (Special) to rtexit2.o(.ARM.Collect$$rtexit$$00000004) for __rt_exit_exit
    rtexit.o(.ARM.Collect$$rtexit$$00000000) refers (Special) to rtexit2.o(.ARM.Collect$$rtexit$$00000003) for __rt_exit_ls
    rtexit.o(.ARM.Collect$$rtexit$$00000000) refers (Special) to rtexit2.o(.ARM.Collect$$rtexit$$00000002) for __rt_exit_prels_1
    rtexit.o(.ARM.exidx) refers (Special) to rtexit2.o(.ARM.Collect$$rtexit$$00000004) for __rt_exit_exit
    rtexit.o(.ARM.exidx) refers (Special) to rtexit2.o(.ARM.Collect$$rtexit$$00000003) for __rt_exit_ls
    rtexit.o(.ARM.exidx) refers (Special) to rtexit2.o(.ARM.Collect$$rtexit$$00000002) for __rt_exit_prels_1
    rtexit.o(.ARM.exidx) refers to rtexit.o(.ARM.Collect$$rtexit$$00000000) for .ARM.Collect$$rtexit$$00000000
    rt_raise.o(.text) refers to __raise.o(.text) for __raise
    rt_raise.o(.text) refers to retarget.o(i._sys_exit) for _sys_exit
    defsig_exit.o(.text) refers to retarget.o(i._sys_exit) for _sys_exit
    defsig_fpe_inner.o(.text) refers to defsig_general.o(.text) for __default_signal_display
    libinit2.o(.ARM.Collect$$libinit$$00000010) refers to libinit2.o(.ARM.Collect$$libinit$$0000000F) for .ARM.Collect$$libinit$$0000000F
    libinit2.o(.ARM.Collect$$libinit$$00000012) refers to libinit2.o(.ARM.Collect$$libinit$$0000000F) for .ARM.Collect$$libinit$$0000000F
    libinit2.o(.ARM.Collect$$libinit$$00000014) refers to libinit2.o(.ARM.Collect$$libinit$$0000000F) for .ARM.Collect$$libinit$$0000000F
    libinit2.o(.ARM.Collect$$libinit$$00000016) refers to libinit2.o(.ARM.Collect$$libinit$$0000000F) for .ARM.Collect$$libinit$$0000000F
    libinit2.o(.ARM.Collect$$libinit$$00000018) refers to libinit2.o(.ARM.Collect$$libinit$$0000000F) for .ARM.Collect$$libinit$$0000000F
    libinit2.o(.ARM.Collect$$libinit$$00000026) refers to argv_veneer.o(.text) for __ARM_argv_veneer
    libinit2.o(.ARM.Collect$$libinit$$00000027) refers to argv_veneer.o(.text) for __ARM_argv_veneer
    rtexit2.o(.ARM.Collect$$rtexit$$00000003) refers to libshutdown.o(.ARM.Collect$$libshutdown$$00000000) for __rt_lib_shutdown
    rtexit2.o(.ARM.Collect$$rtexit$$00000004) refers to retarget.o(i._sys_exit) for _sys_exit
    rtexit2.o(.ARM.exidx) refers to rtexit2.o(.ARM.Collect$$rtexit$$00000001) for .ARM.Collect$$rtexit$$00000001
    rtexit2.o(.ARM.exidx) refers to rtexit2.o(.ARM.Collect$$rtexit$$00000003) for .ARM.Collect$$rtexit$$00000003
    rtexit2.o(.ARM.exidx) refers to rtexit2.o(.ARM.Collect$$rtexit$$00000004) for .ARM.Collect$$rtexit$$00000004
    __raise.o(.text) refers to defsig.o(CL$$defsig) for __default_signal_handler
    defsig_general.o(.text) refers to retarget.o(i._ttywrch) for _ttywrch
    defsig.o(CL$$defsig) refers to defsig_fpe_inner.o(.text) for __rt_SIGFPE_inner
    defsig.o(CL$$defsig) refers to defsig_rtmem_inner.o(.text) for __rt_SIGRTMEM_inner
    _get_argv_nomalloc.o(.text) refers (Special) to hrguard.o(.text) for __heap_region$guard
    _get_argv_nomalloc.o(.text) refers to defsig_rtmem_outer.o(.text) for __rt_SIGRTMEM
    _get_argv_nomalloc.o(.text) refers to sys_command.o(.text) for _sys_command_string
    libshutdown.o(.ARM.Collect$$libshutdown$$00000000) refers (Special) to libshutdown2.o(.ARM.Collect$$libshutdown$$00000006) for __rt_lib_shutdown_fp_trap_1
    libshutdown.o(.ARM.Collect$$libshutdown$$00000000) refers (Special) to libshutdown2.o(.ARM.Collect$$libshutdown$$0000000E) for __rt_lib_shutdown_heap_1
    libshutdown.o(.ARM.Collect$$libshutdown$$00000000) refers (Special) to libshutdown2.o(.ARM.Collect$$libshutdown$$0000000F) for __rt_lib_shutdown_return
    libshutdown.o(.ARM.Collect$$libshutdown$$00000000) refers (Special) to libshutdown2.o(.ARM.Collect$$libshutdown$$00000009) for __rt_lib_shutdown_signal_1
    libshutdown.o(.ARM.Collect$$libshutdown$$00000000) refers (Special) to libshutdown2.o(.ARM.Collect$$libshutdown$$00000003) for __rt_lib_shutdown_stdio_1
    libshutdown.o(.ARM.Collect$$libshutdown$$00000000) refers (Special) to libshutdown2.o(.ARM.Collect$$libshutdown$$0000000B) for __rt_lib_shutdown_user_alloc_1
    sys_command.o(.text) refers (Special) to use_no_semi.o(.text) for __I$use$semihosting
    sys_command.o(.text) refers (Special) to indicate_semi.o(.text) for __semihosting_library_function
    defsig_abrt_inner.o(.text) refers to defsig_general.o(.text) for __default_signal_display
    defsig_rtred_inner.o(.text) refers to defsig_general.o(.text) for __default_signal_display
    defsig_rtmem_inner.o(.text) refers to defsig_general.o(.text) for __default_signal_display
    defsig_rtmem_outer.o(.text) refers to defsig_rtmem_inner.o(.text) for __rt_SIGRTMEM_inner
    defsig_rtmem_outer.o(.text) refers to defsig_exit.o(.text) for __sig_exit
    defsig_rtmem_formal.o(.text) refers to rt_raise.o(.text) for __rt_raise
    defsig_stak_inner.o(.text) refers to defsig_general.o(.text) for __default_signal_display
    defsig_pvfn_inner.o(.text) refers to defsig_general.o(.text) for __default_signal_display
    defsig_cppl_inner.o(.text) refers to defsig_general.o(.text) for __default_signal_display
    defsig_segv_inner.o(.text) refers to defsig_general.o(.text) for __default_signal_display
    defsig_other.o(.text) refers to defsig_general.o(.text) for __default_signal_display


==============================================================================

Removing Unused input sections from the image.

    Removing system_w7500x.o(.rev16_text), (4 bytes).
    Removing system_w7500x.o(.revsh_text), (4 bytes).
    Removing system_w7500x.o(i.GetSystemClock), (12 bytes).
    Removing system_w7500x.o(i.SystemCoreClockUpdate), (2 bytes).
    Removing w7500x_uart.o(.rev16_text), (4 bytes).
    Removing w7500x_uart.o(.revsh_text), (4 bytes).
    Removing w7500x_uart.o(i.S_UART_ClearITPendingBit), (20 bytes).
    Removing w7500x_uart.o(i.S_UART_DeInit), (2 bytes).
    Removing w7500x_uart.o(i.S_UART_GetFlagStatus), (28 bytes).
    Removing w7500x_uart.o(i.S_UART_GetITStatus), (28 bytes).
    Removing w7500x_uart.o(i.S_UART_ITConfig), (32 bytes).
    Removing w7500x_uart.o(i.S_UART_Init), (84 bytes).
    Removing w7500x_uart.o(i.S_UART_ReceiveData), (12 bytes).
    Removing w7500x_uart.o(i.S_UART_SendData), (24 bytes).
    Removing w7500x_uart.o(i.S_UartGetc), (28 bytes).
    Removing w7500x_uart.o(i.S_UartPutc), (14 bytes).
    Removing w7500x_uart.o(i.S_UartPuts), (26 bytes).
    Removing w7500x_uart.o(i.UART_ClearRecvStatus), (4 bytes).
    Removing w7500x_uart.o(i.UART_DeInit), (2 bytes).
    Removing w7500x_uart.o(i.UART_GetFlagStatus), (20 bytes).
    Removing w7500x_uart.o(i.UART_GetRecvStatus), (20 bytes).
    Removing w7500x_uart.o(i.UART_SendBreak), (10 bytes).
    Removing w7500x_uart.o(i.UartGetc), (20 bytes).
    Removing w7500x_gpio.o(.rev16_text), (4 bytes).
    Removing w7500x_gpio.o(.revsh_text), (4 bytes).
    Removing w7500x_gpio.o(i.GPIO_Configuration), (112 bytes).
    Removing w7500x_gpio.o(i.GPIO_DeInit), (120 bytes).
    Removing w7500x_gpio.o(i.GPIO_INT_Clear), (6 bytes).
    Removing w7500x_gpio.o(i.GPIO_INT_Configuration), (130 bytes).
    Removing w7500x_gpio.o(i.GPIO_INT_Enable), (18 bytes).
    Removing w7500x_gpio.o(i.GPIO_INT_Enable_Bits), (24 bytes).
    Removing w7500x_gpio.o(i.GPIO_INT_Polarity), (16 bytes).
    Removing w7500x_gpio.o(i.GPIO_INT_Polarity_Bits), (20 bytes).
    Removing w7500x_gpio.o(i.GPIO_ReadInputData), (8 bytes).
    Removing w7500x_gpio.o(i.GPIO_ReadInputDataBit), (20 bytes).
    Removing w7500x_gpio.o(i.GPIO_ReadOutputData), (8 bytes).
    Removing w7500x_gpio.o(i.GPIO_ReadOutputDataBit), (20 bytes).
    Removing w7500x_gpio.o(i.GPIO_Read_INTstatus), (20 bytes).
    Removing w7500x_gpio.o(i.GPIO_StructInit), (20 bytes).
    Removing w7500x_gpio.o(i.GPIO_Write), (4 bytes).
    Removing w7500x_gpio.o(i.GPIO_WriteBit), (28 bytes).
    Removing retarget.o(.rev16_text), (4 bytes).
    Removing retarget.o(.revsh_text), (4 bytes).
    Removing retarget.o(i._ttywrch), (20 bytes).
    Removing retarget.o(i.fgetc), (28 bytes).
    Removing w7500x_it.o(.rev16_text), (4 bytes).
    Removing w7500x_it.o(.revsh_text), (4 bytes).
    Removing wizfi250handler.o(.rev16_text), (4 bytes).
    Removing wizfi250handler.o(.revsh_text), (4 bytes).
    Removing wizfi250handler.o(i.WizFi250_FactoryReset), (2 bytes).
    Removing main.o(.rev16_text), (4 bytes).
    Removing main.o(.revsh_text), (4 bytes).

52 unused section(s) (total 1068 bytes) removed from the image.

==============================================================================

Image Symbol Table

    Local Symbols

    Symbol Name                              Value     Ov Type        Size  Object(Section)

    RESET                                    0x00000000   Section      168  startup_w7500x.o(RESET)
    ../clib/angel/boardlib.s                 0x00000000   Number         0  boardinit3.o ABSOLUTE
    ../clib/angel/boardlib.s                 0x00000000   Number         0  boardinit2.o ABSOLUTE
    ../clib/angel/boardlib.s                 0x00000000   Number         0  boardinit1.o ABSOLUTE
    ../clib/angel/boardlib.s                 0x00000000   Number         0  boardshut.o ABSOLUTE
    ../clib/angel/handlers.s                 0x00000000   Number         0  __scatter_copy.o ABSOLUTE
    ../clib/angel/handlers.s                 0x00000000   Number         0  __scatter_zi.o ABSOLUTE
    ../clib/angel/kernel.s                   0x00000000   Number         0  rtexit2.o ABSOLUTE
    ../clib/angel/kernel.s                   0x00000000   Number         0  rtexit.o ABSOLUTE
    ../clib/angel/kernel.s                   0x00000000   Number         0  __rtentry.o ABSOLUTE
    ../clib/angel/kernel.s                   0x00000000   Number         0  __rtentry2.o ABSOLUTE
    ../clib/angel/kernel.s                   0x00000000   Number         0  __rtentry4.o ABSOLUTE
    ../clib/angel/rt.s                       0x00000000   Number         0  aeabi_idiv0_sigfpe.o ABSOLUTE
    ../clib/angel/rt.s                       0x00000000   Number         0  rt_div0.o ABSOLUTE
    ../clib/angel/rt.s                       0x00000000   Number         0  rt_raise.o ABSOLUTE
    ../clib/angel/rt.s                       0x00000000   Number         0  aeabi_idiv0.o ABSOLUTE
    ../clib/angel/scatterp.s                 0x00000000   Number         0  __scatter.o ABSOLUTE
    ../clib/angel/startup.s                  0x00000000   Number         0  __main.o ABSOLUTE
    ../clib/angel/sys.s                      0x00000000   Number         0  indicate_semi.o ABSOLUTE
    ../clib/angel/sys.s                      0x00000000   Number         0  libspace.o ABSOLUTE
    ../clib/angel/sys.s                      0x00000000   Number         0  tempstk.o ABSOLUTE
    ../clib/angel/sys.s                      0x00000000   Number         0  use_no_semi.o ABSOLUTE
    ../clib/angel/sys.s                      0x00000000   Number         0  sys_stackheap_outer.o ABSOLUTE
    ../clib/angel/sysapp.c                   0x00000000   Number         0  sys_command.o ABSOLUTE
    ../clib/armsys.c                         0x00000000   Number         0  _get_argv_nomalloc.o ABSOLUTE
    ../clib/armsys.c                         0x00000000   Number         0  no_argv.o ABSOLUTE
    ../clib/armsys.c                         0x00000000   Number         0  argv_veneer.o ABSOLUTE
    ../clib/division.c                       0x00000000   Number         0  rtudiv10.o ABSOLUTE
    ../clib/division.s                       0x00000000   Number         0  aeabi_sdiv_div0.o ABSOLUTE
    ../clib/division.s                       0x00000000   Number         0  aeabi_sdiv.o ABSOLUTE
    ../clib/heapalloc.c                      0x00000000   Number         0  hrguard.o ABSOLUTE
    ../clib/heapaux.c                        0x00000000   Number         0  heapauxi.o ABSOLUTE
    ../clib/libinit.s                        0x00000000   Number         0  libshutdown2.o ABSOLUTE
    ../clib/libinit.s                        0x00000000   Number         0  libinit.o ABSOLUTE
    ../clib/libinit.s                        0x00000000   Number         0  libinit2.o ABSOLUTE
    ../clib/libinit.s                        0x00000000   Number         0  libshutdown.o ABSOLUTE
    ../clib/printf.c                         0x00000000   Number         0  _printf_char.o ABSOLUTE
    ../clib/printf.c                         0x00000000   Number         0  _printf_char_common.o ABSOLUTE
    ../clib/printf.c                         0x00000000   Number         0  _printf_intcommon.o ABSOLUTE
    ../clib/printf.c                         0x00000000   Number         0  __2sprintf.o ABSOLUTE
    ../clib/printf.c                         0x00000000   Number         0  __2printf.o ABSOLUTE
    ../clib/printf.c                         0x00000000   Number         0  __printf_flags_ss_wp.o ABSOLUTE
    ../clib/printf.c                         0x00000000   Number         0  _sputc.o ABSOLUTE
    ../clib/printf.c                         0x00000000   Number         0  __printf_ss_wp.o ABSOLUTE
    ../clib/printf.c                         0x00000000   Number         0  __printf_nopercent.o ABSOLUTE
    ../clib/printf.c                         0x00000000   Number         0  __printf_flags_wp.o ABSOLUTE
    ../clib/printf.c                         0x00000000   Number         0  __printf_wp.o ABSOLUTE
    ../clib/printf.c                         0x00000000   Number         0  __printf_flags_ss.o ABSOLUTE
    ../clib/printf.c                         0x00000000   Number         0  __printf_flags.o ABSOLUTE
    ../clib/printf.c                         0x00000000   Number         0  _printf_dec.o ABSOLUTE
    ../clib/printf.c                         0x00000000   Number         0  __printf_ss.o ABSOLUTE
    ../clib/printf.c                         0x00000000   Number         0  _printf_str.o ABSOLUTE
    ../clib/printf.c                         0x00000000   Number         0  __printf.o ABSOLUTE
    ../clib/printf.c                         0x00000000   Number         0  noretval__2sprintf.o ABSOLUTE
    ../clib/printf.c                         0x00000000   Number         0  noretval__2printf.o ABSOLUTE
    ../clib/printf.c                         0x00000000   Number         0  _printf_char_file.o ABSOLUTE
    ../clib/printf_percent.s                 0x00000000   Number         0  _printf_percent.o ABSOLUTE
    ../clib/printf_percent.s                 0x00000000   Number         0  _printf_percent_end.o ABSOLUTE
    ../clib/printf_percent.s                 0x00000000   Number         0  _printf_s.o ABSOLUTE
    ../clib/printf_percent.s                 0x00000000   Number         0  _printf_d.o ABSOLUTE
    ../clib/signal.c                         0x00000000   Number         0  defsig_other.o ABSOLUTE
    ../clib/signal.c                         0x00000000   Number         0  defsig_segv_inner.o ABSOLUTE
    ../clib/signal.c                         0x00000000   Number         0  defsig_cppl_inner.o ABSOLUTE
    ../clib/signal.c                         0x00000000   Number         0  defsig_stak_inner.o ABSOLUTE
    ../clib/signal.c                         0x00000000   Number         0  defsig_rtmem_formal.o ABSOLUTE
    ../clib/signal.c                         0x00000000   Number         0  defsig_fpe_formal.o ABSOLUTE
    ../clib/signal.c                         0x00000000   Number         0  defsig_rtmem_inner.o ABSOLUTE
    ../clib/signal.c                         0x00000000   Number         0  defsig_fpe_inner.o ABSOLUTE
    ../clib/signal.c                         0x00000000   Number         0  __raise.o ABSOLUTE
    ../clib/signal.c                         0x00000000   Number         0  defsig_fpe_outer.o ABSOLUTE
    ../clib/signal.c                         0x00000000   Number         0  defsig_general.o ABSOLUTE
    ../clib/signal.c                         0x00000000   Number         0  defsig_pvfn_inner.o ABSOLUTE
    ../clib/signal.c                         0x00000000   Number         0  defsig_exit.o ABSOLUTE
    ../clib/signal.c                         0x00000000   Number         0  defsig_abrt_inner.o ABSOLUTE
    ../clib/signal.c                         0x00000000   Number         0  defsig_rtred_inner.o ABSOLUTE
    ../clib/signal.c                         0x00000000   Number         0  defsig_rtmem_outer.o ABSOLUTE
    ../clib/signal.s                         0x00000000   Number         0  defsig.o ABSOLUTE
    ../clib/stdlib.c                         0x00000000   Number         0  exit.o ABSOLUTE
    ../clib/string.c                         0x00000000   Number         0  strstr.o ABSOLUTE
    ../clib/string.c                         0x00000000   Number         0  strlen.o ABSOLUTE
    ../clib/string.c                         0x00000000   Number         0  strcpy.o ABSOLUTE
    ../fplib/cfplib/daddsub.c                0x00000000   Number         0  daddsub.o ABSOLUTE
    ../fplib/cfplib/f2d.c                    0x00000000   Number         0  f2d.o ABSOLUTE
    ../fplib/cfplib/fdiv.c                   0x00000000   Number         0  fdiv.o ABSOLUTE
    ../fplib/cfplib/ffix.c                   0x00000000   Number         0  ffixui.o ABSOLUTE
    ../fplib/cfplib/ffix.c                   0x00000000   Number         0  dfixui.o ABSOLUTE
    ../fplib/cfplib/fflt.c                   0x00000000   Number         0  fflti.o ABSOLUTE
    ../fplib/cfplib/fpinit.c                 0x00000000   Number         0  fpinit.o ABSOLUTE
    ../fplib/faddsub6m.s                     0x00000000   Number         0  faddsub.o ABSOLUTE
    ../fplib/fmul6m.s                        0x00000000   Number         0  fmul.o ABSOLUTE
    ../fplib/usenofp.s                       0x00000000   Number         0  usenofp.o ABSOLUTE
    Libraries\CMSIS\Device\WIZnet\W7500\Source\ARM\startup_W7500x.s 0x00000000   Number         0  startup_w7500x.o ABSOLUTE
    Libraries\CMSIS\Device\WIZnet\W7500\Source\system_W7500x.c 0x00000000   Number         0  system_w7500x.o ABSOLUTE
    Libraries\W7500x_stdPeriph_Driver\src\W7500x_gpio.c 0x00000000   Number         0  w7500x_gpio.o ABSOLUTE
    Libraries\W7500x_stdPeriph_Driver\src\W7500x_uart.c 0x00000000   Number         0  w7500x_uart.o ABSOLUTE
    Libraries\\CMSIS\\Device\\WIZnet\\W7500\\Source\\system_W7500x.c 0x00000000   Number         0  system_w7500x.o ABSOLUTE
    Libraries\\W7500x_stdPeriph_Driver\\src\\W7500x_gpio.c 0x00000000   Number         0  w7500x_gpio.o ABSOLUTE
    Libraries\\W7500x_stdPeriph_Driver\\src\\W7500x_uart.c 0x00000000   Number         0  w7500x_uart.o ABSOLUTE
    W7500x_it.c                              0x00000000   Number         0  w7500x_it.o ABSOLUTE
    W7500x_it.c                              0x00000000   Number         0  w7500x_it.o ABSOLUTE
    WizFi250Handler.c                        0x00000000   Number         0  wizfi250handler.o ABSOLUTE
    WizFi250Handler.c                        0x00000000   Number         0  wizfi250handler.o ABSOLUTE
    dc.s                                     0x00000000   Number         0  dc.o ABSOLUTE
    main.c                                   0x00000000   Number         0  main.o ABSOLUTE
    main.c                                   0x00000000   Number         0  main.o ABSOLUTE
    retarget.c                               0x00000000   Number         0  retarget.o ABSOLUTE
    retarget.c                               0x00000000   Number         0  retarget.o ABSOLUTE
    !!!main                                  0x000000a8   Section        8  __main.o(!!!main)
    !!!scatter                               0x000000b0   Section       60  __scatter.o(!!!scatter)
    !!handler_copy                           0x000000ec   Section       26  __scatter_copy.o(!!handler_copy)
    !!handler_zi                             0x00000108   Section       28  __scatter_zi.o(!!handler_zi)
    .ARM.Collect$$_printf_percent$$00000000  0x00000124   Section        2  _printf_percent.o(.ARM.Collect$$_printf_percent$$00000000)
    .ARM.Collect$$_printf_percent$$00000009  0x00000126   Section       10  _printf_d.o(.ARM.Collect$$_printf_percent$$00000009)
    .ARM.Collect$$_printf_percent$$00000014  0x00000130   Section       10  _printf_s.o(.ARM.Collect$$_printf_percent$$00000014)
    .ARM.Collect$$_printf_percent$$00000017  0x0000013a   Section        4  _printf_percent_end.o(.ARM.Collect$$_printf_percent$$00000017)
    .ARM.Collect$$libinit$$00000000          0x0000013e   Section        2  libinit.o(.ARM.Collect$$libinit$$00000000)
    .ARM.Collect$$libinit$$00000002          0x00000140   Section        0  libinit2.o(.ARM.Collect$$libinit$$00000002)
    .ARM.Collect$$libinit$$00000004          0x00000140   Section        0  libinit2.o(.ARM.Collect$$libinit$$00000004)
    .ARM.Collect$$libinit$$0000000A          0x00000140   Section        0  libinit2.o(.ARM.Collect$$libinit$$0000000A)
    .ARM.Collect$$libinit$$0000000C          0x00000140   Section        0  libinit2.o(.ARM.Collect$$libinit$$0000000C)
    .ARM.Collect$$libinit$$0000000E          0x00000140   Section        0  libinit2.o(.ARM.Collect$$libinit$$0000000E)
    .ARM.Collect$$libinit$$00000011          0x00000140   Section        0  libinit2.o(.ARM.Collect$$libinit$$00000011)
    .ARM.Collect$$libinit$$00000013          0x00000140   Section        0  libinit2.o(.ARM.Collect$$libinit$$00000013)
    .ARM.Collect$$libinit$$00000015          0x00000140   Section        0  libinit2.o(.ARM.Collect$$libinit$$00000015)
    .ARM.Collect$$libinit$$00000017          0x00000140   Section        0  libinit2.o(.ARM.Collect$$libinit$$00000017)
    .ARM.Collect$$libinit$$00000019          0x00000140   Section        0  libinit2.o(.ARM.Collect$$libinit$$00000019)
    .ARM.Collect$$libinit$$0000001B          0x00000140   Section        0  libinit2.o(.ARM.Collect$$libinit$$0000001B)
    .ARM.Collect$$libinit$$0000001D          0x00000140   Section        0  libinit2.o(.ARM.Collect$$libinit$$0000001D)
    .ARM.Collect$$libinit$$0000001F          0x00000140   Section        0  libinit2.o(.ARM.Collect$$libinit$$0000001F)
    .ARM.Collect$$libinit$$00000021          0x00000140   Section        0  libinit2.o(.ARM.Collect$$libinit$$00000021)
    .ARM.Collect$$libinit$$00000023          0x00000140   Section        0  libinit2.o(.ARM.Collect$$libinit$$00000023)
    .ARM.Collect$$libinit$$00000025          0x00000140   Section        0  libinit2.o(.ARM.Collect$$libinit$$00000025)
    .ARM.Collect$$libinit$$0000002C          0x00000140   Section        0  libinit2.o(.ARM.Collect$$libinit$$0000002C)
    .ARM.Collect$$libinit$$0000002E          0x00000140   Section        0  libinit2.o(.ARM.Collect$$libinit$$0000002E)
    .ARM.Collect$$libinit$$00000030          0x00000140   Section        0  libinit2.o(.ARM.Collect$$libinit$$00000030)
    .ARM.Collect$$libinit$$00000032          0x00000140   Section        0  libinit2.o(.ARM.Collect$$libinit$$00000032)
    .ARM.Collect$$libinit$$00000033          0x00000140   Section        2  libinit2.o(.ARM.Collect$$libinit$$00000033)
    .ARM.Collect$$libshutdown$$00000000      0x00000142   Section        2  libshutdown.o(.ARM.Collect$$libshutdown$$00000000)
    .ARM.Collect$$libshutdown$$00000003      0x00000144   Section        0  libshutdown2.o(.ARM.Collect$$libshutdown$$00000003)
    .ARM.Collect$$libshutdown$$00000006      0x00000144   Section        0  libshutdown2.o(.ARM.Collect$$libshutdown$$00000006)
    .ARM.Collect$$libshutdown$$00000009      0x00000144   Section        0  libshutdown2.o(.ARM.Collect$$libshutdown$$00000009)
    .ARM.Collect$$libshutdown$$0000000B      0x00000144   Section        0  libshutdown2.o(.ARM.Collect$$libshutdown$$0000000B)
    .ARM.Collect$$libshutdown$$0000000E      0x00000144   Section        0  libshutdown2.o(.ARM.Collect$$libshutdown$$0000000E)
    .ARM.Collect$$libshutdown$$0000000F      0x00000144   Section        2  libshutdown2.o(.ARM.Collect$$libshutdown$$0000000F)
    .ARM.Collect$$rtentry$$00000000          0x00000146   Section        0  __rtentry.o(.ARM.Collect$$rtentry$$00000000)
    .ARM.Collect$$rtentry$$00000002          0x00000146   Section        0  __rtentry2.o(.ARM.Collect$$rtentry$$00000002)
    .ARM.Collect$$rtentry$$00000004          0x00000146   Section        6  __rtentry4.o(.ARM.Collect$$rtentry$$00000004)
    .ARM.Collect$$rtentry$$00000009          0x0000014c   Section        0  __rtentry2.o(.ARM.Collect$$rtentry$$00000009)
    .ARM.Collect$$rtentry$$0000000A          0x0000014c   Section        4  __rtentry2.o(.ARM.Collect$$rtentry$$0000000A)
    .ARM.Collect$$rtentry$$0000000C          0x00000150   Section        0  __rtentry2.o(.ARM.Collect$$rtentry$$0000000C)
    .ARM.Collect$$rtentry$$0000000D          0x00000150   Section        8  __rtentry2.o(.ARM.Collect$$rtentry$$0000000D)
    .ARM.Collect$$rtexit$$00000000           0x00000158   Section        2  rtexit.o(.ARM.Collect$$rtexit$$00000000)
    .ARM.Collect$$rtexit$$00000002           0x0000015a   Section        0  rtexit2.o(.ARM.Collect$$rtexit$$00000002)
    .ARM.Collect$$rtexit$$00000003           0x0000015a   Section        4  rtexit2.o(.ARM.Collect$$rtexit$$00000003)
    .ARM.Collect$$rtexit$$00000004           0x0000015e   Section        6  rtexit2.o(.ARM.Collect$$rtexit$$00000004)
    .text                                    0x00000164   Section       56  startup_w7500x.o(.text)
    .text                                    0x0000019c   Section        2  use_no_semi.o(.text)
    .text                                    0x000001a0   Section        0  noretval__2printf.o(.text)
    .text                                    0x000001bc   Section        0  noretval__2sprintf.o(.text)
    .text                                    0x000001e4   Section        0  __printf.o(.text)
    .text                                    0x00000250   Section        0  _printf_str.o(.text)
    .text                                    0x000002a4   Section        0  _printf_dec.o(.text)
    .text                                    0x00000310   Section        0  strstr.o(.text)
    .text                                    0x00000338   Section        0  strcpy.o(.text)
    .text                                    0x00000384   Section        0  strlen.o(.text)
    .text                                    0x000003c8   Section      346  aeabi_sdiv.o(.text)
    .text                                    0x00000522   Section        0  heapauxi.o(.text)
    .text                                    0x00000528   Section        0  daddsub.o(.text)
    _dadd1                                   0x00000529   Thumb Code   290  daddsub.o(.text)
    _dsub1                                   0x0000064b   Thumb Code   470  daddsub.o(.text)
    .text                                    0x00000880   Section        0  dfixui.o(.text)
    .text                                    0x000008c8   Section        0  f2d.o(.text)
    .text                                    0x0000091c   Section        0  fdiv.o(.text)
    .text                                    0x00000a7c   Section        0  ffixui.o(.text)
    .text                                    0x00000aac   Section        0  fflti.o(.text)
    .text                                    0x00000b0a   Section        0  _printf_intcommon.o(.text)
    .text                                    0x00000bbc   Section        0  _printf_char_common.o(.text)
    _printf_input_char                       0x00000bbd   Thumb Code    10  _printf_char_common.o(.text)
    .text                                    0x00000bec   Section        0  _sputc.o(.text)
    .text                                    0x00000bf6   Section        0  _printf_char.o(.text)
    .text                                    0x00000c24   Section        0  _printf_char_file.o(.text)
    .text                                    0x00000c4c   Section        0  rtudiv10.o(.text)
    .text                                    0x00000c74   Section       62  sys_stackheap_outer.o(.text)
    .text                                    0x00000cb2   Section        0  exit.o(.text)
    .text                                    0x00000cc0   Section        8  libspace.o(.text)
    i.ADC_Handler                            0x00000cc8   Section        0  w7500x_it.o(i.ADC_Handler)
    i.DMA_Handler                            0x00000cca   Section        0  w7500x_it.o(i.DMA_Handler)
    i.DUALTIMER0_Handler                     0x00000ccc   Section        0  w7500x_it.o(i.DUALTIMER0_Handler)
    i.DUALTIMER1_Handler                     0x00000cce   Section        0  w7500x_it.o(i.DUALTIMER1_Handler)
    i.EXTI_Handler                           0x00000cd0   Section        0  w7500x_it.o(i.EXTI_Handler)
    i.GPIO_Init                              0x00000cd4   Section        0  w7500x_gpio.o(i.GPIO_Init)
    i.GPIO_ResetBits                         0x00000de8   Section        0  w7500x_gpio.o(i.GPIO_ResetBits)
    i.GPIO_SetBits                           0x00000e08   Section        0  w7500x_gpio.o(i.GPIO_SetBits)
    i.HardFault_Handler                      0x00000e22   Section        0  w7500x_it.o(i.HardFault_Handler)
    i.I2C0_Handler                           0x00000e24   Section        0  w7500x_it.o(i.I2C0_Handler)
    i.I2C1_Handler                           0x00000e26   Section        0  w7500x_it.o(i.I2C1_Handler)
    i.NMI_Handler                            0x00000e28   Section        0  w7500x_it.o(i.NMI_Handler)
    i.NVIC_ClearPendingIRQ                   0x00000e2c   Section        0  main.o(i.NVIC_ClearPendingIRQ)
    NVIC_ClearPendingIRQ                     0x00000e2d   Thumb Code    14  main.o(i.NVIC_ClearPendingIRQ)
    i.NVIC_EnableIRQ                         0x00000e40   Section        0  main.o(i.NVIC_EnableIRQ)
    NVIC_EnableIRQ                           0x00000e41   Thumb Code    14  main.o(i.NVIC_EnableIRQ)
    i.PAD_AFConfig                           0x00000e54   Section        0  w7500x_gpio.o(i.PAD_AFConfig)
    i.PORT0_Handler                          0x00000f20   Section        0  w7500x_it.o(i.PORT0_Handler)
    i.PORT1_Handler                          0x00000f22   Section        0  w7500x_it.o(i.PORT1_Handler)
    i.PORT2_Handler                          0x00000f24   Section        0  w7500x_it.o(i.PORT2_Handler)
    i.PORT3_Handler                          0x00000f26   Section        0  w7500x_it.o(i.PORT3_Handler)
    i.PWM0_Handler                           0x00000f28   Section        0  w7500x_it.o(i.PWM0_Handler)
    i.PWM1_Handler                           0x00000f2a   Section        0  w7500x_it.o(i.PWM1_Handler)
    i.PWM2_Handler                           0x00000f2c   Section        0  w7500x_it.o(i.PWM2_Handler)
    i.PWM3_Handler                           0x00000f2e   Section        0  w7500x_it.o(i.PWM3_Handler)
    i.PWM4_Handler                           0x00000f30   Section        0  w7500x_it.o(i.PWM4_Handler)
    i.PWM5_Handler                           0x00000f32   Section        0  w7500x_it.o(i.PWM5_Handler)
    i.PWM6_Handler                           0x00000f34   Section        0  w7500x_it.o(i.PWM6_Handler)
    i.PWM7_Handler                           0x00000f36   Section        0  w7500x_it.o(i.PWM7_Handler)
    i.PendSV_Handler                         0x00000f38   Section        0  w7500x_it.o(i.PendSV_Handler)
    i.SSP0_Handler                           0x00000f3a   Section        0  w7500x_it.o(i.SSP0_Handler)
    i.SSP1_Handler                           0x00000f3c   Section        0  w7500x_it.o(i.SSP1_Handler)
    i.SVC_Handler                            0x00000f3e   Section        0  w7500x_it.o(i.SVC_Handler)
    i.SysTick_Handler                        0x00000f40   Section        0  w7500x_it.o(i.SysTick_Handler)
    i.SystemInit                             0x00000f44   Section        0  system_w7500x.o(i.SystemInit)
    i.UART0_Handler                          0x00000fb8   Section        0  w7500x_it.o(i.UART0_Handler)
    i.UART1_Handler                          0x00001050   Section        0  w7500x_it.o(i.UART1_Handler)
    i.UART2_Handler                          0x000010e8   Section        0  w7500x_it.o(i.UART2_Handler)
    i.UART_ClearITPendingBit                 0x000010ea   Section        0  w7500x_uart.o(i.UART_ClearITPendingBit)
    i.UART_GetITStatus                       0x000010f2   Section        0  w7500x_uart.o(i.UART_GetITStatus)
    i.UART_ITConfig                          0x00001106   Section        0  w7500x_uart.o(i.UART_ITConfig)
    i.UART_Init                              0x0000111c   Section        0  w7500x_uart.o(i.UART_Init)
    i.UART_ReceiveData                       0x000011fc   Section        0  w7500x_uart.o(i.UART_ReceiveData)
    i.UART_SendData                          0x00001204   Section        0  w7500x_uart.o(i.UART_SendData)
    i.UART_StructInit                        0x00001208   Section        0  w7500x_uart.o(i.UART_StructInit)
    i.UartGetc_nonblk                        0x00001224   Section        0  wizfi250handler.o(i.UartGetc_nonblk)
    i.UartPutc                               0x000012f8   Section        0  w7500x_uart.o(i.UartPutc)
    i.UartPuts                               0x00001316   Section        0  w7500x_uart.o(i.UartPuts)
    i.WZTOE_Handler                          0x00001334   Section        0  w7500x_it.o(i.WZTOE_Handler)
    i.WizFi250_Associate                     0x00001338   Section        0  main.o(i.WizFi250_Associate)
    i.WizFi250_GetWeather                    0x00001498   Section        0  main.o(i.WizFi250_GetWeather)
    i.WizFi250_Restart                       0x00001668   Section        0  wizfi250handler.o(i.WizFi250_Restart)
    i._sys_exit                              0x0000169e   Section        0  retarget.o(i._sys_exit)
    i.delay_ms                               0x000016a4   Section        0  wizfi250handler.o(i.delay_ms)
    i.ferror                                 0x000016c8   Section        0  retarget.o(i.ferror)
    i.fputc                                  0x000016d0   Section        0  retarget.o(i.fputc)
    i.main                                   0x000016e4   Section        0  main.o(i.main)
    i.send_and_check_command                 0x0000191c   Section        0  wizfi250handler.o(i.send_and_check_command)
    x$fpl$fadd                               0x00001ad0   Section      140  faddsub.o(x$fpl$fadd)
    _fadd1                                   0x00001add   Thumb Code     0  faddsub.o(x$fpl$fadd)
    x$fpl$fmul                               0x00001b5c   Section      176  fmul.o(x$fpl$fmul)
    x$fpl$frsb                               0x00001c0c   Section       24  faddsub.o(x$fpl$frsb)
    x$fpl$fsub                               0x00001c24   Section      208  faddsub.o(x$fpl$fsub)
    _fsub1                                   0x00001c31   Thumb Code     0  faddsub.o(x$fpl$fsub)
    .constdata                               0x00001cf4   Section       64  fdiv.o(.constdata)
    x$fpl$usenofp                            0x00001cf4   Section        0  usenofp.o(x$fpl$usenofp)
    fdiv_tab                                 0x00001cf4   Data          64  fdiv.o(.constdata)
    .conststring                             0x00001d34   Section       77  main.o(.conststring)
    .data                                    0x20000000   Section        8  system_w7500x.o(.data)
    .data                                    0x20000008   Section        8  retarget.o(.data)
    .data                                    0x20000010   Section        8  w7500x_it.o(.data)
    .data                                    0x20000018   Section        4  wizfi250handler.o(.data)
    .data                                    0x2000001c   Section        9  main.o(.data)
    .bss                                     0x20000028   Section     2048  w7500x_it.o(.bss)
    .bss                                     0x20000828   Section     1024  wizfi250handler.o(.bss)
    .bss                                     0x20000c28   Section       16  main.o(.bss)
    .bss                                     0x20000c38   Section       96  libspace.o(.bss)
    HEAP                                     0x20000c98   Section     1024  startup_w7500x.o(HEAP)
    Heap_Mem                                 0x20000c98   Data        1024  startup_w7500x.o(HEAP)
    STACK                                    0x20001098   Section     1024  startup_w7500x.o(STACK)
    Stack_Mem                                0x20001098   Data        1024  startup_w7500x.o(STACK)
    __initial_sp                             0x20001498   Data           0  startup_w7500x.o(STACK)

    Global Symbols

    Symbol Name                              Value     Ov Type        Size  Object(Section)

    BuildAttributes$$THM_ISAv3M$S$PE$A:L22$X:L11$S22$IEEE1$IW$USESV6$~STKCKD$USESV7$~SHL$OSPACE$ROPI$EBA8$UX$STANDARDLIB$REQ8$PRES8$EABIv2 0x00000000   Number         0  anon$$obj.o ABSOLUTE
    __ARM_use_no_argv                        0x00000000   Number         0  main.o ABSOLUTE
    __Vectors                                0x00000000   Data           4  startup_w7500x.o(RESET)
    __ARM_exceptions_init                     - Undefined Weak Reference
    __alloca_initialize                       - Undefined Weak Reference
    __arm_preinit_                            - Undefined Weak Reference
    __cpp_initialize__aeabi_                  - Undefined Weak Reference
    __cxa_finalize                            - Undefined Weak Reference
    __rt_locale                               - Undefined Weak Reference
    __sigvec_lookup                           - Undefined Weak Reference
    _atexit_init                              - Undefined Weak Reference
    _call_atexit_fns                          - Undefined Weak Reference
    _clock_init                               - Undefined Weak Reference
    _fp_trap_init                             - Undefined Weak Reference
    _fp_trap_shutdown                         - Undefined Weak Reference
    _get_lc_collate                           - Undefined Weak Reference
    _get_lc_ctype                             - Undefined Weak Reference
    _get_lc_monetary                          - Undefined Weak Reference
    _get_lc_numeric                           - Undefined Weak Reference
    _get_lc_time                              - Undefined Weak Reference
    _getenv_init                              - Undefined Weak Reference
    _handle_redirection                       - Undefined Weak Reference
    _init_alloc                               - Undefined Weak Reference
    _init_user_alloc                          - Undefined Weak Reference
    _initio                                   - Undefined Weak Reference
    _printf_mbtowc                            - Undefined Weak Reference
    _printf_post_padding                      - Undefined Weak Reference
    _printf_pre_padding                       - Undefined Weak Reference
    _printf_truncate_signed                   - Undefined Weak Reference
    _printf_truncate_unsigned                 - Undefined Weak Reference
    _rand_init                                - Undefined Weak Reference
    _signal_finish                            - Undefined Weak Reference
    _signal_init                              - Undefined Weak Reference
    _terminate_alloc                          - Undefined Weak Reference
    _terminate_user_alloc                     - Undefined Weak Reference
    _terminateio                              - Undefined Weak Reference
    __Vectors_End                            0x000000a8   Data           0  startup_w7500x.o(RESET)
    __Vectors_Size                           0x000000a8   Number         0  startup_w7500x.o ABSOLUTE
    __main                                   0x000000a9   Thumb Code     8  __main.o(!!!main)
    __scatterload                            0x000000b1   Thumb Code     0  __scatter.o(!!!scatter)
    __scatterload_rt2                        0x000000b1   Thumb Code    52  __scatter.o(!!!scatter)
    __scatterload_rt2_thumb_only             0x000000b1   Thumb Code     0  __scatter.o(!!!scatter)
    __scatterload_null                       0x000000c1   Thumb Code     0  __scatter.o(!!!scatter)
    __scatterload_copy                       0x000000ed   Thumb Code    26  __scatter_copy.o(!!handler_copy)
    __scatterload_zeroinit                   0x00000109   Thumb Code    28  __scatter_zi.o(!!handler_zi)
    _printf_percent                          0x00000125   Thumb Code     0  _printf_percent.o(.ARM.Collect$$_printf_percent$$00000000)
    _printf_d                                0x00000127   Thumb Code     0  _printf_d.o(.ARM.Collect$$_printf_percent$$00000009)
    _printf_s                                0x00000131   Thumb Code     0  _printf_s.o(.ARM.Collect$$_printf_percent$$00000014)
    _printf_percent_end                      0x0000013b   Thumb Code     0  _printf_percent_end.o(.ARM.Collect$$_printf_percent$$00000017)
    __rt_lib_init                            0x0000013f   Thumb Code     0  libinit.o(.ARM.Collect$$libinit$$00000000)
    __rt_lib_init_alloca_1                   0x00000141   Thumb Code     0  libinit2.o(.ARM.Collect$$libinit$$0000002E)
    __rt_lib_init_argv_1                     0x00000141   Thumb Code     0  libinit2.o(.ARM.Collect$$libinit$$0000002C)
    __rt_lib_init_atexit_1                   0x00000141   Thumb Code     0  libinit2.o(.ARM.Collect$$libinit$$0000001B)
    __rt_lib_init_clock_1                    0x00000141   Thumb Code     0  libinit2.o(.ARM.Collect$$libinit$$00000021)
    __rt_lib_init_cpp_1                      0x00000141   Thumb Code     0  libinit2.o(.ARM.Collect$$libinit$$00000032)
    __rt_lib_init_exceptions_1               0x00000141   Thumb Code     0  libinit2.o(.ARM.Collect$$libinit$$00000030)
    __rt_lib_init_fp_1                       0x00000141   Thumb Code     0  libinit2.o(.ARM.Collect$$libinit$$00000002)
    __rt_lib_init_fp_trap_1                  0x00000141   Thumb Code     0  libinit2.o(.ARM.Collect$$libinit$$0000001F)
    __rt_lib_init_getenv_1                   0x00000141   Thumb Code     0  libinit2.o(.ARM.Collect$$libinit$$00000023)
    __rt_lib_init_heap_1                     0x00000141   Thumb Code     0  libinit2.o(.ARM.Collect$$libinit$$0000000A)
    __rt_lib_init_lc_collate_1               0x00000141   Thumb Code     0  libinit2.o(.ARM.Collect$$libinit$$00000011)
    __rt_lib_init_lc_ctype_1                 0x00000141   Thumb Code     0  libinit2.o(.ARM.Collect$$libinit$$00000013)
    __rt_lib_init_lc_monetary_1              0x00000141   Thumb Code     0  libinit2.o(.ARM.Collect$$libinit$$00000015)
    __rt_lib_init_lc_numeric_1               0x00000141   Thumb Code     0  libinit2.o(.ARM.Collect$$libinit$$00000017)
    __rt_lib_init_lc_time_1                  0x00000141   Thumb Code     0  libinit2.o(.ARM.Collect$$libinit$$00000019)
    __rt_lib_init_preinit_1                  0x00000141   Thumb Code     0  libinit2.o(.ARM.Collect$$libinit$$00000004)
    __rt_lib_init_rand_1                     0x00000141   Thumb Code     0  libinit2.o(.ARM.Collect$$libinit$$0000000E)
    __rt_lib_init_return                     0x00000141   Thumb Code     0  libinit2.o(.ARM.Collect$$libinit$$00000033)
    __rt_lib_init_signal_1                   0x00000141   Thumb Code     0  libinit2.o(.ARM.Collect$$libinit$$0000001D)
    __rt_lib_init_stdio_1                    0x00000141   Thumb Code     0  libinit2.o(.ARM.Collect$$libinit$$00000025)
    __rt_lib_init_user_alloc_1               0x00000141   Thumb Code     0  libinit2.o(.ARM.Collect$$libinit$$0000000C)
    __rt_lib_shutdown                        0x00000143   Thumb Code     0  libshutdown.o(.ARM.Collect$$libshutdown$$00000000)
    __rt_lib_shutdown_fp_trap_1              0x00000145   Thumb Code     0  libshutdown2.o(.ARM.Collect$$libshutdown$$00000006)
    __rt_lib_shutdown_heap_1                 0x00000145   Thumb Code     0  libshutdown2.o(.ARM.Collect$$libshutdown$$0000000E)
    __rt_lib_shutdown_return                 0x00000145   Thumb Code     0  libshutdown2.o(.ARM.Collect$$libshutdown$$0000000F)
    __rt_lib_shutdown_signal_1               0x00000145   Thumb Code     0  libshutdown2.o(.ARM.Collect$$libshutdown$$00000009)
    __rt_lib_shutdown_stdio_1                0x00000145   Thumb Code     0  libshutdown2.o(.ARM.Collect$$libshutdown$$00000003)
    __rt_lib_shutdown_user_alloc_1           0x00000145   Thumb Code     0  libshutdown2.o(.ARM.Collect$$libshutdown$$0000000B)
    __rt_entry                               0x00000147   Thumb Code     0  __rtentry.o(.ARM.Collect$$rtentry$$00000000)
    __rt_entry_presh_1                       0x00000147   Thumb Code     0  __rtentry2.o(.ARM.Collect$$rtentry$$00000002)
    __rt_entry_sh                            0x00000147   Thumb Code     0  __rtentry4.o(.ARM.Collect$$rtentry$$00000004)
    __rt_entry_li                            0x0000014d   Thumb Code     0  __rtentry2.o(.ARM.Collect$$rtentry$$0000000A)
    __rt_entry_postsh_1                      0x0000014d   Thumb Code     0  __rtentry2.o(.ARM.Collect$$rtentry$$00000009)
    __rt_entry_main                          0x00000151   Thumb Code     0  __rtentry2.o(.ARM.Collect$$rtentry$$0000000D)
    __rt_entry_postli_1                      0x00000151   Thumb Code     0  __rtentry2.o(.ARM.Collect$$rtentry$$0000000C)
    __rt_exit                                0x00000159   Thumb Code     0  rtexit.o(.ARM.Collect$$rtexit$$00000000)
    __rt_exit_ls                             0x0000015b   Thumb Code     0  rtexit2.o(.ARM.Collect$$rtexit$$00000003)
    __rt_exit_prels_1                        0x0000015b   Thumb Code     0  rtexit2.o(.ARM.Collect$$rtexit$$00000002)
    __rt_exit_exit                           0x0000015f   Thumb Code     0  rtexit2.o(.ARM.Collect$$rtexit$$00000004)
    Reset_Handler                            0x00000165   Thumb Code     8  startup_w7500x.o(.text)
    RTC_Handler                              0x00000177   Thumb Code     0  startup_w7500x.o(.text)
    __user_initial_stackheap                 0x00000179   Thumb Code    10  startup_w7500x.o(.text)
    __I$use$semihosting                      0x0000019d   Thumb Code     0  use_no_semi.o(.text)
    __use_no_semihosting_swi                 0x0000019d   Thumb Code     2  use_no_semi.o(.text)
    __2printf                                0x000001a1   Thumb Code    22  noretval__2printf.o(.text)
    __2sprintf                               0x000001bd   Thumb Code    36  noretval__2sprintf.o(.text)
    __printf                                 0x000001e5   Thumb Code   108  __printf.o(.text)
    _printf_str                              0x00000251   Thumb Code    82  _printf_str.o(.text)
    _printf_int_dec                          0x000002a5   Thumb Code    90  _printf_dec.o(.text)
    strstr                                   0x00000311   Thumb Code    40  strstr.o(.text)
    strcpy                                   0x00000339   Thumb Code    70  strcpy.o(.text)
    strlen                                   0x00000385   Thumb Code    62  strlen.o(.text)
    __aeabi_uidiv                            0x000003c9   Thumb Code     0  aeabi_sdiv.o(.text)
    __aeabi_uidivmod                         0x000003c9   Thumb Code    20  aeabi_sdiv.o(.text)
    __aeabi_idiv                             0x000003dd   Thumb Code     0  aeabi_sdiv.o(.text)
    __aeabi_idivmod                          0x000003dd   Thumb Code   326  aeabi_sdiv.o(.text)
    __use_two_region_memory                  0x00000523   Thumb Code     2  heapauxi.o(.text)
    __rt_heap_escrow$2region                 0x00000525   Thumb Code     2  heapauxi.o(.text)
    __rt_heap_expand$2region                 0x00000527   Thumb Code     2  heapauxi.o(.text)
    __aeabi_dadd                             0x00000821   Thumb Code     0  daddsub.o(.text)
    _dadd                                    0x00000821   Thumb Code    26  daddsub.o(.text)
    __aeabi_dsub                             0x0000083b   Thumb Code     0  daddsub.o(.text)
    _dsub                                    0x0000083b   Thumb Code    22  daddsub.o(.text)
    __aeabi_drsub                            0x00000851   Thumb Code     0  daddsub.o(.text)
    _drsb                                    0x00000851   Thumb Code    28  daddsub.o(.text)
    __aeabi_d2uiz                            0x00000881   Thumb Code     0  dfixui.o(.text)
    _dfixu                                   0x00000881   Thumb Code    68  dfixui.o(.text)
    __aeabi_f2d                              0x000008c9   Thumb Code     0  f2d.o(.text)
    _f2d                                     0x000008c9   Thumb Code    80  f2d.o(.text)
    __aeabi_fdiv                             0x0000091d   Thumb Code     0  fdiv.o(.text)
    _fdiv                                    0x0000091d   Thumb Code   334  fdiv.o(.text)
    _frdiv                                   0x00000a6b   Thumb Code     8  fdiv.o(.text)
    __aeabi_f2uiz                            0x00000a7d   Thumb Code     0  ffixui.o(.text)
    _ffixu                                   0x00000a7d   Thumb Code    48  ffixui.o(.text)
    __aeabi_i2f_normalise                    0x00000aad   Thumb Code    72  fflti.o(.text)
    __aeabi_i2f                              0x00000af5   Thumb Code    16  fflti.o(.text)
    _fflt                                    0x00000af5   Thumb Code     0  fflti.o(.text)
    __aeabi_ui2f                             0x00000b05   Thumb Code     6  fflti.o(.text)
    _ffltu                                   0x00000b05   Thumb Code     0  fflti.o(.text)
    _printf_int_common                       0x00000b0b   Thumb Code   176  _printf_intcommon.o(.text)
    _printf_char_common                      0x00000bc7   Thumb Code    32  _printf_char_common.o(.text)
    _sputc                                   0x00000bed   Thumb Code    10  _sputc.o(.text)
    _printf_cs_common                        0x00000bf7   Thumb Code    22  _printf_char.o(.text)
    _printf_char                             0x00000c0d   Thumb Code    16  _printf_char.o(.text)
    _printf_string                           0x00000c1d   Thumb Code     8  _printf_char.o(.text)
    _printf_char_file                        0x00000c25   Thumb Code    34  _printf_char_file.o(.text)
    __rt_udiv10                              0x00000c4d   Thumb Code    40  rtudiv10.o(.text)
    __user_setup_stackheap                   0x00000c75   Thumb Code    62  sys_stackheap_outer.o(.text)
    exit                                     0x00000cb3   Thumb Code    12  exit.o(.text)
    __user_libspace                          0x00000cc1   Thumb Code     8  libspace.o(.text)
    __user_perproc_libspace                  0x00000cc1   Thumb Code     0  libspace.o(.text)
    __user_perthread_libspace                0x00000cc1   Thumb Code     0  libspace.o(.text)
    ADC_Handler                              0x00000cc9   Thumb Code     2  w7500x_it.o(i.ADC_Handler)
    DMA_Handler                              0x00000ccb   Thumb Code     2  w7500x_it.o(i.DMA_Handler)
    DUALTIMER0_Handler                       0x00000ccd   Thumb Code     2  w7500x_it.o(i.DUALTIMER0_Handler)
    DUALTIMER1_Handler                       0x00000ccf   Thumb Code     2  w7500x_it.o(i.DUALTIMER1_Handler)
    EXTI_Handler                             0x00000cd1   Thumb Code     2  w7500x_it.o(i.EXTI_Handler)
    GPIO_Init                                0x00000cd5   Thumb Code   272  w7500x_gpio.o(i.GPIO_Init)
    GPIO_ResetBits                           0x00000de9   Thumb Code    32  w7500x_gpio.o(i.GPIO_ResetBits)
    GPIO_SetBits                             0x00000e09   Thumb Code    26  w7500x_gpio.o(i.GPIO_SetBits)
    HardFault_Handler                        0x00000e23   Thumb Code     2  w7500x_it.o(i.HardFault_Handler)
    I2C0_Handler                             0x00000e25   Thumb Code     2  w7500x_it.o(i.I2C0_Handler)
    I2C1_Handler                             0x00000e27   Thumb Code     2  w7500x_it.o(i.I2C1_Handler)
    NMI_Handler                              0x00000e29   Thumb Code     2  w7500x_it.o(i.NMI_Handler)
    PAD_AFConfig                             0x00000e55   Thumb Code   198  w7500x_gpio.o(i.PAD_AFConfig)
    PORT0_Handler                            0x00000f21   Thumb Code     2  w7500x_it.o(i.PORT0_Handler)
    PORT1_Handler                            0x00000f23   Thumb Code     2  w7500x_it.o(i.PORT1_Handler)
    PORT2_Handler                            0x00000f25   Thumb Code     2  w7500x_it.o(i.PORT2_Handler)
    PORT3_Handler                            0x00000f27   Thumb Code     2  w7500x_it.o(i.PORT3_Handler)
    PWM0_Handler                             0x00000f29   Thumb Code     2  w7500x_it.o(i.PWM0_Handler)
    PWM1_Handler                             0x00000f2b   Thumb Code     2  w7500x_it.o(i.PWM1_Handler)
    PWM2_Handler                             0x00000f2d   Thumb Code     2  w7500x_it.o(i.PWM2_Handler)
    PWM3_Handler                             0x00000f2f   Thumb Code     2  w7500x_it.o(i.PWM3_Handler)
    PWM4_Handler                             0x00000f31   Thumb Code     2  w7500x_it.o(i.PWM4_Handler)
    PWM5_Handler                             0x00000f33   Thumb Code     2  w7500x_it.o(i.PWM5_Handler)
    PWM6_Handler                             0x00000f35   Thumb Code     2  w7500x_it.o(i.PWM6_Handler)
    PWM7_Handler                             0x00000f37   Thumb Code     2  w7500x_it.o(i.PWM7_Handler)
    PendSV_Handler                           0x00000f39   Thumb Code     2  w7500x_it.o(i.PendSV_Handler)
    SSP0_Handler                             0x00000f3b   Thumb Code     2  w7500x_it.o(i.SSP0_Handler)
    SSP1_Handler                             0x00000f3d   Thumb Code     2  w7500x_it.o(i.SSP1_Handler)
    SVC_Handler                              0x00000f3f   Thumb Code     2  w7500x_it.o(i.SVC_Handler)
    SysTick_Handler                          0x00000f41   Thumb Code     2  w7500x_it.o(i.SysTick_Handler)
    SystemInit                               0x00000f45   Thumb Code    94  system_w7500x.o(i.SystemInit)
    UART0_Handler                            0x00000fb9   Thumb Code   132  w7500x_it.o(i.UART0_Handler)
    UART1_Handler                            0x00001051   Thumb Code   132  w7500x_it.o(i.UART1_Handler)
    UART2_Handler                            0x000010e9   Thumb Code     2  w7500x_it.o(i.UART2_Handler)
    UART_ClearITPendingBit                   0x000010eb   Thumb Code     8  w7500x_uart.o(i.UART_ClearITPendingBit)
    UART_GetITStatus                         0x000010f3   Thumb Code    20  w7500x_uart.o(i.UART_GetITStatus)
    UART_ITConfig                            0x00001107   Thumb Code    20  w7500x_uart.o(i.UART_ITConfig)
    UART_Init                                0x0000111d   Thumb Code   206  w7500x_uart.o(i.UART_Init)
    UART_ReceiveData                         0x000011fd   Thumb Code     8  w7500x_uart.o(i.UART_ReceiveData)
    UART_SendData                            0x00001205   Thumb Code     4  w7500x_uart.o(i.UART_SendData)
    UART_StructInit                          0x00001209   Thumb Code    28  w7500x_uart.o(i.UART_StructInit)
    UartGetc_nonblk                          0x00001225   Thumb Code   168  wizfi250handler.o(i.UartGetc_nonblk)
    UartPutc                                 0x000012f9   Thumb Code    30  w7500x_uart.o(i.UartPutc)
    UartPuts                                 0x00001317   Thumb Code    30  w7500x_uart.o(i.UartPuts)
    WZTOE_Handler                            0x00001335   Thumb Code     2  w7500x_it.o(i.WZTOE_Handler)
    WizFi250_Associate                       0x00001339   Thumb Code   216  main.o(i.WizFi250_Associate)
    WizFi250_GetWeather                      0x00001499   Thumb Code   310  main.o(i.WizFi250_GetWeather)
    WizFi250_Restart                         0x00001669   Thumb Code    54  wizfi250handler.o(i.WizFi250_Restart)
    _sys_exit                                0x0000169f   Thumb Code     4  retarget.o(i._sys_exit)
    delay_ms                                 0x000016a5   Thumb Code    30  wizfi250handler.o(i.delay_ms)
    ferror                                   0x000016c9   Thumb Code     8  retarget.o(i.ferror)
    fputc                                    0x000016d1   Thumb Code    16  retarget.o(i.fputc)
    main                                     0x000016e5   Thumb Code   298  main.o(i.main)
    send_and_check_command                   0x0000191d   Thumb Code   304  wizfi250handler.o(i.send_and_check_command)
    __aeabi_fadd                             0x00001ad1   Thumb Code     0  faddsub.o(x$fpl$fadd)
    _fadd                                    0x00001ad1   Thumb Code   134  faddsub.o(x$fpl$fadd)
    __aeabi_fmul                             0x00001b5d   Thumb Code     0  fmul.o(x$fpl$fmul)
    _fmul                                    0x00001b5d   Thumb Code   172  fmul.o(x$fpl$fmul)
    __aeabi_frsub                            0x00001c0d   Thumb Code     0  faddsub.o(x$fpl$frsb)
    _frsb                                    0x00001c0d   Thumb Code    24  faddsub.o(x$fpl$frsb)
    __aeabi_fsub                             0x00001c25   Thumb Code     0  faddsub.o(x$fpl$fsub)
    _fsub                                    0x00001c25   Thumb Code   204  faddsub.o(x$fpl$fsub)
    __I$use$fp                               0x00001cf4   Number         0  usenofp.o(x$fpl$usenofp)
    Region$$Table$$Base                      0x00001d84   Number         0  anon$$obj.o(Region$$Table)
    Region$$Table$$Limit                     0x00001da4   Number         0  anon$$obj.o(Region$$Table)
    SystemFrequency                          0x20000000   Data           4  system_w7500x.o(.data)
    SystemCoreClock                          0x20000004   Data           4  system_w7500x.o(.data)
    __stdout                                 0x20000008   Data           4  retarget.o(.data)
    __stdin                                  0x2000000c   Data           4  retarget.o(.data)
    u0rx_wr                                  0x20000010   Data           2  w7500x_it.o(.data)
    u0rx_rd                                  0x20000012   Data           2  w7500x_it.o(.data)
    u1rx_wr                                  0x20000014   Data           2  w7500x_it.o(.data)
    u1rx_rd                                  0x20000016   Data           2  w7500x_it.o(.data)
    g_resp_data_len                          0x20000018   Data           4  wizfi250handler.o(.data)
    GPIO_InitDef                             0x2000001c   Data           8  main.o(.data)
    is_associated                            0x20000024   Data           1  main.o(.data)
    u0rx_buf                                 0x20000028   Data        1024  w7500x_it.o(.bss)
    u1rx_buf                                 0x20000428   Data        1024  w7500x_it.o(.bss)
    g_wizfi250_resp_buff                     0x20000828   Data        1024  wizfi250handler.o(.bss)
    UART_InitStructure                       0x20000c28   Data          16  main.o(.bss)
    __libspace_start                         0x20000c38   Data          96  libspace.o(.bss)
    __temporary_stack_top$libspace           0x20000c98   Data           0  libspace.o(.bss)



==============================================================================

Memory Map of the image

  Image Entry point : 0x000000a9

  Load Region LR_IROM1 (Base: 0x00000000, Size: 0x00001dcc, Max: 0x00020000, ABSOLUTE)

    Execution Region ER_IROM1 (Base: 0x00000000, Size: 0x00001da4, Max: 0x00020000, ABSOLUTE)

    Base Addr    Size         Type   Attr      Idx    E Section Name        Object

    0x00000000   0x000000a8   Data   RO            3    RESET               startup_w7500x.o
    0x000000a8   0x00000008   Code   RO          825  * !!!main             c_p.l(__main.o)
    0x000000b0   0x0000003c   Code   RO         1024    !!!scatter          c_p.l(__scatter.o)
    0x000000ec   0x0000001a   Code   RO         1026    !!handler_copy      c_p.l(__scatter_copy.o)
    0x00000106   0x00000002   PAD
    0x00000108   0x0000001c   Code   RO         1028    !!handler_zi        c_p.l(__scatter_zi.o)
    0x00000124   0x00000002   Code   RO          812    .ARM.Collect$$_printf_percent$$00000000  c_p.l(_printf_percent.o)
    0x00000126   0x0000000a   Code   RO          811    .ARM.Collect$$_printf_percent$$00000009  c_p.l(_printf_d.o)
    0x00000130   0x0000000a   Code   RO          810    .ARM.Collect$$_printf_percent$$00000014  c_p.l(_printf_s.o)
    0x0000013a   0x00000004   Code   RO          863    .ARM.Collect$$_printf_percent$$00000017  c_p.l(_printf_percent_end.o)
    0x0000013e   0x00000002   Code   RO          900    .ARM.Collect$$libinit$$00000000  c_p.l(libinit.o)
    0x00000140   0x00000000   Code   RO          914    .ARM.Collect$$libinit$$00000002  c_p.l(libinit2.o)
    0x00000140   0x00000000   Code   RO          916    .ARM.Collect$$libinit$$00000004  c_p.l(libinit2.o)
    0x00000140   0x00000000   Code   RO          919    .ARM.Collect$$libinit$$0000000A  c_p.l(libinit2.o)
    0x00000140   0x00000000   Code   RO          921    .ARM.Collect$$libinit$$0000000C  c_p.l(libinit2.o)
    0x00000140   0x00000000   Code   RO          923    .ARM.Collect$$libinit$$0000000E  c_p.l(libinit2.o)
    0x00000140   0x00000000   Code   RO          926    .ARM.Collect$$libinit$$00000011  c_p.l(libinit2.o)
    0x00000140   0x00000000   Code   RO          928    .ARM.Collect$$libinit$$00000013  c_p.l(libinit2.o)
    0x00000140   0x00000000   Code   RO          930    .ARM.Collect$$libinit$$00000015  c_p.l(libinit2.o)
    0x00000140   0x00000000   Code   RO          932    .ARM.Collect$$libinit$$00000017  c_p.l(libinit2.o)
    0x00000140   0x00000000   Code   RO          934    .ARM.Collect$$libinit$$00000019  c_p.l(libinit2.o)
    0x00000140   0x00000000   Code   RO          936    .ARM.Collect$$libinit$$0000001B  c_p.l(libinit2.o)
    0x00000140   0x00000000   Code   RO          938    .ARM.Collect$$libinit$$0000001D  c_p.l(libinit2.o)
    0x00000140   0x00000000   Code   RO          940    .ARM.Collect$$libinit$$0000001F  c_p.l(libinit2.o)
    0x00000140   0x00000000   Code   RO          942    .ARM.Collect$$libinit$$00000021  c_p.l(libinit2.o)
    0x00000140   0x00000000   Code   RO          944    .ARM.Collect$$libinit$$00000023  c_p.l(libinit2.o)
    0x00000140   0x00000000   Code   RO          946    .ARM.Collect$$libinit$$00000025  c_p.l(libinit2.o)
    0x00000140   0x00000000   Code   RO          950    .ARM.Collect$$libinit$$0000002C  c_p.l(libinit2.o)
    0x00000140   0x00000000   Code   RO          952    .ARM.Collect$$libinit$$0000002E  c_p.l(libinit2.o)
    0x00000140   0x00000000   Code   RO          954    .ARM.Collect$$libinit$$00000030  c_p.l(libinit2.o)
    0x00000140   0x00000000   Code   RO          956    .ARM.Collect$$libinit$$00000032  c_p.l(libinit2.o)
    0x00000140   0x00000002   Code   RO          957    .ARM.Collect$$libinit$$00000033  c_p.l(libinit2.o)
    0x00000142   0x00000002   Code   RO          981    .ARM.Collect$$libshutdown$$00000000  c_p.l(libshutdown.o)
    0x00000144   0x00000000   Code   RO         1008    .ARM.Collect$$libshutdown$$00000003  c_p.l(libshutdown2.o)
    0x00000144   0x00000000   Code   RO         1011    .ARM.Collect$$libshutdown$$00000006  c_p.l(libshutdown2.o)
    0x00000144   0x00000000   Code   RO         1014    .ARM.Collect$$libshutdown$$00000009  c_p.l(libshutdown2.o)
    0x00000144   0x00000000   Code   RO         1016    .ARM.Collect$$libshutdown$$0000000B  c_p.l(libshutdown2.o)
    0x00000144   0x00000000   Code   RO         1019    .ARM.Collect$$libshutdown$$0000000E  c_p.l(libshutdown2.o)
    0x00000144   0x00000002   Code   RO         1020    .ARM.Collect$$libshutdown$$0000000F  c_p.l(libshutdown2.o)
    0x00000146   0x00000000   Code   RO          848    .ARM.Collect$$rtentry$$00000000  c_p.l(__rtentry.o)
    0x00000146   0x00000000   Code   RO          868    .ARM.Collect$$rtentry$$00000002  c_p.l(__rtentry2.o)
    0x00000146   0x00000006   Code   RO          880    .ARM.Collect$$rtentry$$00000004  c_p.l(__rtentry4.o)
    0x0000014c   0x00000000   Code   RO          870    .ARM.Collect$$rtentry$$00000009  c_p.l(__rtentry2.o)
    0x0000014c   0x00000004   Code   RO          871    .ARM.Collect$$rtentry$$0000000A  c_p.l(__rtentry2.o)
    0x00000150   0x00000000   Code   RO          873    .ARM.Collect$$rtentry$$0000000C  c_p.l(__rtentry2.o)
    0x00000150   0x00000008   Code   RO          874    .ARM.Collect$$rtentry$$0000000D  c_p.l(__rtentry2.o)
    0x00000158   0x00000002   Code   RO          905    .ARM.Collect$$rtexit$$00000000  c_p.l(rtexit.o)
    0x0000015a   0x00000000   Code   RO          959    .ARM.Collect$$rtexit$$00000002  c_p.l(rtexit2.o)
    0x0000015a   0x00000004   Code   RO          960    .ARM.Collect$$rtexit$$00000003  c_p.l(rtexit2.o)
    0x0000015e   0x00000006   Code   RO          961    .ARM.Collect$$rtexit$$00000004  c_p.l(rtexit2.o)
    0x00000164   0x00000038   Code   RO            4    .text               startup_w7500x.o
    0x0000019c   0x00000002   Code   RO          774    .text               c_p.l(use_no_semi.o)
    0x0000019e   0x00000002   PAD
    0x000001a0   0x0000001c   Code   RO          780    .text               c_p.l(noretval__2printf.o)
    0x000001bc   0x00000028   Code   RO          782    .text               c_p.l(noretval__2sprintf.o)
    0x000001e4   0x0000006c   Code   RO          784    .text               c_p.l(__printf.o)
    0x00000250   0x00000052   Code   RO          786    .text               c_p.l(_printf_str.o)
    0x000002a2   0x00000002   PAD
    0x000002a4   0x0000006c   Code   RO          788    .text               c_p.l(_printf_dec.o)
    0x00000310   0x00000028   Code   RO          813    .text               c_p.l(strstr.o)
    0x00000338   0x0000004c   Code   RO          815    .text               c_p.l(strcpy.o)
    0x00000384   0x00000044   Code   RO          817    .text               c_p.l(strlen.o)
    0x000003c8   0x0000015a   Code   RO          819    .text               c_p.l(aeabi_sdiv.o)
    0x00000522   0x00000006   Code   RO          823    .text               c_p.l(heapauxi.o)
    0x00000528   0x00000358   Code   RO          827    .text               fz_ps.l(daddsub.o)
    0x00000880   0x00000048   Code   RO          829    .text               fz_ps.l(dfixui.o)
    0x000008c8   0x00000054   Code   RO          831    .text               fz_ps.l(f2d.o)
    0x0000091c   0x00000160   Code   RO          839    .text               fz_ps.l(fdiv.o)
    0x00000a7c   0x00000030   Code   RO          842    .text               fz_ps.l(ffixui.o)
    0x00000aac   0x0000005e   Code   RO          844    .text               fz_ps.l(fflti.o)
    0x00000b0a   0x000000b0   Code   RO          853    .text               c_p.l(_printf_intcommon.o)
    0x00000bba   0x00000002   PAD
    0x00000bbc   0x00000030   Code   RO          855    .text               c_p.l(_printf_char_common.o)
    0x00000bec   0x0000000a   Code   RO          857    .text               c_p.l(_sputc.o)
    0x00000bf6   0x0000002e   Code   RO          859    .text               c_p.l(_printf_char.o)
    0x00000c24   0x00000028   Code   RO          861    .text               c_p.l(_printf_char_file.o)
    0x00000c4c   0x00000028   Code   RO          864    .text               c_p.l(rtudiv10.o)
    0x00000c74   0x0000003e   Code   RO          886    .text               c_p.l(sys_stackheap_outer.o)
    0x00000cb2   0x0000000c   Code   RO          889    .text               c_p.l(exit.o)
    0x00000cbe   0x00000002   PAD
    0x00000cc0   0x00000008   Code   RO          901    .text               c_p.l(libspace.o)
    0x00000cc8   0x00000002   Code   RO          470    i.ADC_Handler       w7500x_it.o
    0x00000cca   0x00000002   Code   RO          471    i.DMA_Handler       w7500x_it.o
    0x00000ccc   0x00000002   Code   RO          472    i.DUALTIMER0_Handler  w7500x_it.o
    0x00000cce   0x00000002   Code   RO          473    i.DUALTIMER1_Handler  w7500x_it.o
    0x00000cd0   0x00000002   Code   RO          474    i.EXTI_Handler      w7500x_it.o
    0x00000cd2   0x00000002   PAD
    0x00000cd4   0x00000114   Code   RO          284    i.GPIO_Init         w7500x_gpio.o
    0x00000de8   0x00000020   Code   RO          290    i.GPIO_ResetBits    w7500x_gpio.o
    0x00000e08   0x0000001a   Code   RO          291    i.GPIO_SetBits      w7500x_gpio.o
    0x00000e22   0x00000002   Code   RO          475    i.HardFault_Handler  w7500x_it.o
    0x00000e24   0x00000002   Code   RO          476    i.I2C0_Handler      w7500x_it.o
    0x00000e26   0x00000002   Code   RO          477    i.I2C1_Handler      w7500x_it.o
    0x00000e28   0x00000002   Code   RO          478    i.NMI_Handler       w7500x_it.o
    0x00000e2a   0x00000002   PAD
    0x00000e2c   0x00000014   Code   RO          720    i.NVIC_ClearPendingIRQ  main.o
    0x00000e40   0x00000014   Code   RO          721    i.NVIC_EnableIRQ    main.o
    0x00000e54   0x000000cc   Code   RO          295    i.PAD_AFConfig      w7500x_gpio.o
    0x00000f20   0x00000002   Code   RO          479    i.PORT0_Handler     w7500x_it.o
    0x00000f22   0x00000002   Code   RO          480    i.PORT1_Handler     w7500x_it.o
    0x00000f24   0x00000002   Code   RO          481    i.PORT2_Handler     w7500x_it.o
    0x00000f26   0x00000002   Code   RO          482    i.PORT3_Handler     w7500x_it.o
    0x00000f28   0x00000002   Code   RO          483    i.PWM0_Handler      w7500x_it.o
    0x00000f2a   0x00000002   Code   RO          484    i.PWM1_Handler      w7500x_it.o
    0x00000f2c   0x00000002   Code   RO          485    i.PWM2_Handler      w7500x_it.o
    0x00000f2e   0x00000002   Code   RO          486    i.PWM3_Handler      w7500x_it.o
    0x00000f30   0x00000002   Code   RO          487    i.PWM4_Handler      w7500x_it.o
    0x00000f32   0x00000002   Code   RO          488    i.PWM5_Handler      w7500x_it.o
    0x00000f34   0x00000002   Code   RO          489    i.PWM6_Handler      w7500x_it.o
    0x00000f36   0x00000002   Code   RO          490    i.PWM7_Handler      w7500x_it.o
    0x00000f38   0x00000002   Code   RO          491    i.PendSV_Handler    w7500x_it.o
    0x00000f3a   0x00000002   Code   RO          492    i.SSP0_Handler      w7500x_it.o
    0x00000f3c   0x00000002   Code   RO          493    i.SSP1_Handler      w7500x_it.o
    0x00000f3e   0x00000002   Code   RO          494    i.SVC_Handler       w7500x_it.o
    0x00000f40   0x00000002   Code   RO          495    i.SysTick_Handler   w7500x_it.o
    0x00000f42   0x00000002   PAD
    0x00000f44   0x00000074   Code   RO           14    i.SystemInit        system_w7500x.o
    0x00000fb8   0x00000098   Code   RO          496    i.UART0_Handler     w7500x_it.o
    0x00001050   0x00000098   Code   RO          497    i.UART1_Handler     w7500x_it.o
    0x000010e8   0x00000002   Code   RO          498    i.UART2_Handler     w7500x_it.o
    0x000010ea   0x00000008   Code   RO          113    i.UART_ClearITPendingBit  w7500x_uart.o
    0x000010f2   0x00000014   Code   RO          117    i.UART_GetITStatus  w7500x_uart.o
    0x00001106   0x00000014   Code   RO          119    i.UART_ITConfig     w7500x_uart.o
    0x0000111a   0x00000002   PAD
    0x0000111c   0x000000e0   Code   RO          120    i.UART_Init         w7500x_uart.o
    0x000011fc   0x00000008   Code   RO          121    i.UART_ReceiveData  w7500x_uart.o
    0x00001204   0x00000004   Code   RO          123    i.UART_SendData     w7500x_uart.o
    0x00001208   0x0000001c   Code   RO          124    i.UART_StructInit   w7500x_uart.o
    0x00001224   0x000000d4   Code   RO          671    i.UartGetc_nonblk   wizfi250handler.o
    0x000012f8   0x0000001e   Code   RO          126    i.UartPutc          w7500x_uart.o
    0x00001316   0x0000001e   Code   RO          127    i.UartPuts          w7500x_uart.o
    0x00001334   0x00000002   Code   RO          499    i.WZTOE_Handler     w7500x_it.o
    0x00001336   0x00000002   PAD
    0x00001338   0x00000160   Code   RO          722    i.WizFi250_Associate  main.o
    0x00001498   0x000001d0   Code   RO          723    i.WizFi250_GetWeather  main.o
    0x00001668   0x00000036   Code   RO          673    i.WizFi250_Restart  wizfi250handler.o
    0x0000169e   0x00000004   Code   RO          410    i._sys_exit         retarget.o
    0x000016a2   0x00000002   PAD
    0x000016a4   0x00000024   Code   RO          674    i.delay_ms          wizfi250handler.o
    0x000016c8   0x00000008   Code   RO          412    i.ferror            retarget.o
    0x000016d0   0x00000014   Code   RO          414    i.fputc             retarget.o
    0x000016e4   0x00000238   Code   RO          724    i.main              main.o
    0x0000191c   0x000001b4   Code   RO          675    i.send_and_check_command  wizfi250handler.o
    0x00001ad0   0x0000008c   Code   RO          833    x$fpl$fadd          fz_ps.l(faddsub.o)
    0x00001b5c   0x000000b0   Code   RO          846    x$fpl$fmul          fz_ps.l(fmul.o)
    0x00001c0c   0x00000018   Code   RO          834    x$fpl$frsb          fz_ps.l(faddsub.o)
    0x00001c24   0x000000d0   Code   RO          835    x$fpl$fsub          fz_ps.l(faddsub.o)
    0x00001cf4   0x00000000   Code   RO          866    x$fpl$usenofp       fz_ps.l(usenofp.o)
    0x00001cf4   0x00000040   Data   RO          840    .constdata          fz_ps.l(fdiv.o)
    0x00001d34   0x0000004d   Data   RO          726    .conststring        main.o
    0x00001d81   0x00000003   PAD
    0x00001d84   0x00000020   Data   RO         1022    Region$$Table       anon$$obj.o


    Execution Region RW_IRAM1 (Base: 0x20000000, Size: 0x00001498, Max: 0x00004000, ABSOLUTE)

    Base Addr    Size         Type   Attr      Idx    E Section Name        Object

    0x20000000   0x00000008   Data   RW           15    .data               system_w7500x.o
    0x20000008   0x00000008   Data   RW          415    .data               retarget.o
    0x20000010   0x00000008   Data   RW          501    .data               w7500x_it.o
    0x20000018   0x00000004   Data   RW          677    .data               wizfi250handler.o
    0x2000001c   0x00000009   Data   RW          727    .data               main.o
    0x20000025   0x00000003   PAD
    0x20000028   0x00000800   Zero   RW          500    .bss                w7500x_it.o
    0x20000828   0x00000400   Zero   RW          676    .bss                wizfi250handler.o
    0x20000c28   0x00000010   Zero   RW          725    .bss                main.o
    0x20000c38   0x00000060   Zero   RW          902    .bss                c_p.l(libspace.o)
    0x20000c98   0x00000400   Zero   RW            2    HEAP                startup_w7500x.o
    0x20001098   0x00000400   Zero   RW            1    STACK               startup_w7500x.o


==============================================================================

Image component sizes


      Code (inc. data)   RO Data    RW Data    ZI Data      Debug   Object Name

      1424        572         77          9         16       9134   main.o
        32          4          0          8          0       3263   retarget.o
        56         26        168          0       2048        776   startup_w7500x.o
       116         22          0          8          0      31483   system_w7500x.o
       538         10          0          0          0       3103   w7500x_gpio.o
       360         40          0          8       2048      12708   w7500x_it.o
       372         18          0          0          0       5855   w7500x_uart.o
       738        182          0          4       1024       3860   wizfi250handler.o

    ----------------------------------------------------------------------
      3648        874        280         40       5136      70182   Object Totals
         0          0         32          0          0          0   (incl. Generated)
        12          0          3          3          0          0   (incl. Padding)

    ----------------------------------------------------------------------

      Code (inc. data)   RO Data    RW Data    ZI Data      Debug   Library Member Name

         8          0          0          0          0         68   __main.o
       108          0          0          0          0         76   __printf.o
         0          0          0          0          0          0   __rtentry.o
        12          0          0          0          0          0   __rtentry2.o
         6          0          0          0          0          0   __rtentry4.o
        60          8          0          0          0          0   __scatter.o
        26          0          0          0          0          0   __scatter_copy.o
        28          0          0          0          0          0   __scatter_zi.o
        46          0          0          0          0        100   _printf_char.o
        48          6          0          0          0         88   _printf_char_common.o
        40          6          0          0          0         72   _printf_char_file.o
        10          0          0          0          0          0   _printf_d.o
       108         18          0          0          0         76   _printf_dec.o
       176          0          0          0          0         84   _printf_intcommon.o
         2          0          0          0          0          0   _printf_percent.o
         4          0          0          0          0          0   _printf_percent_end.o
        10          0          0          0          0          0   _printf_s.o
        82          0          0          0          0         72   _printf_str.o
        10          0          0          0          0         60   _sputc.o
       346          0          0          0          0         92   aeabi_sdiv.o
        12          0          0          0          0         64   exit.o
         6          0          0          0          0        136   heapauxi.o
         2          0          0          0          0          0   libinit.o
         2          0          0          0          0          0   libinit2.o
         2          0          0          0          0          0   libshutdown.o
         2          0          0          0          0          0   libshutdown2.o
         8          4          0          0         96         68   libspace.o
        28          6          0          0          0         84   noretval__2printf.o
        40          4          0          0          0         84   noretval__2sprintf.o
         2          0          0          0          0          0   rtexit.o
        10          0          0          0          0          0   rtexit2.o
        40          0          0          0          0         60   rtudiv10.o
        76          6          0          0          0         72   strcpy.o
        68          6          0          0          0         72   strlen.o
        40          0          0          0          0         72   strstr.o
        62          0          0          0          0         80   sys_stackheap_outer.o
         2          0          0          0          0         68   use_no_semi.o
       856         20          0          0          0        208   daddsub.o
        72          4          0          0          0         68   dfixui.o
        84          4          0          0          0         60   f2d.o
       372          8          0          0          0        240   faddsub.o
       352         10         64          0          0         92   fdiv.o
        48          0          0          0          0         60   ffixui.o
        94          0          0          0          0         92   fflti.o
       176          4          0          0          0         80   fmul.o
         0          0          0          0          0          0   usenofp.o

    ----------------------------------------------------------------------
      3596        114         64          0         96       2548   Library Totals
        10          0          0          0          0          0   (incl. Padding)

    ----------------------------------------------------------------------

      Code (inc. data)   RO Data    RW Data    ZI Data      Debug   Library Name

      1532         64          0          0         96       1648   c_p.l
      2054         50         64          0          0        900   fz_ps.l

    ----------------------------------------------------------------------
      3596        114         64          0         96       2548   Library Totals

    ----------------------------------------------------------------------

==============================================================================


      Code (inc. data)   RO Data    RW Data    ZI Data      Debug   

      7244        988        344         40       5232      69254   Grand Totals
      7244        988        344         40       5232      69254   ELF Image Totals
      7244        988        344         40          0          0   ROM Totals

==============================================================================

    Total RO  Size (Code + RO Data)                 7588 (   7.41kB)
    Total RW  Size (RW Data + ZI Data)              5272 (   5.15kB)
    Total ROM Size (Code + RO Data + RW Data)       7628 (   7.45kB)

==============================================================================

