<html>
<body>
<pre>
<h1>킮ision Build Log</h1>
<h2>Tool Versions:</h2>
IDE-Version: μVision V5.15
Copyright (C) 2015 ARM Ltd and ARM Germany GmbH. All rights reserved.
License Information: daniel user, wiznet, LIC=----
 
Tool Versions:
Toolchain:       MDK-Lite  Version: 5.15.0
Toolchain Path:  C:\Keil_v5\ARM\ARMCC\Bin
C Compiler:      Armcc.exe V5.05 update 2 (build 169)
Assembler:       Armasm.exe V5.05 update 2 (build 169)
Linker/Locator:  ArmLink.exe V5.05 update 2 (build 169)
Library Manager: ArmAr.exe V5.05 update 2 (build 169)
Hex Converter:   FromElf.exe V5.05 update 2 (build 169)
CPU DLL:         SARMCM3.DLL V5.15.0
Dialog DLL:      DARMCM1.DLL V1.12.0.0
Target DLL:      CMSIS_AGDI.dll V1.21.12.0
Dialog DLL:      TARMCM1.DLL V1.9.0.0
 
<h2>Project:</h2>
D:\1.WIZnet\4. WizFi250 강의\WizFi250-W7500 Example\4TCPClient\EX4_GetWeather_TCPClient.uvprojx
Project File Date:  07/13/2015

<h2>Output:</h2>
*** Using Compiler 'V5.05 update 2 (build 169)', folder: 'C:\Keil_v5\ARM\ARMCC\Bin'
Build target 'Target 1'
compiling main.c...
main.c(52): warning:  #1295-D: Deprecated declaration WizFi250_Associate - give arg types
  int8_t WizFi250_Associate();
main.c(53): warning:  #1295-D: Deprecated declaration WizFi250_GetWeather - give arg types
  int8_t WizFi250_GetWeather();
main.c(174): warning:  #223-D: function "strlen" declared implicitly
                                                                                                                                sprintf(cmd,"AT+SSEND=0,,,%d",strlen(WEATHER_QUERY));
main.c: 3 warnings, 0 errors
linking...
Program Size: Code=7244 RO-data=344 RW-data=40 ZI-data=5232  
After Build - User command #1: fromelf --bin -o "D:\1.WIZnet\4. WizFi250 강의\WizFi250-W7500 Example\4TCPClient\Objects\EX4_GetWeather_TCPClient.bin" "D:\1.WIZnet\4. WizFi250 강의\WizFi250-W7500 Example\4TCPClient\Objects\EX4_GetWeather_TCPClient.axf"
".\Objects\EX4_GetWeather_TCPClient.axf" - 0 Error(s), 3 Warning(s).

<h2>Collection of Component include folders:</h2>
  D:\1.WIZnet\4. WizFi250 강의\WizFi250-W7500 Example\4TCPClient\RTE
  d:\Keil_v5\ARM\PACK\ARM\CMSIS\4.3.0\Device\ARM\ARMCM0\Include

<h2>Collection of Component Files used:</h2>
</pre>
</body>
</html>
