Component: ARM Compiler 5.05 update 2 (build 169) Tool: armlink [4d0f33]

==============================================================================

Section Cross References

    startup_w7500x.o(STACK) refers (Special) to heapauxi.o(.text) for __use_two_region_memory
    startup_w7500x.o(HEAP) refers (Special) to heapauxi.o(.text) for __use_two_region_memory
    startup_w7500x.o(RESET) refers (Special) to heapauxi.o(.text) for __use_two_region_memory
    startup_w7500x.o(RESET) refers to startup_w7500x.o(STACK) for __initial_sp
    startup_w7500x.o(RESET) refers to startup_w7500x.o(.text) for Reset_Handler
    startup_w7500x.o(RESET) refers to w7500x_it.o(i.NMI_Handler) for NMI_Handler
    startup_w7500x.o(RESET) refers to w7500x_it.o(i.HardFault_Handler) for HardFault_Handler
    startup_w7500x.o(RESET) refers to w7500x_it.o(i.SVC_Handler) for SVC_Handler
    startup_w7500x.o(RESET) refers to w7500x_it.o(i.PendSV_Handler) for PendSV_Handler
    startup_w7500x.o(RESET) refers to w7500x_it.o(i.SysTick_Handler) for SysTick_Handler
    startup_w7500x.o(RESET) refers to w7500x_it.o(i.SSP0_Handler) for SSP0_Handler
    startup_w7500x.o(RESET) refers to w7500x_it.o(i.SSP1_Handler) for SSP1_Handler
    startup_w7500x.o(RESET) refers to w7500x_it.o(i.UART0_Handler) for UART0_Handler
    startup_w7500x.o(RESET) refers to w7500x_it.o(i.UART1_Handler) for UART1_Handler
    startup_w7500x.o(RESET) refers to w7500x_it.o(i.UART2_Handler) for UART2_Handler
    startup_w7500x.o(RESET) refers to w7500x_it.o(i.I2C0_Handler) for I2C0_Handler
    startup_w7500x.o(RESET) refers to w7500x_it.o(i.I2C1_Handler) for I2C1_Handler
    startup_w7500x.o(RESET) refers to w7500x_it.o(i.PORT0_Handler) for PORT0_Handler
    startup_w7500x.o(RESET) refers to w7500x_it.o(i.PORT1_Handler) for PORT1_Handler
    startup_w7500x.o(RESET) refers to w7500x_it.o(i.PORT2_Handler) for PORT2_Handler
    startup_w7500x.o(RESET) refers to w7500x_it.o(i.PORT3_Handler) for PORT3_Handler
    startup_w7500x.o(RESET) refers to w7500x_it.o(i.DMA_Handler) for DMA_Handler
    startup_w7500x.o(RESET) refers to w7500x_it.o(i.DUALTIMER0_Handler) for DUALTIMER0_Handler
    startup_w7500x.o(RESET) refers to w7500x_it.o(i.DUALTIMER1_Handler) for DUALTIMER1_Handler
    startup_w7500x.o(RESET) refers to w7500x_it.o(i.PWM0_Handler) for PWM0_Handler
    startup_w7500x.o(RESET) refers to w7500x_it.o(i.PWM1_Handler) for PWM1_Handler
    startup_w7500x.o(RESET) refers to w7500x_it.o(i.PWM2_Handler) for PWM2_Handler
    startup_w7500x.o(RESET) refers to w7500x_it.o(i.PWM3_Handler) for PWM3_Handler
    startup_w7500x.o(RESET) refers to w7500x_it.o(i.PWM4_Handler) for PWM4_Handler
    startup_w7500x.o(RESET) refers to w7500x_it.o(i.PWM5_Handler) for PWM5_Handler
    startup_w7500x.o(RESET) refers to w7500x_it.o(i.PWM6_Handler) for PWM6_Handler
    startup_w7500x.o(RESET) refers to w7500x_it.o(i.PWM7_Handler) for PWM7_Handler
    startup_w7500x.o(RESET) refers to w7500x_it.o(i.ADC_Handler) for ADC_Handler
    startup_w7500x.o(RESET) refers to w7500x_it.o(i.WZTOE_Handler) for WZTOE_Handler
    startup_w7500x.o(RESET) refers to w7500x_it.o(i.EXTI_Handler) for EXTI_Handler
    startup_w7500x.o(.text) refers (Special) to heapauxi.o(.text) for __use_two_region_memory
    startup_w7500x.o(.text) refers to system_w7500x.o(i.SystemInit) for SystemInit
    startup_w7500x.o(.text) refers to __main.o(!!!main) for __main
    startup_w7500x.o(.text) refers to startup_w7500x.o(HEAP) for Heap_Mem
    startup_w7500x.o(.text) refers to startup_w7500x.o(STACK) for Stack_Mem
    system_w7500x.o(i.GetSystemClock) refers to system_w7500x.o(.data) for SystemFrequency
    system_w7500x.o(i.SystemInit) refers to aeabi_sdiv.o(.text) for __aeabi_uidivmod
    system_w7500x.o(i.SystemInit) refers to system_w7500x.o(.data) for SystemFrequency
    w7500x_gpio.o(i.GPIO_Configuration) refers to w7500x_gpio.o(i.GPIO_StructInit) for GPIO_StructInit
    w7500x_gpio.o(i.GPIO_Configuration) refers to w7500x_gpio.o(i.GPIO_Init) for GPIO_Init
    w7500x_gpio.o(i.GPIO_Configuration) refers to w7500x_gpio.o(i.PAD_AFConfig) for PAD_AFConfig
    w7500x_gpio.o(i.GPIO_INT_Configuration) refers to w7500x_gpio.o(i.GPIO_StructInit) for GPIO_StructInit
    w7500x_gpio.o(i.GPIO_INT_Configuration) refers to w7500x_gpio.o(i.GPIO_Init) for GPIO_Init
    w7500x_gpio.o(i.GPIO_INT_Configuration) refers to w7500x_gpio.o(i.GPIO_INT_Polarity_Bits) for GPIO_INT_Polarity_Bits
    w7500x_gpio.o(i.GPIO_INT_Configuration) refers to w7500x_gpio.o(i.PAD_AFConfig) for PAD_AFConfig
    w7500x_uart.o(i.S_UART_Init) refers to system_w7500x.o(i.GetSystemClock) for GetSystemClock
    w7500x_uart.o(i.S_UART_Init) refers to aeabi_sdiv.o(.text) for __aeabi_uidivmod
    w7500x_uart.o(i.S_UartGetc) refers to w7500x_uart.o(i.S_UART_ReceiveData) for S_UART_ReceiveData
    w7500x_uart.o(i.S_UartPutc) refers to w7500x_uart.o(i.S_UART_SendData) for S_UART_SendData
    w7500x_uart.o(i.S_UartPuts) refers to w7500x_uart.o(i.S_UART_SendData) for S_UART_SendData
    w7500x_uart.o(i.UART_Init) refers to aeabi_sdiv.o(.text) for __aeabi_uidivmod
    w7500x_uart.o(i.UART_Init) refers to fflti.o(.text) for __aeabi_ui2f
    w7500x_uart.o(i.UART_Init) refers to fdiv.o(.text) for __aeabi_fdiv
    w7500x_uart.o(i.UART_Init) refers to ffixui.o(.text) for __aeabi_f2uiz
    w7500x_uart.o(i.UART_Init) refers to faddsub.o(x$fpl$frsb) for __aeabi_frsub
    w7500x_uart.o(i.UART_Init) refers to fmul.o(x$fpl$fmul) for __aeabi_fmul
    w7500x_uart.o(i.UART_Init) refers to f2d.o(.text) for __aeabi_f2d
    w7500x_uart.o(i.UART_Init) refers to daddsub.o(.text) for __aeabi_dadd
    w7500x_uart.o(i.UART_Init) refers to dfixui.o(.text) for __aeabi_d2uiz
    w7500x_uart.o(i.UartPutc) refers to w7500x_uart.o(i.UART_SendData) for UART_SendData
    w7500x_uart.o(i.UartPuts) refers to w7500x_uart.o(i.UartPutc) for UartPutc
    main.o(i.WizFi250_BypassMode) refers to noretval__2printf.o(.text) for __2printf
    main.o(i.WizFi250_BypassMode) refers to wizfi250handler.o(i.UartGetc_nonblk) for UartGetc_nonblk
    main.o(i.WizFi250_BypassMode) refers to w7500x_uart.o(i.UartPutc) for UartPutc
    main.o(i.main) refers to system_w7500x.o(i.SystemInit) for SystemInit
    main.o(i.main) refers to w7500x_uart.o(i.S_UART_Init) for S_UART_Init
    main.o(i.main) refers to w7500x_uart.o(i.UART_StructInit) for UART_StructInit
    main.o(i.main) refers to w7500x_uart.o(i.UART_Init) for UART_Init
    main.o(i.main) refers to w7500x_uart.o(i.UART_ITConfig) for UART_ITConfig
    main.o(i.main) refers to main.o(i.NVIC_ClearPendingIRQ) for NVIC_ClearPendingIRQ
    main.o(i.main) refers to main.o(i.NVIC_EnableIRQ) for NVIC_EnableIRQ
    main.o(i.main) refers to w7500x_gpio.o(i.GPIO_Init) for GPIO_Init
    main.o(i.main) refers to w7500x_gpio.o(i.PAD_AFConfig) for PAD_AFConfig
    main.o(i.main) refers to noretval__2printf.o(.text) for __2printf
    main.o(i.main) refers to wizfi250handler.o(i.WizFi250_Restart) for WizFi250_Restart
    main.o(i.main) refers to wizfi250handler.o(i.UartGetc_nonblk) for UartGetc_nonblk
    main.o(i.main) refers to w7500x_uart.o(i.UartPutc) for UartPutc
    main.o(i.main) refers to main.o(i.WizFi250_BypassMode) for WizFi250_BypassMode
    main.o(i.main) refers to main.o(.bss) for UART_InitStructure
    main.o(i.main) refers to main.o(.data) for GPIO_InitDef
    retarget.o(.rev16_text) refers (Special) to use_no_semi.o(.text) for __use_no_semihosting_swi
    retarget.o(.revsh_text) refers (Special) to use_no_semi.o(.text) for __use_no_semihosting_swi
    retarget.o(i._sys_exit) refers (Special) to use_no_semi.o(.text) for __use_no_semihosting_swi
    retarget.o(i._ttywrch) refers (Special) to use_no_semi.o(.text) for __use_no_semihosting_swi
    retarget.o(i._ttywrch) refers to w7500x_uart.o(i.UartPutc) for UartPutc
    retarget.o(i.ferror) refers (Special) to use_no_semi.o(.text) for __use_no_semihosting_swi
    retarget.o(i.fgetc) refers (Special) to use_no_semi.o(.text) for __use_no_semihosting_swi
    retarget.o(i.fgetc) refers to w7500x_uart.o(i.UartGetc) for UartGetc
    retarget.o(i.fgetc) refers to w7500x_uart.o(i.UartPutc) for UartPutc
    retarget.o(i.fputc) refers (Special) to use_no_semi.o(.text) for __use_no_semihosting_swi
    retarget.o(i.fputc) refers to w7500x_uart.o(i.UartPutc) for UartPutc
    retarget.o(.data) refers (Special) to use_no_semi.o(.text) for __use_no_semihosting_swi
    w7500x_it.o(i.UART0_Handler) refers to w7500x_uart.o(i.UART_GetITStatus) for UART_GetITStatus
    w7500x_it.o(i.UART0_Handler) refers to w7500x_uart.o(i.UART_ClearITPendingBit) for UART_ClearITPendingBit
    w7500x_it.o(i.UART0_Handler) refers to w7500x_uart.o(i.UART_SendData) for UART_SendData
    w7500x_it.o(i.UART0_Handler) refers to w7500x_uart.o(i.UART_ReceiveData) for UART_ReceiveData
    w7500x_it.o(i.UART0_Handler) refers to w7500x_it.o(.data) for u0rx_wr
    w7500x_it.o(i.UART0_Handler) refers to w7500x_it.o(.bss) for u0rx_buf
    w7500x_it.o(i.UART1_Handler) refers to w7500x_uart.o(i.UART_GetITStatus) for UART_GetITStatus
    w7500x_it.o(i.UART1_Handler) refers to w7500x_uart.o(i.UART_ClearITPendingBit) for UART_ClearITPendingBit
    w7500x_it.o(i.UART1_Handler) refers to w7500x_uart.o(i.UART_SendData) for UART_SendData
    w7500x_it.o(i.UART1_Handler) refers to w7500x_uart.o(i.UART_ReceiveData) for UART_ReceiveData
    w7500x_it.o(i.UART1_Handler) refers to w7500x_it.o(.data) for u1rx_wr
    w7500x_it.o(i.UART1_Handler) refers to w7500x_it.o(.bss) for u1rx_buf
    wizfi250handler.o(i.UartGetc_nonblk) refers to w7500x_it.o(.data) for u0rx_rd
    wizfi250handler.o(i.UartGetc_nonblk) refers to w7500x_it.o(.bss) for u0rx_buf
    wizfi250handler.o(i.WizFi250_Restart) refers to w7500x_gpio.o(i.GPIO_SetBits) for GPIO_SetBits
    wizfi250handler.o(i.WizFi250_Restart) refers to wizfi250handler.o(i.delay_ms) for delay_ms
    wizfi250handler.o(i.WizFi250_Restart) refers to w7500x_gpio.o(i.GPIO_ResetBits) for GPIO_ResetBits
    wizfi250handler.o(i.send_and_check_command) refers to _printf_percent.o(.ARM.Collect$$_printf_percent$$00000000) for _printf_percent
    wizfi250handler.o(i.send_and_check_command) refers to _printf_s.o(.ARM.Collect$$_printf_percent$$00000014) for _printf_s
    wizfi250handler.o(i.send_and_check_command) refers to _printf_str.o(.text) for _printf_str
    wizfi250handler.o(i.send_and_check_command) refers to w7500x_uart.o(i.UartPuts) for UartPuts
    wizfi250handler.o(i.send_and_check_command) refers to strcpy.o(.text) for strcpy
    wizfi250handler.o(i.send_and_check_command) refers to noretval__2printf.o(.text) for __2printf
    wizfi250handler.o(i.send_and_check_command) refers to wizfi250handler.o(i.UartGetc_nonblk) for UartGetc_nonblk
    wizfi250handler.o(i.send_and_check_command) refers to strstr.o(.text) for strstr
    wizfi250handler.o(i.send_and_check_command) refers to wizfi250handler.o(i.delay_ms) for delay_ms
    wizfi250handler.o(i.send_and_check_command) refers to wizfi250handler.o(.data) for g_resp_data_len
    wizfi250handler.o(i.send_and_check_command) refers to wizfi250handler.o(.bss) for g_wizfi250_resp_buff
    __2printf.o(.text) refers to _printf_char_file.o(.text) for _printf_char_file
    __2printf.o(.text) refers to retarget.o(.data) for __stdout
    noretval__2printf.o(.text) refers to _printf_char_file.o(.text) for _printf_char_file
    noretval__2printf.o(.text) refers to retarget.o(.data) for __stdout
    __printf.o(.text) refers to _printf_percent.o(.ARM.Collect$$_printf_percent$$00000000) for _printf_percent
    _printf_str.o(.text) refers (Special) to _printf_char.o(.text) for _printf_cs_common
    __printf_flags.o(.text) refers to _printf_percent.o(.ARM.Collect$$_printf_percent$$00000000) for _printf_percent
    __printf_flags.o(.text) refers to __printf_flags.o(.constdata) for .constdata
    __printf_ss.o(.text) refers to _printf_percent.o(.ARM.Collect$$_printf_percent$$00000000) for _printf_percent
    __printf_flags_ss.o(.text) refers to _printf_percent.o(.ARM.Collect$$_printf_percent$$00000000) for _printf_percent
    __printf_flags_ss.o(.text) refers to __printf_flags_ss.o(.constdata) for .constdata
    __printf_wp.o(.text) refers to __printf_wp.o(i._is_digit) for _is_digit
    __printf_wp.o(.text) refers to _printf_percent.o(.ARM.Collect$$_printf_percent$$00000000) for _printf_percent
    __printf_flags_wp.o(.text) refers to __printf_wp.o(i._is_digit) for _is_digit
    __printf_flags_wp.o(.text) refers to _printf_percent.o(.ARM.Collect$$_printf_percent$$00000000) for _printf_percent
    __printf_flags_wp.o(.text) refers to __printf_flags_wp.o(.constdata) for .constdata
    __printf_ss_wp.o(.text) refers to __printf_wp.o(i._is_digit) for _is_digit
    __printf_ss_wp.o(.text) refers to _printf_percent.o(.ARM.Collect$$_printf_percent$$00000000) for _printf_percent
    __printf_flags_ss_wp.o(.text) refers to __printf_wp.o(i._is_digit) for _is_digit
    __printf_flags_ss_wp.o(.text) refers to _printf_percent.o(.ARM.Collect$$_printf_percent$$00000000) for _printf_percent
    __printf_flags_ss_wp.o(.text) refers to __printf_flags_ss_wp.o(.constdata) for .constdata
    _printf_s.o(.ARM.Collect$$_printf_percent$$00000014) refers (Weak) to _printf_char.o(.text) for _printf_string
    _printf_percent.o(.ARM.Collect$$_printf_percent$$00000000) refers (Special) to _printf_percent_end.o(.ARM.Collect$$_printf_percent$$00000017) for _printf_percent_end
    __main.o(!!!main) refers to __rtentry.o(.ARM.Collect$$rtentry$$00000000) for __rt_entry
    daddsub.o(.text) refers (Special) to usenofp.o(x$fpl$usenofp) for __I$use$fp
    dfixui.o(.text) refers (Special) to usenofp.o(x$fpl$usenofp) for __I$use$fp
    f2d.o(.text) refers (Special) to usenofp.o(x$fpl$usenofp) for __I$use$fp
    faddsub.o(x$fpl$fadd) refers (Special) to usenofp.o(x$fpl$usenofp) for __I$use$fp
    faddsub.o(x$fpl$fadd) refers to faddsub.o(x$fpl$fsub) for _fsub1
    faddsub.o(x$fpl$frsb) refers (Special) to usenofp.o(x$fpl$usenofp) for __I$use$fp
    faddsub.o(x$fpl$frsb) refers to faddsub.o(x$fpl$fsub) for _fsub1
    faddsub.o(x$fpl$frsb) refers to faddsub.o(x$fpl$fadd) for _fadd1
    faddsub.o(x$fpl$fsub) refers (Special) to usenofp.o(x$fpl$usenofp) for __I$use$fp
    faddsub.o(x$fpl$fsub) refers to faddsub.o(x$fpl$fadd) for _fadd1
    fdiv.o(.text) refers (Special) to usenofp.o(x$fpl$usenofp) for __I$use$fp
    fdiv.o(.text) refers to fdiv.o(.constdata) for .constdata
    fdiv.o(.constdata) refers (Special) to usenofp.o(x$fpl$usenofp) for __I$use$fp
    ffixui.o(.text) refers (Special) to usenofp.o(x$fpl$usenofp) for __I$use$fp
    fflti.o(.text) refers (Special) to usenofp.o(x$fpl$usenofp) for __I$use$fp
    fmul.o(x$fpl$fmul) refers (Special) to usenofp.o(x$fpl$usenofp) for __I$use$fp
    __rtentry.o(.ARM.Collect$$rtentry$$00000000) refers (Special) to __rtentry2.o(.ARM.Collect$$rtentry$$0000000A) for __rt_entry_li
    __rtentry.o(.ARM.Collect$$rtentry$$00000000) refers (Special) to __rtentry2.o(.ARM.Collect$$rtentry$$0000000D) for __rt_entry_main
    __rtentry.o(.ARM.Collect$$rtentry$$00000000) refers (Special) to __rtentry2.o(.ARM.Collect$$rtentry$$0000000C) for __rt_entry_postli_1
    __rtentry.o(.ARM.Collect$$rtentry$$00000000) refers (Special) to __rtentry2.o(.ARM.Collect$$rtentry$$00000009) for __rt_entry_postsh_1
    __rtentry.o(.ARM.Collect$$rtentry$$00000000) refers (Special) to __rtentry2.o(.ARM.Collect$$rtentry$$00000002) for __rt_entry_presh_1
    __rtentry.o(.ARM.Collect$$rtentry$$00000000) refers (Special) to __rtentry4.o(.ARM.Collect$$rtentry$$00000004) for __rt_entry_sh
    aeabi_idiv0_sigfpe.o(.text) refers to rt_div0.o(.text) for __rt_div0
    _printf_char.o(.text) refers (Weak) to _printf_str.o(.text) for _printf_str
    _printf_char_file.o(.text) refers to _printf_char_common.o(.text) for _printf_char_common
    _printf_char_file.o(.text) refers to retarget.o(i.ferror) for ferror
    _printf_char_file.o(.text) refers to retarget.o(i.fputc) for fputc
    __rtentry2.o(.ARM.Collect$$rtentry$$00000008) refers to boardinit2.o(.text) for _platform_post_stackheap_init
    __rtentry2.o(.ARM.Collect$$rtentry$$0000000A) refers to libinit.o(.ARM.Collect$$libinit$$00000000) for __rt_lib_init
    __rtentry2.o(.ARM.Collect$$rtentry$$0000000B) refers to boardinit3.o(.text) for _platform_post_lib_init
    __rtentry2.o(.ARM.Collect$$rtentry$$0000000D) refers to main.o(i.main) for main
    __rtentry2.o(.ARM.Collect$$rtentry$$0000000D) refers to exit.o(.text) for exit
    __rtentry2.o(.ARM.exidx) refers to __rtentry2.o(.ARM.Collect$$rtentry$$00000001) for .ARM.Collect$$rtentry$$00000001
    __rtentry2.o(.ARM.exidx) refers to __rtentry2.o(.ARM.Collect$$rtentry$$00000008) for .ARM.Collect$$rtentry$$00000008
    __rtentry2.o(.ARM.exidx) refers to __rtentry2.o(.ARM.Collect$$rtentry$$0000000A) for .ARM.Collect$$rtentry$$0000000A
    __rtentry2.o(.ARM.exidx) refers to __rtentry2.o(.ARM.Collect$$rtentry$$0000000B) for .ARM.Collect$$rtentry$$0000000B
    __rtentry2.o(.ARM.exidx) refers to __rtentry2.o(.ARM.Collect$$rtentry$$0000000D) for .ARM.Collect$$rtentry$$0000000D
    __rtentry4.o(.ARM.Collect$$rtentry$$00000004) refers to sys_stackheap_outer.o(.text) for __user_setup_stackheap
    __rtentry4.o(.ARM.exidx) refers to __rtentry4.o(.ARM.Collect$$rtentry$$00000004) for .ARM.Collect$$rtentry$$00000004
    rt_div0.o(.text) refers to defsig_fpe_outer.o(.text) for __rt_SIGFPE
    _printf_char_common.o(.text) refers to __printf.o(.text) for __printf
    sys_stackheap_outer.o(.text) refers to libspace.o(.text) for __user_perproc_libspace
    sys_stackheap_outer.o(.text) refers to startup_w7500x.o(.text) for __user_initial_stackheap
    sys_stackheap_outer.o(__vectab_stack_and_reset_area) refers to tempstk.o(.text) for __temporary_stack_top
    sys_stackheap_outer.o(__vectab_stack_and_reset_area) refers to __main.o(!!!main) for __main
    exit.o(.text) refers to rtexit.o(.ARM.Collect$$rtexit$$00000000) for __rt_exit
    defsig_fpe_outer.o(.text) refers to defsig_fpe_inner.o(.text) for __rt_SIGFPE_inner
    defsig_fpe_outer.o(.text) refers to defsig_exit.o(.text) for __sig_exit
    defsig_fpe_formal.o(.text) refers to rt_raise.o(.text) for __rt_raise
    libinit.o(.ARM.Collect$$libinit$$00000000) refers (Special) to libinit2.o(.ARM.Collect$$libinit$$0000002E) for __rt_lib_init_alloca_1
    libinit.o(.ARM.Collect$$libinit$$00000000) refers (Special) to libinit2.o(.ARM.Collect$$libinit$$0000002C) for __rt_lib_init_argv_1
    libinit.o(.ARM.Collect$$libinit$$00000000) refers (Special) to libinit2.o(.ARM.Collect$$libinit$$0000001B) for __rt_lib_init_atexit_1
    libinit.o(.ARM.Collect$$libinit$$00000000) refers (Special) to libinit2.o(.ARM.Collect$$libinit$$00000021) for __rt_lib_init_clock_1
    libinit.o(.ARM.Collect$$libinit$$00000000) refers (Special) to libinit2.o(.ARM.Collect$$libinit$$00000032) for __rt_lib_init_cpp_1
    libinit.o(.ARM.Collect$$libinit$$00000000) refers (Special) to libinit2.o(.ARM.Collect$$libinit$$00000030) for __rt_lib_init_exceptions_1
    libinit.o(.ARM.Collect$$libinit$$00000000) refers (Special) to libinit2.o(.ARM.Collect$$libinit$$00000002) for __rt_lib_init_fp_1
    libinit.o(.ARM.Collect$$libinit$$00000000) refers (Special) to libinit2.o(.ARM.Collect$$libinit$$0000001F) for __rt_lib_init_fp_trap_1
    libinit.o(.ARM.Collect$$libinit$$00000000) refers (Special) to libinit2.o(.ARM.Collect$$libinit$$00000023) for __rt_lib_init_getenv_1
    libinit.o(.ARM.Collect$$libinit$$00000000) refers (Special) to libinit2.o(.ARM.Collect$$libinit$$0000000A) for __rt_lib_init_heap_1
    libinit.o(.ARM.Collect$$libinit$$00000000) refers (Special) to libinit2.o(.ARM.Collect$$libinit$$00000011) for __rt_lib_init_lc_collate_1
    libinit.o(.ARM.Collect$$libinit$$00000000) refers (Special) to libinit2.o(.ARM.Collect$$libinit$$00000013) for __rt_lib_init_lc_ctype_1
    libinit.o(.ARM.Collect$$libinit$$00000000) refers (Special) to libinit2.o(.ARM.Collect$$libinit$$00000015) for __rt_lib_init_lc_monetary_1
    libinit.o(.ARM.Collect$$libinit$$00000000) refers (Special) to libinit2.o(.ARM.Collect$$libinit$$00000017) for __rt_lib_init_lc_numeric_1
    libinit.o(.ARM.Collect$$libinit$$00000000) refers (Special) to libinit2.o(.ARM.Collect$$libinit$$00000019) for __rt_lib_init_lc_time_1
    libinit.o(.ARM.Collect$$libinit$$00000000) refers (Special) to libinit2.o(.ARM.Collect$$libinit$$00000004) for __rt_lib_init_preinit_1
    libinit.o(.ARM.Collect$$libinit$$00000000) refers (Special) to libinit2.o(.ARM.Collect$$libinit$$0000000E) for __rt_lib_init_rand_1
    libinit.o(.ARM.Collect$$libinit$$00000000) refers (Special) to libinit2.o(.ARM.Collect$$libinit$$00000033) for __rt_lib_init_return
    libinit.o(.ARM.Collect$$libinit$$00000000) refers (Special) to libinit2.o(.ARM.Collect$$libinit$$0000001D) for __rt_lib_init_signal_1
    libinit.o(.ARM.Collect$$libinit$$00000000) refers (Special) to libinit2.o(.ARM.Collect$$libinit$$00000025) for __rt_lib_init_stdio_1
    libinit.o(.ARM.Collect$$libinit$$00000000) refers (Special) to libinit2.o(.ARM.Collect$$libinit$$0000000C) for __rt_lib_init_user_alloc_1
    libspace.o(.text) refers to libspace.o(.bss) for __libspace_start
    rtexit.o(.ARM.Collect$$rtexit$$00000000) refers (Special) to rtexit2.o(.ARM.Collect$$rtexit$$00000004) for __rt_exit_exit
    rtexit.o(.ARM.Collect$$rtexit$$00000000) refers (Special) to rtexit2.o(.ARM.Collect$$rtexit$$00000003) for __rt_exit_ls
    rtexit.o(.ARM.Collect$$rtexit$$00000000) refers (Special) to rtexit2.o(.ARM.Collect$$rtexit$$00000002) for __rt_exit_prels_1
    rtexit.o(.ARM.exidx) refers (Special) to rtexit2.o(.ARM.Collect$$rtexit$$00000004) for __rt_exit_exit
    rtexit.o(.ARM.exidx) refers (Special) to rtexit2.o(.ARM.Collect$$rtexit$$00000003) for __rt_exit_ls
    rtexit.o(.ARM.exidx) refers (Special) to rtexit2.o(.ARM.Collect$$rtexit$$00000002) for __rt_exit_prels_1
    rtexit.o(.ARM.exidx) refers to rtexit.o(.ARM.Collect$$rtexit$$00000000) for .ARM.Collect$$rtexit$$00000000
    rt_raise.o(.text) refers to __raise.o(.text) for __raise
    rt_raise.o(.text) refers to retarget.o(i._sys_exit) for _sys_exit
    defsig_exit.o(.text) refers to retarget.o(i._sys_exit) for _sys_exit
    defsig_fpe_inner.o(.text) refers to defsig_general.o(.text) for __default_signal_display
    libinit2.o(.ARM.Collect$$libinit$$00000010) refers to libinit2.o(.ARM.Collect$$libinit$$0000000F) for .ARM.Collect$$libinit$$0000000F
    libinit2.o(.ARM.Collect$$libinit$$00000012) refers to libinit2.o(.ARM.Collect$$libinit$$0000000F) for .ARM.Collect$$libinit$$0000000F
    libinit2.o(.ARM.Collect$$libinit$$00000014) refers to libinit2.o(.ARM.Collect$$libinit$$0000000F) for .ARM.Collect$$libinit$$0000000F
    libinit2.o(.ARM.Collect$$libinit$$00000016) refers to libinit2.o(.ARM.Collect$$libinit$$0000000F) for .ARM.Collect$$libinit$$0000000F
    libinit2.o(.ARM.Collect$$libinit$$00000018) refers to libinit2.o(.ARM.Collect$$libinit$$0000000F) for .ARM.Collect$$libinit$$0000000F
    libinit2.o(.ARM.Collect$$libinit$$00000026) refers to argv_veneer.o(.text) for __ARM_argv_veneer
    libinit2.o(.ARM.Collect$$libinit$$00000027) refers to argv_veneer.o(.text) for __ARM_argv_veneer
    rtexit2.o(.ARM.Collect$$rtexit$$00000003) refers to libshutdown.o(.ARM.Collect$$libshutdown$$00000000) for __rt_lib_shutdown
    rtexit2.o(.ARM.Collect$$rtexit$$00000004) refers to retarget.o(i._sys_exit) for _sys_exit
    rtexit2.o(.ARM.exidx) refers to rtexit2.o(.ARM.Collect$$rtexit$$00000001) for .ARM.Collect$$rtexit$$00000001
    rtexit2.o(.ARM.exidx) refers to rtexit2.o(.ARM.Collect$$rtexit$$00000003) for .ARM.Collect$$rtexit$$00000003
    rtexit2.o(.ARM.exidx) refers to rtexit2.o(.ARM.Collect$$rtexit$$00000004) for .ARM.Collect$$rtexit$$00000004
    __raise.o(.text) refers to defsig.o(CL$$defsig) for __default_signal_handler
    defsig_general.o(.text) refers to retarget.o(i._ttywrch) for _ttywrch
    defsig.o(CL$$defsig) refers to defsig_fpe_inner.o(.text) for __rt_SIGFPE_inner
    defsig.o(CL$$defsig) refers to defsig_rtmem_inner.o(.text) for __rt_SIGRTMEM_inner
    _get_argv_nomalloc.o(.text) refers (Special) to hrguard.o(.text) for __heap_region$guard
    _get_argv_nomalloc.o(.text) refers to defsig_rtmem_outer.o(.text) for __rt_SIGRTMEM
    _get_argv_nomalloc.o(.text) refers to sys_command.o(.text) for _sys_command_string
    libshutdown.o(.ARM.Collect$$libshutdown$$00000000) refers (Special) to libshutdown2.o(.ARM.Collect$$libshutdown$$00000006) for __rt_lib_shutdown_fp_trap_1
    libshutdown.o(.ARM.Collect$$libshutdown$$00000000) refers (Special) to libshutdown2.o(.ARM.Collect$$libshutdown$$0000000E) for __rt_lib_shutdown_heap_1
    libshutdown.o(.ARM.Collect$$libshutdown$$00000000) refers (Special) to libshutdown2.o(.ARM.Collect$$libshutdown$$0000000F) for __rt_lib_shutdown_return
    libshutdown.o(.ARM.Collect$$libshutdown$$00000000) refers (Special) to libshutdown2.o(.ARM.Collect$$libshutdown$$00000009) for __rt_lib_shutdown_signal_1
    libshutdown.o(.ARM.Collect$$libshutdown$$00000000) refers (Special) to libshutdown2.o(.ARM.Collect$$libshutdown$$00000003) for __rt_lib_shutdown_stdio_1
    libshutdown.o(.ARM.Collect$$libshutdown$$00000000) refers (Special) to libshutdown2.o(.ARM.Collect$$libshutdown$$0000000B) for __rt_lib_shutdown_user_alloc_1
    sys_command.o(.text) refers (Special) to use_no_semi.o(.text) for __I$use$semihosting
    sys_command.o(.text) refers (Special) to indicate_semi.o(.text) for __semihosting_library_function
    defsig_abrt_inner.o(.text) refers to defsig_general.o(.text) for __default_signal_display
    defsig_rtred_inner.o(.text) refers to defsig_general.o(.text) for __default_signal_display
    defsig_rtmem_inner.o(.text) refers to defsig_general.o(.text) for __default_signal_display
    defsig_rtmem_outer.o(.text) refers to defsig_rtmem_inner.o(.text) for __rt_SIGRTMEM_inner
    defsig_rtmem_outer.o(.text) refers to defsig_exit.o(.text) for __sig_exit
    defsig_rtmem_formal.o(.text) refers to rt_raise.o(.text) for __rt_raise
    defsig_stak_inner.o(.text) refers to defsig_general.o(.text) for __default_signal_display
    defsig_pvfn_inner.o(.text) refers to defsig_general.o(.text) for __default_signal_display
    defsig_cppl_inner.o(.text) refers to defsig_general.o(.text) for __default_signal_display
    defsig_segv_inner.o(.text) refers to defsig_general.o(.text) for __default_signal_display
    defsig_other.o(.text) refers to defsig_general.o(.text) for __default_signal_display


==============================================================================

Removing Unused input sections from the image.

    Removing system_w7500x.o(.rev16_text), (4 bytes).
    Removing system_w7500x.o(.revsh_text), (4 bytes).
    Removing system_w7500x.o(i.SystemCoreClockUpdate), (2 bytes).
    Removing w7500x_gpio.o(.rev16_text), (4 bytes).
    Removing w7500x_gpio.o(.revsh_text), (4 bytes).
    Removing w7500x_gpio.o(i.GPIO_Configuration), (112 bytes).
    Removing w7500x_gpio.o(i.GPIO_DeInit), (120 bytes).
    Removing w7500x_gpio.o(i.GPIO_INT_Clear), (6 bytes).
    Removing w7500x_gpio.o(i.GPIO_INT_Configuration), (130 bytes).
    Removing w7500x_gpio.o(i.GPIO_INT_Enable), (18 bytes).
    Removing w7500x_gpio.o(i.GPIO_INT_Enable_Bits), (24 bytes).
    Removing w7500x_gpio.o(i.GPIO_INT_Polarity), (16 bytes).
    Removing w7500x_gpio.o(i.GPIO_INT_Polarity_Bits), (20 bytes).
    Removing w7500x_gpio.o(i.GPIO_ReadInputData), (8 bytes).
    Removing w7500x_gpio.o(i.GPIO_ReadInputDataBit), (20 bytes).
    Removing w7500x_gpio.o(i.GPIO_ReadOutputData), (8 bytes).
    Removing w7500x_gpio.o(i.GPIO_ReadOutputDataBit), (20 bytes).
    Removing w7500x_gpio.o(i.GPIO_Read_INTstatus), (20 bytes).
    Removing w7500x_gpio.o(i.GPIO_StructInit), (20 bytes).
    Removing w7500x_gpio.o(i.GPIO_Write), (4 bytes).
    Removing w7500x_gpio.o(i.GPIO_WriteBit), (28 bytes).
    Removing w7500x_uart.o(.rev16_text), (4 bytes).
    Removing w7500x_uart.o(.revsh_text), (4 bytes).
    Removing w7500x_uart.o(i.S_UART_ClearITPendingBit), (20 bytes).
    Removing w7500x_uart.o(i.S_UART_DeInit), (2 bytes).
    Removing w7500x_uart.o(i.S_UART_GetFlagStatus), (28 bytes).
    Removing w7500x_uart.o(i.S_UART_GetITStatus), (28 bytes).
    Removing w7500x_uart.o(i.S_UART_ITConfig), (32 bytes).
    Removing w7500x_uart.o(i.S_UART_ReceiveData), (12 bytes).
    Removing w7500x_uart.o(i.S_UART_SendData), (24 bytes).
    Removing w7500x_uart.o(i.S_UartGetc), (28 bytes).
    Removing w7500x_uart.o(i.S_UartPutc), (14 bytes).
    Removing w7500x_uart.o(i.S_UartPuts), (26 bytes).
    Removing w7500x_uart.o(i.UART_ClearRecvStatus), (4 bytes).
    Removing w7500x_uart.o(i.UART_DeInit), (2 bytes).
    Removing w7500x_uart.o(i.UART_GetFlagStatus), (20 bytes).
    Removing w7500x_uart.o(i.UART_GetRecvStatus), (20 bytes).
    Removing w7500x_uart.o(i.UART_SendBreak), (10 bytes).
    Removing w7500x_uart.o(i.UartGetc), (20 bytes).
    Removing w7500x_uart.o(i.UartPuts), (30 bytes).
    Removing main.o(.rev16_text), (4 bytes).
    Removing main.o(.revsh_text), (4 bytes).
    Removing retarget.o(.rev16_text), (4 bytes).
    Removing retarget.o(.revsh_text), (4 bytes).
    Removing retarget.o(i._ttywrch), (20 bytes).
    Removing retarget.o(i.fgetc), (28 bytes).
    Removing w7500x_it.o(.rev16_text), (4 bytes).
    Removing w7500x_it.o(.revsh_text), (4 bytes).
    Removing wizfi250handler.o(.rev16_text), (4 bytes).
    Removing wizfi250handler.o(.revsh_text), (4 bytes).
    Removing wizfi250handler.o(i.WizFi250_FactoryReset), (2 bytes).
    Removing wizfi250handler.o(i.send_and_check_command), (436 bytes).
    Removing wizfi250handler.o(.bss), (1024 bytes).
    Removing wizfi250handler.o(.data), (4 bytes).

54 unused section(s) (total 2466 bytes) removed from the image.

==============================================================================

Image Symbol Table

    Local Symbols

    Symbol Name                              Value     Ov Type        Size  Object(Section)

    RESET                                    0x00000000   Section      168  startup_w7500x.o(RESET)
    ../clib/angel/boardlib.s                 0x00000000   Number         0  boardshut.o ABSOLUTE
    ../clib/angel/boardlib.s                 0x00000000   Number         0  boardinit1.o ABSOLUTE
    ../clib/angel/boardlib.s                 0x00000000   Number         0  boardinit3.o ABSOLUTE
    ../clib/angel/boardlib.s                 0x00000000   Number         0  boardinit2.o ABSOLUTE
    ../clib/angel/handlers.s                 0x00000000   Number         0  __scatter_copy.o ABSOLUTE
    ../clib/angel/handlers.s                 0x00000000   Number         0  __scatter_zi.o ABSOLUTE
    ../clib/angel/kernel.s                   0x00000000   Number         0  rtexit2.o ABSOLUTE
    ../clib/angel/kernel.s                   0x00000000   Number         0  __rtentry2.o ABSOLUTE
    ../clib/angel/kernel.s                   0x00000000   Number         0  __rtentry4.o ABSOLUTE
    ../clib/angel/kernel.s                   0x00000000   Number         0  __rtentry.o ABSOLUTE
    ../clib/angel/kernel.s                   0x00000000   Number         0  rtexit.o ABSOLUTE
    ../clib/angel/rt.s                       0x00000000   Number         0  aeabi_idiv0.o ABSOLUTE
    ../clib/angel/rt.s                       0x00000000   Number         0  rt_div0.o ABSOLUTE
    ../clib/angel/rt.s                       0x00000000   Number         0  rt_raise.o ABSOLUTE
    ../clib/angel/rt.s                       0x00000000   Number         0  aeabi_idiv0_sigfpe.o ABSOLUTE
    ../clib/angel/scatterp.s                 0x00000000   Number         0  __scatter.o ABSOLUTE
    ../clib/angel/startup.s                  0x00000000   Number         0  __main.o ABSOLUTE
    ../clib/angel/sys.s                      0x00000000   Number         0  indicate_semi.o ABSOLUTE
    ../clib/angel/sys.s                      0x00000000   Number         0  use_no_semi.o ABSOLUTE
    ../clib/angel/sys.s                      0x00000000   Number         0  tempstk.o ABSOLUTE
    ../clib/angel/sys.s                      0x00000000   Number         0  sys_stackheap_outer.o ABSOLUTE
    ../clib/angel/sys.s                      0x00000000   Number         0  libspace.o ABSOLUTE
    ../clib/angel/sysapp.c                   0x00000000   Number         0  sys_command.o ABSOLUTE
    ../clib/armsys.c                         0x00000000   Number         0  _get_argv_nomalloc.o ABSOLUTE
    ../clib/armsys.c                         0x00000000   Number         0  no_argv.o ABSOLUTE
    ../clib/armsys.c                         0x00000000   Number         0  argv_veneer.o ABSOLUTE
    ../clib/division.s                       0x00000000   Number         0  aeabi_sdiv.o ABSOLUTE
    ../clib/division.s                       0x00000000   Number         0  aeabi_sdiv_div0.o ABSOLUTE
    ../clib/heapalloc.c                      0x00000000   Number         0  hrguard.o ABSOLUTE
    ../clib/heapaux.c                        0x00000000   Number         0  heapauxi.o ABSOLUTE
    ../clib/libinit.s                        0x00000000   Number         0  libinit.o ABSOLUTE
    ../clib/libinit.s                        0x00000000   Number         0  libinit2.o ABSOLUTE
    ../clib/libinit.s                        0x00000000   Number         0  libshutdown2.o ABSOLUTE
    ../clib/libinit.s                        0x00000000   Number         0  libshutdown.o ABSOLUTE
    ../clib/printf.c                         0x00000000   Number         0  __printf_ss.o ABSOLUTE
    ../clib/printf.c                         0x00000000   Number         0  _printf_char_common.o ABSOLUTE
    ../clib/printf.c                         0x00000000   Number         0  __printf_nopercent.o ABSOLUTE
    ../clib/printf.c                         0x00000000   Number         0  _printf_char_file.o ABSOLUTE
    ../clib/printf.c                         0x00000000   Number         0  __2printf.o ABSOLUTE
    ../clib/printf.c                         0x00000000   Number         0  __printf_flags_ss_wp.o ABSOLUTE
    ../clib/printf.c                         0x00000000   Number         0  __printf_ss_wp.o ABSOLUTE
    ../clib/printf.c                         0x00000000   Number         0  __printf_flags_wp.o ABSOLUTE
    ../clib/printf.c                         0x00000000   Number         0  __printf_wp.o ABSOLUTE
    ../clib/printf.c                         0x00000000   Number         0  _printf_char.o ABSOLUTE
    ../clib/printf.c                         0x00000000   Number         0  __printf_flags_ss.o ABSOLUTE
    ../clib/printf.c                         0x00000000   Number         0  noretval__2printf.o ABSOLUTE
    ../clib/printf.c                         0x00000000   Number         0  __printf.o ABSOLUTE
    ../clib/printf.c                         0x00000000   Number         0  _printf_str.o ABSOLUTE
    ../clib/printf.c                         0x00000000   Number         0  __printf_flags.o ABSOLUTE
    ../clib/printf_percent.s                 0x00000000   Number         0  _printf_percent_end.o ABSOLUTE
    ../clib/printf_percent.s                 0x00000000   Number         0  _printf_s.o ABSOLUTE
    ../clib/printf_percent.s                 0x00000000   Number         0  _printf_percent.o ABSOLUTE
    ../clib/signal.c                         0x00000000   Number         0  defsig_rtmem_formal.o ABSOLUTE
    ../clib/signal.c                         0x00000000   Number         0  defsig_stak_inner.o ABSOLUTE
    ../clib/signal.c                         0x00000000   Number         0  defsig_pvfn_inner.o ABSOLUTE
    ../clib/signal.c                         0x00000000   Number         0  defsig_cppl_inner.o ABSOLUTE
    ../clib/signal.c                         0x00000000   Number         0  defsig_segv_inner.o ABSOLUTE
    ../clib/signal.c                         0x00000000   Number         0  defsig_general.o ABSOLUTE
    ../clib/signal.c                         0x00000000   Number         0  __raise.o ABSOLUTE
    ../clib/signal.c                         0x00000000   Number         0  defsig_other.o ABSOLUTE
    ../clib/signal.c                         0x00000000   Number         0  defsig_fpe_inner.o ABSOLUTE
    ../clib/signal.c                         0x00000000   Number         0  defsig_exit.o ABSOLUTE
    ../clib/signal.c                         0x00000000   Number         0  defsig_fpe_outer.o ABSOLUTE
    ../clib/signal.c                         0x00000000   Number         0  defsig_fpe_formal.o ABSOLUTE
    ../clib/signal.c                         0x00000000   Number         0  defsig_rtmem_outer.o ABSOLUTE
    ../clib/signal.c                         0x00000000   Number         0  defsig_rtmem_inner.o ABSOLUTE
    ../clib/signal.c                         0x00000000   Number         0  defsig_rtred_inner.o ABSOLUTE
    ../clib/signal.c                         0x00000000   Number         0  defsig_abrt_inner.o ABSOLUTE
    ../clib/signal.s                         0x00000000   Number         0  defsig.o ABSOLUTE
    ../clib/stdlib.c                         0x00000000   Number         0  exit.o ABSOLUTE
    ../clib/string.c                         0x00000000   Number         0  strcpy.o ABSOLUTE
    ../clib/string.c                         0x00000000   Number         0  strstr.o ABSOLUTE
    ../fplib/cfplib/daddsub.c                0x00000000   Number         0  daddsub.o ABSOLUTE
    ../fplib/cfplib/f2d.c                    0x00000000   Number         0  f2d.o ABSOLUTE
    ../fplib/cfplib/fdiv.c                   0x00000000   Number         0  fdiv.o ABSOLUTE
    ../fplib/cfplib/ffix.c                   0x00000000   Number         0  ffixui.o ABSOLUTE
    ../fplib/cfplib/ffix.c                   0x00000000   Number         0  dfixui.o ABSOLUTE
    ../fplib/cfplib/fflt.c                   0x00000000   Number         0  fflti.o ABSOLUTE
    ../fplib/cfplib/fpinit.c                 0x00000000   Number         0  fpinit.o ABSOLUTE
    ../fplib/faddsub6m.s                     0x00000000   Number         0  faddsub.o ABSOLUTE
    ../fplib/fmul6m.s                        0x00000000   Number         0  fmul.o ABSOLUTE
    ../fplib/usenofp.s                       0x00000000   Number         0  usenofp.o ABSOLUTE
    Libraries\CMSIS\Device\WIZnet\W7500\Source\ARM\startup_W7500x.s 0x00000000   Number         0  startup_w7500x.o ABSOLUTE
    Libraries\CMSIS\Device\WIZnet\W7500\Source\system_W7500x.c 0x00000000   Number         0  system_w7500x.o ABSOLUTE
    Libraries\W7500x_stdPeriph_Driver\src\W7500x_gpio.c 0x00000000   Number         0  w7500x_gpio.o ABSOLUTE
    Libraries\W7500x_stdPeriph_Driver\src\W7500x_uart.c 0x00000000   Number         0  w7500x_uart.o ABSOLUTE
    Libraries\\CMSIS\\Device\\WIZnet\\W7500\\Source\\system_W7500x.c 0x00000000   Number         0  system_w7500x.o ABSOLUTE
    Libraries\\W7500x_stdPeriph_Driver\\src\\W7500x_gpio.c 0x00000000   Number         0  w7500x_gpio.o ABSOLUTE
    Libraries\\W7500x_stdPeriph_Driver\\src\\W7500x_uart.c 0x00000000   Number         0  w7500x_uart.o ABSOLUTE
    W7500x_it.c                              0x00000000   Number         0  w7500x_it.o ABSOLUTE
    W7500x_it.c                              0x00000000   Number         0  w7500x_it.o ABSOLUTE
    WizFi250Handler.c                        0x00000000   Number         0  wizfi250handler.o ABSOLUTE
    WizFi250Handler.c                        0x00000000   Number         0  wizfi250handler.o ABSOLUTE
    dc.s                                     0x00000000   Number         0  dc.o ABSOLUTE
    main.c                                   0x00000000   Number         0  main.o ABSOLUTE
    main.c                                   0x00000000   Number         0  main.o ABSOLUTE
    retarget.c                               0x00000000   Number         0  retarget.o ABSOLUTE
    retarget.c                               0x00000000   Number         0  retarget.o ABSOLUTE
    !!!main                                  0x000000a8   Section        8  __main.o(!!!main)
    !!!scatter                               0x000000b0   Section       60  __scatter.o(!!!scatter)
    !!handler_copy                           0x000000ec   Section       26  __scatter_copy.o(!!handler_copy)
    !!handler_zi                             0x00000108   Section       28  __scatter_zi.o(!!handler_zi)
    .ARM.Collect$$_printf_percent$$00000000  0x00000124   Section        2  _printf_percent.o(.ARM.Collect$$_printf_percent$$00000000)
    .ARM.Collect$$_printf_percent$$00000017  0x00000126   Section        4  _printf_percent_end.o(.ARM.Collect$$_printf_percent$$00000017)
    .ARM.Collect$$libinit$$00000000          0x0000012a   Section        2  libinit.o(.ARM.Collect$$libinit$$00000000)
    .ARM.Collect$$libinit$$00000002          0x0000012c   Section        0  libinit2.o(.ARM.Collect$$libinit$$00000002)
    .ARM.Collect$$libinit$$00000004          0x0000012c   Section        0  libinit2.o(.ARM.Collect$$libinit$$00000004)
    .ARM.Collect$$libinit$$0000000A          0x0000012c   Section        0  libinit2.o(.ARM.Collect$$libinit$$0000000A)
    .ARM.Collect$$libinit$$0000000C          0x0000012c   Section        0  libinit2.o(.ARM.Collect$$libinit$$0000000C)
    .ARM.Collect$$libinit$$0000000E          0x0000012c   Section        0  libinit2.o(.ARM.Collect$$libinit$$0000000E)
    .ARM.Collect$$libinit$$00000011          0x0000012c   Section        0  libinit2.o(.ARM.Collect$$libinit$$00000011)
    .ARM.Collect$$libinit$$00000013          0x0000012c   Section        0  libinit2.o(.ARM.Collect$$libinit$$00000013)
    .ARM.Collect$$libinit$$00000015          0x0000012c   Section        0  libinit2.o(.ARM.Collect$$libinit$$00000015)
    .ARM.Collect$$libinit$$00000017          0x0000012c   Section        0  libinit2.o(.ARM.Collect$$libinit$$00000017)
    .ARM.Collect$$libinit$$00000019          0x0000012c   Section        0  libinit2.o(.ARM.Collect$$libinit$$00000019)
    .ARM.Collect$$libinit$$0000001B          0x0000012c   Section        0  libinit2.o(.ARM.Collect$$libinit$$0000001B)
    .ARM.Collect$$libinit$$0000001D          0x0000012c   Section        0  libinit2.o(.ARM.Collect$$libinit$$0000001D)
    .ARM.Collect$$libinit$$0000001F          0x0000012c   Section        0  libinit2.o(.ARM.Collect$$libinit$$0000001F)
    .ARM.Collect$$libinit$$00000021          0x0000012c   Section        0  libinit2.o(.ARM.Collect$$libinit$$00000021)
    .ARM.Collect$$libinit$$00000023          0x0000012c   Section        0  libinit2.o(.ARM.Collect$$libinit$$00000023)
    .ARM.Collect$$libinit$$00000025          0x0000012c   Section        0  libinit2.o(.ARM.Collect$$libinit$$00000025)
    .ARM.Collect$$libinit$$0000002C          0x0000012c   Section        0  libinit2.o(.ARM.Collect$$libinit$$0000002C)
    .ARM.Collect$$libinit$$0000002E          0x0000012c   Section        0  libinit2.o(.ARM.Collect$$libinit$$0000002E)
    .ARM.Collect$$libinit$$00000030          0x0000012c   Section        0  libinit2.o(.ARM.Collect$$libinit$$00000030)
    .ARM.Collect$$libinit$$00000032          0x0000012c   Section        0  libinit2.o(.ARM.Collect$$libinit$$00000032)
    .ARM.Collect$$libinit$$00000033          0x0000012c   Section        2  libinit2.o(.ARM.Collect$$libinit$$00000033)
    .ARM.Collect$$libshutdown$$00000000      0x0000012e   Section        2  libshutdown.o(.ARM.Collect$$libshutdown$$00000000)
    .ARM.Collect$$libshutdown$$00000003      0x00000130   Section        0  libshutdown2.o(.ARM.Collect$$libshutdown$$00000003)
    .ARM.Collect$$libshutdown$$00000006      0x00000130   Section        0  libshutdown2.o(.ARM.Collect$$libshutdown$$00000006)
    .ARM.Collect$$libshutdown$$00000009      0x00000130   Section        0  libshutdown2.o(.ARM.Collect$$libshutdown$$00000009)
    .ARM.Collect$$libshutdown$$0000000B      0x00000130   Section        0  libshutdown2.o(.ARM.Collect$$libshutdown$$0000000B)
    .ARM.Collect$$libshutdown$$0000000E      0x00000130   Section        0  libshutdown2.o(.ARM.Collect$$libshutdown$$0000000E)
    .ARM.Collect$$libshutdown$$0000000F      0x00000130   Section        2  libshutdown2.o(.ARM.Collect$$libshutdown$$0000000F)
    .ARM.Collect$$rtentry$$00000000          0x00000132   Section        0  __rtentry.o(.ARM.Collect$$rtentry$$00000000)
    .ARM.Collect$$rtentry$$00000002          0x00000132   Section        0  __rtentry2.o(.ARM.Collect$$rtentry$$00000002)
    .ARM.Collect$$rtentry$$00000004          0x00000132   Section        6  __rtentry4.o(.ARM.Collect$$rtentry$$00000004)
    .ARM.Collect$$rtentry$$00000009          0x00000138   Section        0  __rtentry2.o(.ARM.Collect$$rtentry$$00000009)
    .ARM.Collect$$rtentry$$0000000A          0x00000138   Section        4  __rtentry2.o(.ARM.Collect$$rtentry$$0000000A)
    .ARM.Collect$$rtentry$$0000000C          0x0000013c   Section        0  __rtentry2.o(.ARM.Collect$$rtentry$$0000000C)
    .ARM.Collect$$rtentry$$0000000D          0x0000013c   Section        8  __rtentry2.o(.ARM.Collect$$rtentry$$0000000D)
    .ARM.Collect$$rtexit$$00000000           0x00000144   Section        2  rtexit.o(.ARM.Collect$$rtexit$$00000000)
    .ARM.Collect$$rtexit$$00000002           0x00000146   Section        0  rtexit2.o(.ARM.Collect$$rtexit$$00000002)
    .ARM.Collect$$rtexit$$00000003           0x00000146   Section        4  rtexit2.o(.ARM.Collect$$rtexit$$00000003)
    .ARM.Collect$$rtexit$$00000004           0x0000014a   Section        6  rtexit2.o(.ARM.Collect$$rtexit$$00000004)
    .text                                    0x00000150   Section       56  startup_w7500x.o(.text)
    .text                                    0x00000188   Section        2  use_no_semi.o(.text)
    .text                                    0x0000018c   Section        0  noretval__2printf.o(.text)
    .text                                    0x000001a8   Section        0  __printf.o(.text)
    .text                                    0x00000214   Section      346  aeabi_sdiv.o(.text)
    .text                                    0x0000036e   Section        0  heapauxi.o(.text)
    .text                                    0x00000374   Section        0  daddsub.o(.text)
    _dadd1                                   0x00000375   Thumb Code   290  daddsub.o(.text)
    _dsub1                                   0x00000497   Thumb Code   470  daddsub.o(.text)
    .text                                    0x000006cc   Section        0  dfixui.o(.text)
    .text                                    0x00000714   Section        0  f2d.o(.text)
    .text                                    0x00000768   Section        0  fdiv.o(.text)
    .text                                    0x000008c8   Section        0  ffixui.o(.text)
    .text                                    0x000008f8   Section        0  fflti.o(.text)
    .text                                    0x00000958   Section        0  _printf_char_file.o(.text)
    .text                                    0x00000980   Section        0  _printf_char_common.o(.text)
    _printf_input_char                       0x00000981   Thumb Code    10  _printf_char_common.o(.text)
    .text                                    0x000009b0   Section       62  sys_stackheap_outer.o(.text)
    .text                                    0x000009ee   Section        0  exit.o(.text)
    .text                                    0x000009fc   Section        8  libspace.o(.text)
    i.ADC_Handler                            0x00000a04   Section        0  w7500x_it.o(i.ADC_Handler)
    i.DMA_Handler                            0x00000a06   Section        0  w7500x_it.o(i.DMA_Handler)
    i.DUALTIMER0_Handler                     0x00000a08   Section        0  w7500x_it.o(i.DUALTIMER0_Handler)
    i.DUALTIMER1_Handler                     0x00000a0a   Section        0  w7500x_it.o(i.DUALTIMER1_Handler)
    i.EXTI_Handler                           0x00000a0c   Section        0  w7500x_it.o(i.EXTI_Handler)
    i.GPIO_Init                              0x00000a10   Section        0  w7500x_gpio.o(i.GPIO_Init)
    i.GPIO_ResetBits                         0x00000b24   Section        0  w7500x_gpio.o(i.GPIO_ResetBits)
    i.GPIO_SetBits                           0x00000b44   Section        0  w7500x_gpio.o(i.GPIO_SetBits)
    i.GetSystemClock                         0x00000b60   Section        0  system_w7500x.o(i.GetSystemClock)
    i.HardFault_Handler                      0x00000b6c   Section        0  w7500x_it.o(i.HardFault_Handler)
    i.I2C0_Handler                           0x00000b6e   Section        0  w7500x_it.o(i.I2C0_Handler)
    i.I2C1_Handler                           0x00000b70   Section        0  w7500x_it.o(i.I2C1_Handler)
    i.NMI_Handler                            0x00000b72   Section        0  w7500x_it.o(i.NMI_Handler)
    i.NVIC_ClearPendingIRQ                   0x00000b74   Section        0  main.o(i.NVIC_ClearPendingIRQ)
    NVIC_ClearPendingIRQ                     0x00000b75   Thumb Code    14  main.o(i.NVIC_ClearPendingIRQ)
    i.NVIC_EnableIRQ                         0x00000b88   Section        0  main.o(i.NVIC_EnableIRQ)
    NVIC_EnableIRQ                           0x00000b89   Thumb Code    14  main.o(i.NVIC_EnableIRQ)
    i.PAD_AFConfig                           0x00000b9c   Section        0  w7500x_gpio.o(i.PAD_AFConfig)
    i.PORT0_Handler                          0x00000c68   Section        0  w7500x_it.o(i.PORT0_Handler)
    i.PORT1_Handler                          0x00000c6a   Section        0  w7500x_it.o(i.PORT1_Handler)
    i.PORT2_Handler                          0x00000c6c   Section        0  w7500x_it.o(i.PORT2_Handler)
    i.PORT3_Handler                          0x00000c6e   Section        0  w7500x_it.o(i.PORT3_Handler)
    i.PWM0_Handler                           0x00000c70   Section        0  w7500x_it.o(i.PWM0_Handler)
    i.PWM1_Handler                           0x00000c72   Section        0  w7500x_it.o(i.PWM1_Handler)
    i.PWM2_Handler                           0x00000c74   Section        0  w7500x_it.o(i.PWM2_Handler)
    i.PWM3_Handler                           0x00000c76   Section        0  w7500x_it.o(i.PWM3_Handler)
    i.PWM4_Handler                           0x00000c78   Section        0  w7500x_it.o(i.PWM4_Handler)
    i.PWM5_Handler                           0x00000c7a   Section        0  w7500x_it.o(i.PWM5_Handler)
    i.PWM6_Handler                           0x00000c7c   Section        0  w7500x_it.o(i.PWM6_Handler)
    i.PWM7_Handler                           0x00000c7e   Section        0  w7500x_it.o(i.PWM7_Handler)
    i.PendSV_Handler                         0x00000c80   Section        0  w7500x_it.o(i.PendSV_Handler)
    i.SSP0_Handler                           0x00000c82   Section        0  w7500x_it.o(i.SSP0_Handler)
    i.SSP1_Handler                           0x00000c84   Section        0  w7500x_it.o(i.SSP1_Handler)
    i.SVC_Handler                            0x00000c86   Section        0  w7500x_it.o(i.SVC_Handler)
    i.S_UART_Init                            0x00000c88   Section        0  w7500x_uart.o(i.S_UART_Init)
    i.SysTick_Handler                        0x00000cdc   Section        0  w7500x_it.o(i.SysTick_Handler)
    i.SystemInit                             0x00000ce0   Section        0  system_w7500x.o(i.SystemInit)
    i.UART0_Handler                          0x00000d54   Section        0  w7500x_it.o(i.UART0_Handler)
    i.UART1_Handler                          0x00000dec   Section        0  w7500x_it.o(i.UART1_Handler)
    i.UART2_Handler                          0x00000e84   Section        0  w7500x_it.o(i.UART2_Handler)
    i.UART_ClearITPendingBit                 0x00000e86   Section        0  w7500x_uart.o(i.UART_ClearITPendingBit)
    i.UART_GetITStatus                       0x00000e8e   Section        0  w7500x_uart.o(i.UART_GetITStatus)
    i.UART_ITConfig                          0x00000ea2   Section        0  w7500x_uart.o(i.UART_ITConfig)
    i.UART_Init                              0x00000eb8   Section        0  w7500x_uart.o(i.UART_Init)
    i.UART_ReceiveData                       0x00000f98   Section        0  w7500x_uart.o(i.UART_ReceiveData)
    i.UART_SendData                          0x00000fa0   Section        0  w7500x_uart.o(i.UART_SendData)
    i.UART_StructInit                        0x00000fa4   Section        0  w7500x_uart.o(i.UART_StructInit)
    i.UartGetc_nonblk                        0x00000fc0   Section        0  wizfi250handler.o(i.UartGetc_nonblk)
    i.UartPutc                               0x00001094   Section        0  w7500x_uart.o(i.UartPutc)
    i.WZTOE_Handler                          0x000010b2   Section        0  w7500x_it.o(i.WZTOE_Handler)
    i.WizFi250_BypassMode                    0x000010b4   Section        0  main.o(i.WizFi250_BypassMode)
    i.WizFi250_Restart                       0x00001168   Section        0  wizfi250handler.o(i.WizFi250_Restart)
    i._sys_exit                              0x0000119e   Section        0  retarget.o(i._sys_exit)
    i.delay_ms                               0x000011a4   Section        0  wizfi250handler.o(i.delay_ms)
    i.ferror                                 0x000011c8   Section        0  retarget.o(i.ferror)
    i.fputc                                  0x000011d0   Section        0  retarget.o(i.fputc)
    i.main                                   0x000011e4   Section        0  main.o(i.main)
    x$fpl$fadd                               0x0000132c   Section      140  faddsub.o(x$fpl$fadd)
    _fadd1                                   0x00001339   Thumb Code     0  faddsub.o(x$fpl$fadd)
    x$fpl$fmul                               0x000013b8   Section      176  fmul.o(x$fpl$fmul)
    x$fpl$frsb                               0x00001468   Section       24  faddsub.o(x$fpl$frsb)
    x$fpl$fsub                               0x00001480   Section      208  faddsub.o(x$fpl$fsub)
    _fsub1                                   0x0000148d   Thumb Code     0  faddsub.o(x$fpl$fsub)
    .constdata                               0x00001550   Section       64  fdiv.o(.constdata)
    x$fpl$usenofp                            0x00001550   Section        0  usenofp.o(x$fpl$usenofp)
    fdiv_tab                                 0x00001550   Data          64  fdiv.o(.constdata)
    .data                                    0x20000000   Section        8  system_w7500x.o(.data)
    .data                                    0x20000008   Section        8  main.o(.data)
    .data                                    0x20000010   Section        8  retarget.o(.data)
    .data                                    0x20000018   Section        8  w7500x_it.o(.data)
    .bss                                     0x20000020   Section       16  main.o(.bss)
    .bss                                     0x20000030   Section     2048  w7500x_it.o(.bss)
    .bss                                     0x20000830   Section       96  libspace.o(.bss)
    HEAP                                     0x20000890   Section     1024  startup_w7500x.o(HEAP)
    Heap_Mem                                 0x20000890   Data        1024  startup_w7500x.o(HEAP)
    STACK                                    0x20000c90   Section     1024  startup_w7500x.o(STACK)
    Stack_Mem                                0x20000c90   Data        1024  startup_w7500x.o(STACK)
    __initial_sp                             0x20001090   Data           0  startup_w7500x.o(STACK)

    Global Symbols

    Symbol Name                              Value     Ov Type        Size  Object(Section)

    BuildAttributes$$THM_ISAv3M$S$PE$A:L22$X:L11$S22$IEEE1$IW$USESV6$~STKCKD$USESV7$~SHL$OSPACE$ROPI$EBA8$UX$STANDARDLIB$REQ8$PRES8$EABIv2 0x00000000   Number         0  anon$$obj.o ABSOLUTE
    __ARM_use_no_argv                        0x00000000   Number         0  main.o ABSOLUTE
    __Vectors                                0x00000000   Data           4  startup_w7500x.o(RESET)
    __ARM_exceptions_init                     - Undefined Weak Reference
    __alloca_initialize                       - Undefined Weak Reference
    __arm_preinit_                            - Undefined Weak Reference
    __cpp_initialize__aeabi_                  - Undefined Weak Reference
    __cxa_finalize                            - Undefined Weak Reference
    __rt_locale                               - Undefined Weak Reference
    __sigvec_lookup                           - Undefined Weak Reference
    _atexit_init                              - Undefined Weak Reference
    _call_atexit_fns                          - Undefined Weak Reference
    _clock_init                               - Undefined Weak Reference
    _fp_trap_init                             - Undefined Weak Reference
    _fp_trap_shutdown                         - Undefined Weak Reference
    _get_lc_collate                           - Undefined Weak Reference
    _get_lc_ctype                             - Undefined Weak Reference
    _get_lc_monetary                          - Undefined Weak Reference
    _get_lc_numeric                           - Undefined Weak Reference
    _get_lc_time                              - Undefined Weak Reference
    _getenv_init                              - Undefined Weak Reference
    _handle_redirection                       - Undefined Weak Reference
    _init_alloc                               - Undefined Weak Reference
    _init_user_alloc                          - Undefined Weak Reference
    _initio                                   - Undefined Weak Reference
    _printf_mbtowc                            - Undefined Weak Reference
    _printf_post_padding                      - Undefined Weak Reference
    _printf_pre_padding                       - Undefined Weak Reference
    _rand_init                                - Undefined Weak Reference
    _signal_finish                            - Undefined Weak Reference
    _signal_init                              - Undefined Weak Reference
    _terminate_alloc                          - Undefined Weak Reference
    _terminate_user_alloc                     - Undefined Weak Reference
    _terminateio                              - Undefined Weak Reference
    __Vectors_End                            0x000000a8   Data           0  startup_w7500x.o(RESET)
    __Vectors_Size                           0x000000a8   Number         0  startup_w7500x.o ABSOLUTE
    __main                                   0x000000a9   Thumb Code     8  __main.o(!!!main)
    __scatterload                            0x000000b1   Thumb Code     0  __scatter.o(!!!scatter)
    __scatterload_rt2                        0x000000b1   Thumb Code    52  __scatter.o(!!!scatter)
    __scatterload_rt2_thumb_only             0x000000b1   Thumb Code     0  __scatter.o(!!!scatter)
    __scatterload_null                       0x000000c1   Thumb Code     0  __scatter.o(!!!scatter)
    __scatterload_copy                       0x000000ed   Thumb Code    26  __scatter_copy.o(!!handler_copy)
    __scatterload_zeroinit                   0x00000109   Thumb Code    28  __scatter_zi.o(!!handler_zi)
    _printf_percent                          0x00000125   Thumb Code     0  _printf_percent.o(.ARM.Collect$$_printf_percent$$00000000)
    _printf_percent_end                      0x00000127   Thumb Code     0  _printf_percent_end.o(.ARM.Collect$$_printf_percent$$00000017)
    __rt_lib_init                            0x0000012b   Thumb Code     0  libinit.o(.ARM.Collect$$libinit$$00000000)
    __rt_lib_init_alloca_1                   0x0000012d   Thumb Code     0  libinit2.o(.ARM.Collect$$libinit$$0000002E)
    __rt_lib_init_argv_1                     0x0000012d   Thumb Code     0  libinit2.o(.ARM.Collect$$libinit$$0000002C)
    __rt_lib_init_atexit_1                   0x0000012d   Thumb Code     0  libinit2.o(.ARM.Collect$$libinit$$0000001B)
    __rt_lib_init_clock_1                    0x0000012d   Thumb Code     0  libinit2.o(.ARM.Collect$$libinit$$00000021)
    __rt_lib_init_cpp_1                      0x0000012d   Thumb Code     0  libinit2.o(.ARM.Collect$$libinit$$00000032)
    __rt_lib_init_exceptions_1               0x0000012d   Thumb Code     0  libinit2.o(.ARM.Collect$$libinit$$00000030)
    __rt_lib_init_fp_1                       0x0000012d   Thumb Code     0  libinit2.o(.ARM.Collect$$libinit$$00000002)
    __rt_lib_init_fp_trap_1                  0x0000012d   Thumb Code     0  libinit2.o(.ARM.Collect$$libinit$$0000001F)
    __rt_lib_init_getenv_1                   0x0000012d   Thumb Code     0  libinit2.o(.ARM.Collect$$libinit$$00000023)
    __rt_lib_init_heap_1                     0x0000012d   Thumb Code     0  libinit2.o(.ARM.Collect$$libinit$$0000000A)
    __rt_lib_init_lc_collate_1               0x0000012d   Thumb Code     0  libinit2.o(.ARM.Collect$$libinit$$00000011)
    __rt_lib_init_lc_ctype_1                 0x0000012d   Thumb Code     0  libinit2.o(.ARM.Collect$$libinit$$00000013)
    __rt_lib_init_lc_monetary_1              0x0000012d   Thumb Code     0  libinit2.o(.ARM.Collect$$libinit$$00000015)
    __rt_lib_init_lc_numeric_1               0x0000012d   Thumb Code     0  libinit2.o(.ARM.Collect$$libinit$$00000017)
    __rt_lib_init_lc_time_1                  0x0000012d   Thumb Code     0  libinit2.o(.ARM.Collect$$libinit$$00000019)
    __rt_lib_init_preinit_1                  0x0000012d   Thumb Code     0  libinit2.o(.ARM.Collect$$libinit$$00000004)
    __rt_lib_init_rand_1                     0x0000012d   Thumb Code     0  libinit2.o(.ARM.Collect$$libinit$$0000000E)
    __rt_lib_init_return                     0x0000012d   Thumb Code     0  libinit2.o(.ARM.Collect$$libinit$$00000033)
    __rt_lib_init_signal_1                   0x0000012d   Thumb Code     0  libinit2.o(.ARM.Collect$$libinit$$0000001D)
    __rt_lib_init_stdio_1                    0x0000012d   Thumb Code     0  libinit2.o(.ARM.Collect$$libinit$$00000025)
    __rt_lib_init_user_alloc_1               0x0000012d   Thumb Code     0  libinit2.o(.ARM.Collect$$libinit$$0000000C)
    __rt_lib_shutdown                        0x0000012f   Thumb Code     0  libshutdown.o(.ARM.Collect$$libshutdown$$00000000)
    __rt_lib_shutdown_fp_trap_1              0x00000131   Thumb Code     0  libshutdown2.o(.ARM.Collect$$libshutdown$$00000006)
    __rt_lib_shutdown_heap_1                 0x00000131   Thumb Code     0  libshutdown2.o(.ARM.Collect$$libshutdown$$0000000E)
    __rt_lib_shutdown_return                 0x00000131   Thumb Code     0  libshutdown2.o(.ARM.Collect$$libshutdown$$0000000F)
    __rt_lib_shutdown_signal_1               0x00000131   Thumb Code     0  libshutdown2.o(.ARM.Collect$$libshutdown$$00000009)
    __rt_lib_shutdown_stdio_1                0x00000131   Thumb Code     0  libshutdown2.o(.ARM.Collect$$libshutdown$$00000003)
    __rt_lib_shutdown_user_alloc_1           0x00000131   Thumb Code     0  libshutdown2.o(.ARM.Collect$$libshutdown$$0000000B)
    __rt_entry                               0x00000133   Thumb Code     0  __rtentry.o(.ARM.Collect$$rtentry$$00000000)
    __rt_entry_presh_1                       0x00000133   Thumb Code     0  __rtentry2.o(.ARM.Collect$$rtentry$$00000002)
    __rt_entry_sh                            0x00000133   Thumb Code     0  __rtentry4.o(.ARM.Collect$$rtentry$$00000004)
    __rt_entry_li                            0x00000139   Thumb Code     0  __rtentry2.o(.ARM.Collect$$rtentry$$0000000A)
    __rt_entry_postsh_1                      0x00000139   Thumb Code     0  __rtentry2.o(.ARM.Collect$$rtentry$$00000009)
    __rt_entry_main                          0x0000013d   Thumb Code     0  __rtentry2.o(.ARM.Collect$$rtentry$$0000000D)
    __rt_entry_postli_1                      0x0000013d   Thumb Code     0  __rtentry2.o(.ARM.Collect$$rtentry$$0000000C)
    __rt_exit                                0x00000145   Thumb Code     0  rtexit.o(.ARM.Collect$$rtexit$$00000000)
    __rt_exit_ls                             0x00000147   Thumb Code     0  rtexit2.o(.ARM.Collect$$rtexit$$00000003)
    __rt_exit_prels_1                        0x00000147   Thumb Code     0  rtexit2.o(.ARM.Collect$$rtexit$$00000002)
    __rt_exit_exit                           0x0000014b   Thumb Code     0  rtexit2.o(.ARM.Collect$$rtexit$$00000004)
    Reset_Handler                            0x00000151   Thumb Code     8  startup_w7500x.o(.text)
    RTC_Handler                              0x00000163   Thumb Code     0  startup_w7500x.o(.text)
    __user_initial_stackheap                 0x00000165   Thumb Code    10  startup_w7500x.o(.text)
    __I$use$semihosting                      0x00000189   Thumb Code     0  use_no_semi.o(.text)
    __use_no_semihosting_swi                 0x00000189   Thumb Code     2  use_no_semi.o(.text)
    __2printf                                0x0000018d   Thumb Code    22  noretval__2printf.o(.text)
    __printf                                 0x000001a9   Thumb Code   108  __printf.o(.text)
    __aeabi_uidiv                            0x00000215   Thumb Code     0  aeabi_sdiv.o(.text)
    __aeabi_uidivmod                         0x00000215   Thumb Code    20  aeabi_sdiv.o(.text)
    __aeabi_idiv                             0x00000229   Thumb Code     0  aeabi_sdiv.o(.text)
    __aeabi_idivmod                          0x00000229   Thumb Code   326  aeabi_sdiv.o(.text)
    __use_two_region_memory                  0x0000036f   Thumb Code     2  heapauxi.o(.text)
    __rt_heap_escrow$2region                 0x00000371   Thumb Code     2  heapauxi.o(.text)
    __rt_heap_expand$2region                 0x00000373   Thumb Code     2  heapauxi.o(.text)
    __aeabi_dadd                             0x0000066d   Thumb Code     0  daddsub.o(.text)
    _dadd                                    0x0000066d   Thumb Code    26  daddsub.o(.text)
    __aeabi_dsub                             0x00000687   Thumb Code     0  daddsub.o(.text)
    _dsub                                    0x00000687   Thumb Code    22  daddsub.o(.text)
    __aeabi_drsub                            0x0000069d   Thumb Code     0  daddsub.o(.text)
    _drsb                                    0x0000069d   Thumb Code    28  daddsub.o(.text)
    __aeabi_d2uiz                            0x000006cd   Thumb Code     0  dfixui.o(.text)
    _dfixu                                   0x000006cd   Thumb Code    68  dfixui.o(.text)
    __aeabi_f2d                              0x00000715   Thumb Code     0  f2d.o(.text)
    _f2d                                     0x00000715   Thumb Code    80  f2d.o(.text)
    __aeabi_fdiv                             0x00000769   Thumb Code     0  fdiv.o(.text)
    _fdiv                                    0x00000769   Thumb Code   334  fdiv.o(.text)
    _frdiv                                   0x000008b7   Thumb Code     8  fdiv.o(.text)
    __aeabi_f2uiz                            0x000008c9   Thumb Code     0  ffixui.o(.text)
    _ffixu                                   0x000008c9   Thumb Code    48  ffixui.o(.text)
    __aeabi_i2f_normalise                    0x000008f9   Thumb Code    72  fflti.o(.text)
    __aeabi_i2f                              0x00000941   Thumb Code    16  fflti.o(.text)
    _fflt                                    0x00000941   Thumb Code     0  fflti.o(.text)
    __aeabi_ui2f                             0x00000951   Thumb Code     6  fflti.o(.text)
    _ffltu                                   0x00000951   Thumb Code     0  fflti.o(.text)
    _printf_char_file                        0x00000959   Thumb Code    34  _printf_char_file.o(.text)
    _printf_char_common                      0x0000098b   Thumb Code    32  _printf_char_common.o(.text)
    __user_setup_stackheap                   0x000009b1   Thumb Code    62  sys_stackheap_outer.o(.text)
    exit                                     0x000009ef   Thumb Code    12  exit.o(.text)
    __user_libspace                          0x000009fd   Thumb Code     8  libspace.o(.text)
    __user_perproc_libspace                  0x000009fd   Thumb Code     0  libspace.o(.text)
    __user_perthread_libspace                0x000009fd   Thumb Code     0  libspace.o(.text)
    ADC_Handler                              0x00000a05   Thumb Code     2  w7500x_it.o(i.ADC_Handler)
    DMA_Handler                              0x00000a07   Thumb Code     2  w7500x_it.o(i.DMA_Handler)
    DUALTIMER0_Handler                       0x00000a09   Thumb Code     2  w7500x_it.o(i.DUALTIMER0_Handler)
    DUALTIMER1_Handler                       0x00000a0b   Thumb Code     2  w7500x_it.o(i.DUALTIMER1_Handler)
    EXTI_Handler                             0x00000a0d   Thumb Code     2  w7500x_it.o(i.EXTI_Handler)
    GPIO_Init                                0x00000a11   Thumb Code   272  w7500x_gpio.o(i.GPIO_Init)
    GPIO_ResetBits                           0x00000b25   Thumb Code    32  w7500x_gpio.o(i.GPIO_ResetBits)
    GPIO_SetBits                             0x00000b45   Thumb Code    26  w7500x_gpio.o(i.GPIO_SetBits)
    GetSystemClock                           0x00000b61   Thumb Code     6  system_w7500x.o(i.GetSystemClock)
    HardFault_Handler                        0x00000b6d   Thumb Code     2  w7500x_it.o(i.HardFault_Handler)
    I2C0_Handler                             0x00000b6f   Thumb Code     2  w7500x_it.o(i.I2C0_Handler)
    I2C1_Handler                             0x00000b71   Thumb Code     2  w7500x_it.o(i.I2C1_Handler)
    NMI_Handler                              0x00000b73   Thumb Code     2  w7500x_it.o(i.NMI_Handler)
    PAD_AFConfig                             0x00000b9d   Thumb Code   198  w7500x_gpio.o(i.PAD_AFConfig)
    PORT0_Handler                            0x00000c69   Thumb Code     2  w7500x_it.o(i.PORT0_Handler)
    PORT1_Handler                            0x00000c6b   Thumb Code     2  w7500x_it.o(i.PORT1_Handler)
    PORT2_Handler                            0x00000c6d   Thumb Code     2  w7500x_it.o(i.PORT2_Handler)
    PORT3_Handler                            0x00000c6f   Thumb Code     2  w7500x_it.o(i.PORT3_Handler)
    PWM0_Handler                             0x00000c71   Thumb Code     2  w7500x_it.o(i.PWM0_Handler)
    PWM1_Handler                             0x00000c73   Thumb Code     2  w7500x_it.o(i.PWM1_Handler)
    PWM2_Handler                             0x00000c75   Thumb Code     2  w7500x_it.o(i.PWM2_Handler)
    PWM3_Handler                             0x00000c77   Thumb Code     2  w7500x_it.o(i.PWM3_Handler)
    PWM4_Handler                             0x00000c79   Thumb Code     2  w7500x_it.o(i.PWM4_Handler)
    PWM5_Handler                             0x00000c7b   Thumb Code     2  w7500x_it.o(i.PWM5_Handler)
    PWM6_Handler                             0x00000c7d   Thumb Code     2  w7500x_it.o(i.PWM6_Handler)
    PWM7_Handler                             0x00000c7f   Thumb Code     2  w7500x_it.o(i.PWM7_Handler)
    PendSV_Handler                           0x00000c81   Thumb Code     2  w7500x_it.o(i.PendSV_Handler)
    SSP0_Handler                             0x00000c83   Thumb Code     2  w7500x_it.o(i.SSP0_Handler)
    SSP1_Handler                             0x00000c85   Thumb Code     2  w7500x_it.o(i.SSP1_Handler)
    SVC_Handler                              0x00000c87   Thumb Code     2  w7500x_it.o(i.SVC_Handler)
    S_UART_Init                              0x00000c89   Thumb Code    72  w7500x_uart.o(i.S_UART_Init)
    SysTick_Handler                          0x00000cdd   Thumb Code     2  w7500x_it.o(i.SysTick_Handler)
    SystemInit                               0x00000ce1   Thumb Code    94  system_w7500x.o(i.SystemInit)
    UART0_Handler                            0x00000d55   Thumb Code   132  w7500x_it.o(i.UART0_Handler)
    UART1_Handler                            0x00000ded   Thumb Code   132  w7500x_it.o(i.UART1_Handler)
    UART2_Handler                            0x00000e85   Thumb Code     2  w7500x_it.o(i.UART2_Handler)
    UART_ClearITPendingBit                   0x00000e87   Thumb Code     8  w7500x_uart.o(i.UART_ClearITPendingBit)
    UART_GetITStatus                         0x00000e8f   Thumb Code    20  w7500x_uart.o(i.UART_GetITStatus)
    UART_ITConfig                            0x00000ea3   Thumb Code    20  w7500x_uart.o(i.UART_ITConfig)
    UART_Init                                0x00000eb9   Thumb Code   206  w7500x_uart.o(i.UART_Init)
    UART_ReceiveData                         0x00000f99   Thumb Code     8  w7500x_uart.o(i.UART_ReceiveData)
    UART_SendData                            0x00000fa1   Thumb Code     4  w7500x_uart.o(i.UART_SendData)
    UART_StructInit                          0x00000fa5   Thumb Code    28  w7500x_uart.o(i.UART_StructInit)
    UartGetc_nonblk                          0x00000fc1   Thumb Code   168  wizfi250handler.o(i.UartGetc_nonblk)
    UartPutc                                 0x00001095   Thumb Code    30  w7500x_uart.o(i.UartPutc)
    WZTOE_Handler                            0x000010b3   Thumb Code     2  w7500x_it.o(i.WZTOE_Handler)
    WizFi250_BypassMode                      0x000010b5   Thumb Code    74  main.o(i.WizFi250_BypassMode)
    WizFi250_Restart                         0x00001169   Thumb Code    54  wizfi250handler.o(i.WizFi250_Restart)
    _sys_exit                                0x0000119f   Thumb Code     4  retarget.o(i._sys_exit)
    delay_ms                                 0x000011a5   Thumb Code    30  wizfi250handler.o(i.delay_ms)
    ferror                                   0x000011c9   Thumb Code     8  retarget.o(i.ferror)
    fputc                                    0x000011d1   Thumb Code    16  retarget.o(i.fputc)
    main                                     0x000011e5   Thumb Code   198  main.o(i.main)
    __aeabi_fadd                             0x0000132d   Thumb Code     0  faddsub.o(x$fpl$fadd)
    _fadd                                    0x0000132d   Thumb Code   134  faddsub.o(x$fpl$fadd)
    __aeabi_fmul                             0x000013b9   Thumb Code     0  fmul.o(x$fpl$fmul)
    _fmul                                    0x000013b9   Thumb Code   172  fmul.o(x$fpl$fmul)
    __aeabi_frsub                            0x00001469   Thumb Code     0  faddsub.o(x$fpl$frsb)
    _frsb                                    0x00001469   Thumb Code    24  faddsub.o(x$fpl$frsb)
    __aeabi_fsub                             0x00001481   Thumb Code     0  faddsub.o(x$fpl$fsub)
    _fsub                                    0x00001481   Thumb Code   204  faddsub.o(x$fpl$fsub)
    __I$use$fp                               0x00001550   Number         0  usenofp.o(x$fpl$usenofp)
    Region$$Table$$Base                      0x00001590   Number         0  anon$$obj.o(Region$$Table)
    Region$$Table$$Limit                     0x000015b0   Number         0  anon$$obj.o(Region$$Table)
    SystemFrequency                          0x20000000   Data           4  system_w7500x.o(.data)
    SystemCoreClock                          0x20000004   Data           4  system_w7500x.o(.data)
    GPIO_InitDef                             0x20000008   Data           8  main.o(.data)
    __stdout                                 0x20000010   Data           4  retarget.o(.data)
    __stdin                                  0x20000014   Data           4  retarget.o(.data)
    u0rx_wr                                  0x20000018   Data           2  w7500x_it.o(.data)
    u0rx_rd                                  0x2000001a   Data           2  w7500x_it.o(.data)
    u1rx_wr                                  0x2000001c   Data           2  w7500x_it.o(.data)
    u1rx_rd                                  0x2000001e   Data           2  w7500x_it.o(.data)
    UART_InitStructure                       0x20000020   Data          16  main.o(.bss)
    u0rx_buf                                 0x20000030   Data        1024  w7500x_it.o(.bss)
    u1rx_buf                                 0x20000430   Data        1024  w7500x_it.o(.bss)
    __libspace_start                         0x20000830   Data          96  libspace.o(.bss)
    __temporary_stack_top$libspace           0x20000890   Data           0  libspace.o(.bss)



==============================================================================

Memory Map of the image

  Image Entry point : 0x000000a9

  Load Region LR_IROM1 (Base: 0x00000000, Size: 0x000015d0, Max: 0x00020000, ABSOLUTE)

    Execution Region ER_IROM1 (Base: 0x00000000, Size: 0x000015b0, Max: 0x00020000, ABSOLUTE)

    Base Addr    Size         Type   Attr      Idx    E Section Name        Object

    0x00000000   0x000000a8   Data   RO            3    RESET               startup_w7500x.o
    0x000000a8   0x00000008   Code   RO          809  * !!!main             c_p.l(__main.o)
    0x000000b0   0x0000003c   Code   RO         1002    !!!scatter          c_p.l(__scatter.o)
    0x000000ec   0x0000001a   Code   RO         1004    !!handler_copy      c_p.l(__scatter_copy.o)
    0x00000106   0x00000002   PAD
    0x00000108   0x0000001c   Code   RO         1006    !!handler_zi        c_p.l(__scatter_zi.o)
    0x00000124   0x00000002   Code   RO          798    .ARM.Collect$$_printf_percent$$00000000  c_p.l(_printf_percent.o)
    0x00000126   0x00000004   Code   RO          841    .ARM.Collect$$_printf_percent$$00000017  c_p.l(_printf_percent_end.o)
    0x0000012a   0x00000002   Code   RO          878    .ARM.Collect$$libinit$$00000000  c_p.l(libinit.o)
    0x0000012c   0x00000000   Code   RO          892    .ARM.Collect$$libinit$$00000002  c_p.l(libinit2.o)
    0x0000012c   0x00000000   Code   RO          894    .ARM.Collect$$libinit$$00000004  c_p.l(libinit2.o)
    0x0000012c   0x00000000   Code   RO          897    .ARM.Collect$$libinit$$0000000A  c_p.l(libinit2.o)
    0x0000012c   0x00000000   Code   RO          899    .ARM.Collect$$libinit$$0000000C  c_p.l(libinit2.o)
    0x0000012c   0x00000000   Code   RO          901    .ARM.Collect$$libinit$$0000000E  c_p.l(libinit2.o)
    0x0000012c   0x00000000   Code   RO          904    .ARM.Collect$$libinit$$00000011  c_p.l(libinit2.o)
    0x0000012c   0x00000000   Code   RO          906    .ARM.Collect$$libinit$$00000013  c_p.l(libinit2.o)
    0x0000012c   0x00000000   Code   RO          908    .ARM.Collect$$libinit$$00000015  c_p.l(libinit2.o)
    0x0000012c   0x00000000   Code   RO          910    .ARM.Collect$$libinit$$00000017  c_p.l(libinit2.o)
    0x0000012c   0x00000000   Code   RO          912    .ARM.Collect$$libinit$$00000019  c_p.l(libinit2.o)
    0x0000012c   0x00000000   Code   RO          914    .ARM.Collect$$libinit$$0000001B  c_p.l(libinit2.o)
    0x0000012c   0x00000000   Code   RO          916    .ARM.Collect$$libinit$$0000001D  c_p.l(libinit2.o)
    0x0000012c   0x00000000   Code   RO          918    .ARM.Collect$$libinit$$0000001F  c_p.l(libinit2.o)
    0x0000012c   0x00000000   Code   RO          920    .ARM.Collect$$libinit$$00000021  c_p.l(libinit2.o)
    0x0000012c   0x00000000   Code   RO          922    .ARM.Collect$$libinit$$00000023  c_p.l(libinit2.o)
    0x0000012c   0x00000000   Code   RO          924    .ARM.Collect$$libinit$$00000025  c_p.l(libinit2.o)
    0x0000012c   0x00000000   Code   RO          928    .ARM.Collect$$libinit$$0000002C  c_p.l(libinit2.o)
    0x0000012c   0x00000000   Code   RO          930    .ARM.Collect$$libinit$$0000002E  c_p.l(libinit2.o)
    0x0000012c   0x00000000   Code   RO          932    .ARM.Collect$$libinit$$00000030  c_p.l(libinit2.o)
    0x0000012c   0x00000000   Code   RO          934    .ARM.Collect$$libinit$$00000032  c_p.l(libinit2.o)
    0x0000012c   0x00000002   Code   RO          935    .ARM.Collect$$libinit$$00000033  c_p.l(libinit2.o)
    0x0000012e   0x00000002   Code   RO          959    .ARM.Collect$$libshutdown$$00000000  c_p.l(libshutdown.o)
    0x00000130   0x00000000   Code   RO          986    .ARM.Collect$$libshutdown$$00000003  c_p.l(libshutdown2.o)
    0x00000130   0x00000000   Code   RO          989    .ARM.Collect$$libshutdown$$00000006  c_p.l(libshutdown2.o)
    0x00000130   0x00000000   Code   RO          992    .ARM.Collect$$libshutdown$$00000009  c_p.l(libshutdown2.o)
    0x00000130   0x00000000   Code   RO          994    .ARM.Collect$$libshutdown$$0000000B  c_p.l(libshutdown2.o)
    0x00000130   0x00000000   Code   RO          997    .ARM.Collect$$libshutdown$$0000000E  c_p.l(libshutdown2.o)
    0x00000130   0x00000002   Code   RO          998    .ARM.Collect$$libshutdown$$0000000F  c_p.l(libshutdown2.o)
    0x00000132   0x00000000   Code   RO          832    .ARM.Collect$$rtentry$$00000000  c_p.l(__rtentry.o)
    0x00000132   0x00000000   Code   RO          844    .ARM.Collect$$rtentry$$00000002  c_p.l(__rtentry2.o)
    0x00000132   0x00000006   Code   RO          856    .ARM.Collect$$rtentry$$00000004  c_p.l(__rtentry4.o)
    0x00000138   0x00000000   Code   RO          846    .ARM.Collect$$rtentry$$00000009  c_p.l(__rtentry2.o)
    0x00000138   0x00000004   Code   RO          847    .ARM.Collect$$rtentry$$0000000A  c_p.l(__rtentry2.o)
    0x0000013c   0x00000000   Code   RO          849    .ARM.Collect$$rtentry$$0000000C  c_p.l(__rtentry2.o)
    0x0000013c   0x00000008   Code   RO          850    .ARM.Collect$$rtentry$$0000000D  c_p.l(__rtentry2.o)
    0x00000144   0x00000002   Code   RO          883    .ARM.Collect$$rtexit$$00000000  c_p.l(rtexit.o)
    0x00000146   0x00000000   Code   RO          937    .ARM.Collect$$rtexit$$00000002  c_p.l(rtexit2.o)
    0x00000146   0x00000004   Code   RO          938    .ARM.Collect$$rtexit$$00000003  c_p.l(rtexit2.o)
    0x0000014a   0x00000006   Code   RO          939    .ARM.Collect$$rtexit$$00000004  c_p.l(rtexit2.o)
    0x00000150   0x00000038   Code   RO            4    .text               startup_w7500x.o
    0x00000188   0x00000002   Code   RO          767    .text               c_p.l(use_no_semi.o)
    0x0000018a   0x00000002   PAD
    0x0000018c   0x0000001c   Code   RO          771    .text               c_p.l(noretval__2printf.o)
    0x000001a8   0x0000006c   Code   RO          773    .text               c_p.l(__printf.o)
    0x00000214   0x0000015a   Code   RO          803    .text               c_p.l(aeabi_sdiv.o)
    0x0000036e   0x00000006   Code   RO          807    .text               c_p.l(heapauxi.o)
    0x00000374   0x00000358   Code   RO          811    .text               fz_ps.l(daddsub.o)
    0x000006cc   0x00000048   Code   RO          813    .text               fz_ps.l(dfixui.o)
    0x00000714   0x00000054   Code   RO          815    .text               fz_ps.l(f2d.o)
    0x00000768   0x00000160   Code   RO          823    .text               fz_ps.l(fdiv.o)
    0x000008c8   0x00000030   Code   RO          826    .text               fz_ps.l(ffixui.o)
    0x000008f8   0x0000005e   Code   RO          828    .text               fz_ps.l(fflti.o)
    0x00000956   0x00000002   PAD
    0x00000958   0x00000028   Code   RO          839    .text               c_p.l(_printf_char_file.o)
    0x00000980   0x00000030   Code   RO          860    .text               c_p.l(_printf_char_common.o)
    0x000009b0   0x0000003e   Code   RO          862    .text               c_p.l(sys_stackheap_outer.o)
    0x000009ee   0x0000000c   Code   RO          867    .text               c_p.l(exit.o)
    0x000009fa   0x00000002   PAD
    0x000009fc   0x00000008   Code   RO          879    .text               c_p.l(libspace.o)
    0x00000a04   0x00000002   Code   RO          520    i.ADC_Handler       w7500x_it.o
    0x00000a06   0x00000002   Code   RO          521    i.DMA_Handler       w7500x_it.o
    0x00000a08   0x00000002   Code   RO          522    i.DUALTIMER0_Handler  w7500x_it.o
    0x00000a0a   0x00000002   Code   RO          523    i.DUALTIMER1_Handler  w7500x_it.o
    0x00000a0c   0x00000002   Code   RO          524    i.EXTI_Handler      w7500x_it.o
    0x00000a0e   0x00000002   PAD
    0x00000a10   0x00000114   Code   RO          110    i.GPIO_Init         w7500x_gpio.o
    0x00000b24   0x00000020   Code   RO          116    i.GPIO_ResetBits    w7500x_gpio.o
    0x00000b44   0x0000001a   Code   RO          117    i.GPIO_SetBits      w7500x_gpio.o
    0x00000b5e   0x00000002   PAD
    0x00000b60   0x0000000c   Code   RO           12    i.GetSystemClock    system_w7500x.o
    0x00000b6c   0x00000002   Code   RO          525    i.HardFault_Handler  w7500x_it.o
    0x00000b6e   0x00000002   Code   RO          526    i.I2C0_Handler      w7500x_it.o
    0x00000b70   0x00000002   Code   RO          527    i.I2C1_Handler      w7500x_it.o
    0x00000b72   0x00000002   Code   RO          528    i.NMI_Handler       w7500x_it.o
    0x00000b74   0x00000014   Code   RO          410    i.NVIC_ClearPendingIRQ  main.o
    0x00000b88   0x00000014   Code   RO          411    i.NVIC_EnableIRQ    main.o
    0x00000b9c   0x000000cc   Code   RO          121    i.PAD_AFConfig      w7500x_gpio.o
    0x00000c68   0x00000002   Code   RO          529    i.PORT0_Handler     w7500x_it.o
    0x00000c6a   0x00000002   Code   RO          530    i.PORT1_Handler     w7500x_it.o
    0x00000c6c   0x00000002   Code   RO          531    i.PORT2_Handler     w7500x_it.o
    0x00000c6e   0x00000002   Code   RO          532    i.PORT3_Handler     w7500x_it.o
    0x00000c70   0x00000002   Code   RO          533    i.PWM0_Handler      w7500x_it.o
    0x00000c72   0x00000002   Code   RO          534    i.PWM1_Handler      w7500x_it.o
    0x00000c74   0x00000002   Code   RO          535    i.PWM2_Handler      w7500x_it.o
    0x00000c76   0x00000002   Code   RO          536    i.PWM3_Handler      w7500x_it.o
    0x00000c78   0x00000002   Code   RO          537    i.PWM4_Handler      w7500x_it.o
    0x00000c7a   0x00000002   Code   RO          538    i.PWM5_Handler      w7500x_it.o
    0x00000c7c   0x00000002   Code   RO          539    i.PWM6_Handler      w7500x_it.o
    0x00000c7e   0x00000002   Code   RO          540    i.PWM7_Handler      w7500x_it.o
    0x00000c80   0x00000002   Code   RO          541    i.PendSV_Handler    w7500x_it.o
    0x00000c82   0x00000002   Code   RO          542    i.SSP0_Handler      w7500x_it.o
    0x00000c84   0x00000002   Code   RO          543    i.SSP1_Handler      w7500x_it.o
    0x00000c86   0x00000002   Code   RO          544    i.SVC_Handler       w7500x_it.o
    0x00000c88   0x00000054   Code   RO          245    i.S_UART_Init       w7500x_uart.o
    0x00000cdc   0x00000002   Code   RO          545    i.SysTick_Handler   w7500x_it.o
    0x00000cde   0x00000002   PAD
    0x00000ce0   0x00000074   Code   RO           14    i.SystemInit        system_w7500x.o
    0x00000d54   0x00000098   Code   RO          546    i.UART0_Handler     w7500x_it.o
    0x00000dec   0x00000098   Code   RO          547    i.UART1_Handler     w7500x_it.o
    0x00000e84   0x00000002   Code   RO          548    i.UART2_Handler     w7500x_it.o
    0x00000e86   0x00000008   Code   RO          251    i.UART_ClearITPendingBit  w7500x_uart.o
    0x00000e8e   0x00000014   Code   RO          255    i.UART_GetITStatus  w7500x_uart.o
    0x00000ea2   0x00000014   Code   RO          257    i.UART_ITConfig     w7500x_uart.o
    0x00000eb6   0x00000002   PAD
    0x00000eb8   0x000000e0   Code   RO          258    i.UART_Init         w7500x_uart.o
    0x00000f98   0x00000008   Code   RO          259    i.UART_ReceiveData  w7500x_uart.o
    0x00000fa0   0x00000004   Code   RO          261    i.UART_SendData     w7500x_uart.o
    0x00000fa4   0x0000001c   Code   RO          262    i.UART_StructInit   w7500x_uart.o
    0x00000fc0   0x000000d4   Code   RO          718    i.UartGetc_nonblk   wizfi250handler.o
    0x00001094   0x0000001e   Code   RO          264    i.UartPutc          w7500x_uart.o
    0x000010b2   0x00000002   Code   RO          549    i.WZTOE_Handler     w7500x_it.o
    0x000010b4   0x000000b4   Code   RO          412    i.WizFi250_BypassMode  main.o
    0x00001168   0x00000036   Code   RO          720    i.WizFi250_Restart  wizfi250handler.o
    0x0000119e   0x00000004   Code   RO          460    i._sys_exit         retarget.o
    0x000011a2   0x00000002   PAD
    0x000011a4   0x00000024   Code   RO          721    i.delay_ms          wizfi250handler.o
    0x000011c8   0x00000008   Code   RO          462    i.ferror            retarget.o
    0x000011d0   0x00000014   Code   RO          464    i.fputc             retarget.o
    0x000011e4   0x00000148   Code   RO          413    i.main              main.o
    0x0000132c   0x0000008c   Code   RO          817    x$fpl$fadd          fz_ps.l(faddsub.o)
    0x000013b8   0x000000b0   Code   RO          830    x$fpl$fmul          fz_ps.l(fmul.o)
    0x00001468   0x00000018   Code   RO          818    x$fpl$frsb          fz_ps.l(faddsub.o)
    0x00001480   0x000000d0   Code   RO          819    x$fpl$fsub          fz_ps.l(faddsub.o)
    0x00001550   0x00000000   Code   RO          842    x$fpl$usenofp       fz_ps.l(usenofp.o)
    0x00001550   0x00000040   Data   RO          824    .constdata          fz_ps.l(fdiv.o)
    0x00001590   0x00000020   Data   RO         1000    Region$$Table       anon$$obj.o


    Execution Region RW_IRAM1 (Base: 0x20000000, Size: 0x00001090, Max: 0x00004000, ABSOLUTE)

    Base Addr    Size         Type   Attr      Idx    E Section Name        Object

    0x20000000   0x00000008   Data   RW           15    .data               system_w7500x.o
    0x20000008   0x00000008   Data   RW          415    .data               main.o
    0x20000010   0x00000008   Data   RW          465    .data               retarget.o
    0x20000018   0x00000008   Data   RW          551    .data               w7500x_it.o
    0x20000020   0x00000010   Zero   RW          414    .bss                main.o
    0x20000030   0x00000800   Zero   RW          550    .bss                w7500x_it.o
    0x20000830   0x00000060   Zero   RW          880    .bss                c_p.l(libspace.o)
    0x20000890   0x00000400   Zero   RW            2    HEAP                startup_w7500x.o
    0x20000c90   0x00000400   Zero   RW            1    STACK               startup_w7500x.o


==============================================================================

Image component sizes


      Code (inc. data)   RO Data    RW Data    ZI Data      Debug   Object Name

       548        248          0          8         16       7907   main.o
        32          4          0          8          0       3251   retarget.o
        56         26        168          0       2048        772   startup_w7500x.o
       128         28          0          8          0      31980   system_w7500x.o
       538         10          0          0          0       3087   w7500x_gpio.o
       360         40          0          8       2048      12608   w7500x_it.o
       426         30          0          0          0       5902   w7500x_uart.o
       302         50          0          0          0       2216   wizfi250handler.o

    ----------------------------------------------------------------------
      2400        436        200         32       4112      67723   Object Totals
         0          0         32          0          0          0   (incl. Generated)
        10          0          0          0          0          0   (incl. Padding)

    ----------------------------------------------------------------------

      Code (inc. data)   RO Data    RW Data    ZI Data      Debug   Library Member Name

         8          0          0          0          0         68   __main.o
       108          0          0          0          0         76   __printf.o
         0          0          0          0          0          0   __rtentry.o
        12          0          0          0          0          0   __rtentry2.o
         6          0          0          0          0          0   __rtentry4.o
        60          8          0          0          0          0   __scatter.o
        26          0          0          0          0          0   __scatter_copy.o
        28          0          0          0          0          0   __scatter_zi.o
        48          6          0          0          0         88   _printf_char_common.o
        40          6          0          0          0         72   _printf_char_file.o
         2          0          0          0          0          0   _printf_percent.o
         4          0          0          0          0          0   _printf_percent_end.o
       346          0          0          0          0         92   aeabi_sdiv.o
        12          0          0          0          0         64   exit.o
         6          0          0          0          0        136   heapauxi.o
         2          0          0          0          0          0   libinit.o
         2          0          0          0          0          0   libinit2.o
         2          0          0          0          0          0   libshutdown.o
         2          0          0          0          0          0   libshutdown2.o
         8          4          0          0         96         68   libspace.o
        28          6          0          0          0         84   noretval__2printf.o
         2          0          0          0          0          0   rtexit.o
        10          0          0          0          0          0   rtexit2.o
        62          0          0          0          0         80   sys_stackheap_outer.o
         2          0          0          0          0         68   use_no_semi.o
       856         20          0          0          0        208   daddsub.o
        72          4          0          0          0         68   dfixui.o
        84          4          0          0          0         60   f2d.o
       372          8          0          0          0        240   faddsub.o
       352         10         64          0          0         92   fdiv.o
        48          0          0          0          0         60   ffixui.o
        94          0          0          0          0         92   fflti.o
       176          4          0          0          0         80   fmul.o
         0          0          0          0          0          0   usenofp.o

    ----------------------------------------------------------------------
      2888         80         64          0         96       1796   Library Totals
         8          0          0          0          0          0   (incl. Padding)

    ----------------------------------------------------------------------

      Code (inc. data)   RO Data    RW Data    ZI Data      Debug   Library Name

       826         30          0          0         96        896   c_p.l
      2054         50         64          0          0        900   fz_ps.l

    ----------------------------------------------------------------------
      2888         80         64          0         96       1796   Library Totals

    ----------------------------------------------------------------------

==============================================================================


      Code (inc. data)   RO Data    RW Data    ZI Data      Debug   

      5288        516        264         32       4208      66527   Grand Totals
      5288        516        264         32       4208      66527   ELF Image Totals
      5288        516        264         32          0          0   ROM Totals

==============================================================================

    Total RO  Size (Code + RO Data)                 5552 (   5.42kB)
    Total RW  Size (RW Data + ZI Data)              4240 (   4.14kB)
    Total ROM Size (Code + RO Data + RW Data)       5584 (   5.45kB)

==============================================================================

